Java HotSpot(TM) 64-Bit Server VM (25.291-b10) for windows-amd64 JRE (1.8.0_291-b10), built on Apr  9 2021 00:02:00 by "java_re" with MS VC++ 15.9 (VS2017)
Memory: 4k page, physical 16669968k(6546668k free), swap 28204304k(17139116k free)
CommandLine flags: -XX:InitialHeapSize=536870912 -XX:MaxHeapSize=536870912 -XX:MaxNewSize=178958336 -XX:MaxTenuringThreshold=6 -XX:NewSize=178958336 -XX:OldPLABSize=16 -XX:OldSize=357912576 -XX:+PrintGC -XX:+PrintGCDateStamps -XX:+PrintGCDetails -XX:+PrintGCTimeStamps -XX:+UseCompressedClassPointers -XX:+UseCompressedOops -XX:+UseConcMarkSweepGC -XX:-UseLargePagesIndividualAllocation -XX:+UseParNewGC 
2021-08-15T23:17:54.222+0800: 0.145: [GC (Allocation Failure) 2021-08-15T23:17:54.224+0800: 0.147: [ParNew: 139648K->17468K(157248K), 0.0095077 secs] 139648K->42515K(506816K), 0.0118045 secs] [Times: user=0.00 sys=0.00, real=0.01 secs] 
2021-08-15T23:17:54.256+0800: 0.179: [GC (Allocation Failure) 2021-08-15T23:17:54.256+0800: 0.179: [ParNew: 157121K->17462K(157248K), 0.0120642 secs] 182169K->85416K(506816K), 0.0121525 secs] [Times: user=0.00 sys=0.00, real=0.01 secs] 
2021-08-15T23:17:54.288+0800: 0.212: [GC (Allocation Failure) 2021-08-15T23:17:54.288+0800: 0.212: [ParNew: 157238K->17472K(157248K), 0.0200506 secs] 225192K->126271K(506816K), 0.0201372 secs] [Times: user=0.11 sys=0.01, real=0.02 secs] 
2021-08-15T23:17:54.329+0800: 0.253: [GC (Allocation Failure) 2021-08-15T23:17:54.329+0800: 0.253: [ParNew: 157248K->17471K(157248K), 0.0197727 secs] 266047K->167793K(506816K), 0.0198591 secs] [Times: user=0.23 sys=0.02, real=0.02 secs] 
2021-08-15T23:17:54.369+0800: 0.293: [GC (Allocation Failure) 2021-08-15T23:17:54.369+0800: 0.293: [ParNew: 157247K->17472K(157248K), 0.0207225 secs] 307569K->211755K(506816K), 0.0208040 secs] [Times: user=0.11 sys=0.01, real=0.02 secs] 
2021-08-15T23:17:54.390+0800: 0.314: [GC (CMS Initial Mark) [1 CMS-initial-mark: 194283K(349568K)] 215304K(506816K), 0.0004439 secs] [Times: user=0.00 sys=0.00, real=0.00 secs] 
2021-08-15T23:17:54.391+0800: 0.315: [CMS-concurrent-mark-start]
2021-08-15T23:17:54.392+0800: 0.316: [CMS-concurrent-mark: 0.002/0.002 secs] [Times: user=0.00 sys=0.00, real=0.00 secs] 
2021-08-15T23:17:54.392+0800: 0.316: [CMS-concurrent-preclean-start]
2021-08-15T23:17:54.393+0800: 0.317: [CMS-concurrent-preclean: 0.001/0.001 secs] [Times: user=0.00 sys=0.00, real=0.00 secs] 
2021-08-15T23:17:54.393+0800: 0.317: [CMS-concurrent-abortable-preclean-start]
2021-08-15T23:17:54.412+0800: 0.336: [GC (Allocation Failure) 2021-08-15T23:17:54.412+0800: 0.336: [ParNew: 157248K->17465K(157248K), 0.0189604 secs] 351531K->251921K(506816K), 0.0190461 secs] [Times: user=0.09 sys=0.03, real=0.02 secs] 
2021-08-15T23:17:54.450+0800: 0.373: [GC (Allocation Failure) 2021-08-15T23:17:54.450+0800: 0.373: [ParNew: 157241K->17471K(157248K), 0.0213619 secs] 391697K->297027K(506816K), 0.0214489 secs] [Times: user=0.11 sys=0.02, real=0.02 secs] 
2021-08-15T23:17:54.490+0800: 0.414: [GC (Allocation Failure) 2021-08-15T23:17:54.490+0800: 0.414: [ParNew: 157247K->17471K(157248K), 0.0221559 secs] 436803K->344369K(506816K), 0.0222361 secs] [Times: user=0.11 sys=0.02, real=0.02 secs] 
2021-08-15T23:17:54.513+0800: 0.437: [CMS-concurrent-abortable-preclean: 0.003/0.120 secs] [Times: user=0.39 sys=0.06, real=0.12 secs] 
2021-08-15T23:17:54.514+0800: 0.437: [GC (CMS Final Remark) [YG occupancy: 28773 K (157248 K)]2021-08-15T23:17:54.514+0800: 0.437: [Rescan (parallel) , 0.0005636 secs]2021-08-15T23:17:54.514+0800: 0.438: [weak refs processing, 0.0000127 secs]2021-08-15T23:17:54.514+0800: 0.438: [class unloading, 0.0002142 secs]2021-08-15T23:17:54.515+0800: 0.438: [scrub symbol table, 0.0003145 secs]2021-08-15T23:17:54.515+0800: 0.439: [scrub string table, 0.0001033 secs][1 CMS-remark: 326898K(349568K)] 355672K(506816K), 0.0012947 secs] [Times: user=0.00 sys=0.00, real=0.00 secs] 
2021-08-15T23:17:54.515+0800: 0.439: [CMS-concurrent-sweep-start]
2021-08-15T23:17:54.516+0800: 0.440: [CMS-concurrent-sweep: 0.001/0.001 secs] [Times: user=0.00 sys=0.00, real=0.00 secs] 
2021-08-15T23:17:54.516+0800: 0.440: [CMS-concurrent-reset-start]
2021-08-15T23:17:54.517+0800: 0.441: [CMS-concurrent-reset: 0.001/0.001 secs] [Times: user=0.00 sys=0.00, real=0.00 secs] 
2021-08-15T23:17:54.533+0800: 0.457: [GC (Allocation Failure) 2021-08-15T23:17:54.533+0800: 0.457: [ParNew: 157247K->17471K(157248K), 0.0135310 secs] 447445K->354120K(506816K), 0.0136166 secs] [Times: user=0.11 sys=0.00, real=0.01 secs] 
2021-08-15T23:17:54.547+0800: 0.470: [GC (CMS Initial Mark) [1 CMS-initial-mark: 336649K(349568K)] 357133K(506816K), 0.0005006 secs] [Times: user=0.00 sys=0.00, real=0.00 secs] 
2021-08-15T23:17:54.547+0800: 0.471: [CMS-concurrent-mark-start]
2021-08-15T23:17:54.549+0800: 0.473: [CMS-concurrent-mark: 0.002/0.002 secs] [Times: user=0.00 sys=0.00, real=0.00 secs] 
2021-08-15T23:17:54.549+0800: 0.473: [CMS-concurrent-preclean-start]
2021-08-15T23:17:54.549+0800: 0.473: [CMS-concurrent-preclean: 0.000/0.000 secs] [Times: user=0.00 sys=0.00, real=0.00 secs] 
2021-08-15T23:17:54.549+0800: 0.473: [CMS-concurrent-abortable-preclean-start]
2021-08-15T23:17:54.549+0800: 0.473: [CMS-concurrent-abortable-preclean: 0.000/0.000 secs] [Times: user=0.00 sys=0.00, real=0.00 secs] 
2021-08-15T23:17:54.549+0800: 0.473: [GC (CMS Final Remark) [YG occupancy: 36145 K (157248 K)]2021-08-15T23:17:54.549+0800: 0.473: [Rescan (parallel) , 0.0005580 secs]2021-08-15T23:17:54.550+0800: 0.474: [weak refs processing, 0.0000128 secs]2021-08-15T23:17:54.550+0800: 0.474: [class unloading, 0.0001985 secs]2021-08-15T23:17:54.550+0800: 0.474: [scrub symbol table, 0.0003099 secs]2021-08-15T23:17:54.550+0800: 0.474: [scrub string table, 0.0001016 secs][1 CMS-remark: 336649K(349568K)] 372794K(506816K), 0.0012480 secs] [Times: user=0.00 sys=0.00, real=0.00 secs] 
2021-08-15T23:17:54.550+0800: 0.475: [CMS-concurrent-sweep-start]
2021-08-15T23:17:54.552+0800: 0.475: [CMS-concurrent-sweep: 0.001/0.001 secs] [Times: user=0.03 sys=0.00, real=0.00 secs] 
2021-08-15T23:17:54.552+0800: 0.475: [CMS-concurrent-reset-start]
2021-08-15T23:17:54.552+0800: 0.476: [CMS-concurrent-reset: 0.000/0.000 secs] [Times: user=0.00 sys=0.00, real=0.00 secs] 
2021-08-15T23:17:54.568+0800: 0.493: [GC (Allocation Failure) 2021-08-15T23:17:54.569+0800: 0.493: [ParNew: 157247K->17470K(157248K), 0.0098413 secs] 408558K->307548K(506816K), 0.0099293 secs] [Times: user=0.00 sys=0.00, real=0.01 secs] 
2021-08-15T23:17:54.580+0800: 0.503: [GC (CMS Initial Mark) [1 CMS-initial-mark: 290077K(349568K)] 308187K(506816K), 0.0002194 secs] [Times: user=0.00 sys=0.00, real=0.00 secs] 
2021-08-15T23:17:54.580+0800: 0.503: [CMS-concurrent-mark-start]
2021-08-15T23:17:54.581+0800: 0.504: [CMS-concurrent-mark: 0.001/0.001 secs] [Times: user=0.00 sys=0.00, real=0.00 secs] 
2021-08-15T23:17:54.581+0800: 0.504: [CMS-concurrent-preclean-start]
2021-08-15T23:17:54.581+0800: 0.505: [CMS-concurrent-preclean: 0.000/0.000 secs] [Times: user=0.00 sys=0.00, real=0.00 secs] 
2021-08-15T23:17:54.581+0800: 0.505: [CMS-concurrent-abortable-preclean-start]
2021-08-15T23:17:54.598+0800: 0.521: [GC (Allocation Failure) 2021-08-15T23:17:54.598+0800: 0.521: [ParNew: 157246K->17470K(157248K), 0.0121582 secs] 447324K->356120K(506816K), 0.0122442 secs] [Times: user=0.13 sys=0.00, real=0.01 secs] 
2021-08-15T23:17:54.610+0800: 0.534: [CMS-concurrent-abortable-preclean: 0.000/0.029 secs] [Times: user=0.14 sys=0.00, real=0.03 secs] 
2021-08-15T23:17:54.610+0800: 0.534: [GC (CMS Final Remark) [YG occupancy: 20279 K (157248 K)]2021-08-15T23:17:54.610+0800: 0.534: [Rescan (parallel) , 0.0005334 secs]2021-08-15T23:17:54.611+0800: 0.534: [weak refs processing, 0.0000180 secs]2021-08-15T23:17:54.611+0800: 0.534: [class unloading, 0.0001888 secs]2021-08-15T23:17:54.611+0800: 0.535: [scrub symbol table, 0.0003111 secs]2021-08-15T23:17:54.611+0800: 0.535: [scrub string table, 0.0001008 secs][1 CMS-remark: 338649K(349568K)] 358928K(506816K), 0.0012208 secs] [Times: user=0.00 sys=0.00, real=0.00 secs] 
2021-08-15T23:17:54.611+0800: 0.535: [CMS-concurrent-sweep-start]
2021-08-15T23:17:54.612+0800: 0.536: [CMS-concurrent-sweep: 0.001/0.001 secs] [Times: user=0.00 sys=0.00, real=0.00 secs] 
2021-08-15T23:17:54.612+0800: 0.536: [CMS-concurrent-reset-start]
2021-08-15T23:17:54.613+0800: 0.537: [CMS-concurrent-reset: 0.000/0.000 secs] [Times: user=0.00 sys=0.00, real=0.00 secs] 
2021-08-15T23:17:54.632+0800: 0.555: [GC (Allocation Failure) 2021-08-15T23:17:54.632+0800: 0.556: [ParNew: 157246K->157246K(157248K), 0.0000186 secs]2021-08-15T23:17:54.632+0800: 0.556: [CMS: 313786K->310149K(349568K), 0.0516682 secs] 471033K->310149K(506816K), [Metaspace: 2653K->2653K(1056768K)], 0.0518111 secs] [Times: user=0.05 sys=0.00, real=0.05 secs] 
2021-08-15T23:17:54.684+0800: 0.608: [GC (CMS Initial Mark) [1 CMS-initial-mark: 310149K(349568K)] 313073K(506816K), 0.0006108 secs] [Times: user=0.00 sys=0.00, real=0.00 secs] 
2021-08-15T23:17:54.685+0800: 0.608: [CMS-concurrent-mark-start]
2021-08-15T23:17:54.686+0800: 0.610: [CMS-concurrent-mark: 0.001/0.001 secs] [Times: user=0.00 sys=0.00, real=0.00 secs] 
2021-08-15T23:17:54.686+0800: 0.610: [CMS-concurrent-preclean-start]
2021-08-15T23:17:54.687+0800: 0.610: [CMS-concurrent-preclean: 0.001/0.001 secs] [Times: user=0.00 sys=0.00, real=0.00 secs] 
2021-08-15T23:17:54.687+0800: 0.610: [CMS-concurrent-abortable-preclean-start]
2021-08-15T23:17:54.704+0800: 0.627: [GC (Allocation Failure) 2021-08-15T23:17:54.704+0800: 0.627: [ParNew: 139776K->17469K(157248K), 0.0079358 secs] 449925K->356177K(506816K), 0.0080234 secs] [Times: user=0.13 sys=0.00, real=0.01 secs] 
2021-08-15T23:17:54.712+0800: 0.635: [CMS-concurrent-abortable-preclean: 0.000/0.025 secs] [Times: user=0.14 sys=0.00, real=0.02 secs] 
2021-08-15T23:17:54.712+0800: 0.636: [GC (CMS Final Remark) [YG occupancy: 20665 K (157248 K)]2021-08-15T23:17:54.712+0800: 0.636: [Rescan (parallel) , 0.0006648 secs]2021-08-15T23:17:54.713+0800: 0.636: [weak refs processing, 0.0000118 secs]2021-08-15T23:17:54.713+0800: 0.636: [class unloading, 0.0001971 secs]2021-08-15T23:17:54.713+0800: 0.637: [scrub symbol table, 0.0003131 secs]2021-08-15T23:17:54.713+0800: 0.637: [scrub string table, 0.0001005 secs][1 CMS-remark: 338707K(349568K)] 359373K(506816K), 0.0013518 secs] [Times: user=0.00 sys=0.00, real=0.00 secs] 
2021-08-15T23:17:54.713+0800: 0.637: [CMS-concurrent-sweep-start]
2021-08-15T23:17:54.714+0800: 0.638: [CMS-concurrent-sweep: 0.001/0.001 secs] [Times: user=0.00 sys=0.00, real=0.00 secs] 
2021-08-15T23:17:54.714+0800: 0.638: [CMS-concurrent-reset-start]
2021-08-15T23:17:54.714+0800: 0.638: [CMS-concurrent-reset: 0.000/0.000 secs] [Times: user=0.00 sys=0.00, real=0.00 secs] 
2021-08-15T23:17:54.733+0800: 0.657: [GC (Allocation Failure) 2021-08-15T23:17:54.734+0800: 0.657: [ParNew: 157245K->157245K(157248K), 0.0000189 secs]2021-08-15T23:17:54.734+0800: 0.657: [CMS: 337612K->324796K(349568K), 0.0529153 secs] 494857K->324796K(506816K), [Metaspace: 2653K->2653K(1056768K)], 0.0530461 secs] [Times: user=0.06 sys=0.00, real=0.05 secs] 
2021-08-15T23:17:54.787+0800: 0.711: [GC (CMS Initial Mark) [1 CMS-initial-mark: 324796K(349568K)] 328255K(506816K), 0.0007245 secs] [Times: user=0.00 sys=0.00, real=0.00 secs] 
2021-08-15T23:17:54.788+0800: 0.711: [CMS-concurrent-mark-start]
2021-08-15T23:17:54.789+0800: 0.713: [CMS-concurrent-mark: 0.002/0.002 secs] [Times: user=0.00 sys=0.00, real=0.00 secs] 
2021-08-15T23:17:54.789+0800: 0.713: [CMS-concurrent-preclean-start]
2021-08-15T23:17:54.790+0800: 0.713: [CMS-concurrent-preclean: 0.000/0.000 secs] [Times: user=0.00 sys=0.00, real=0.00 secs] 
2021-08-15T23:17:54.790+0800: 0.713: [CMS-concurrent-abortable-preclean-start]
2021-08-15T23:17:54.808+0800: 0.732: [GC (Allocation Failure) 2021-08-15T23:17:54.808+0800: 0.732: [ParNew (promotion failed): 139776K->157247K(157248K), 0.0096430 secs]2021-08-15T23:17:54.818+0800: 0.741: [CMS2021-08-15T23:17:54.818+0800: 0.741: [CMS-concurrent-abortable-preclean: 0.000/0.028 secs] [Times: user=0.03 sys=0.02, real=0.03 secs] 
 (concurrent mode failure): 349363K->332712K(349568K), 0.0534439 secs] 464572K->332712K(506816K), [Metaspace: 2653K->2653K(1056768K)], 0.0632276 secs] [Times: user=0.06 sys=0.02, real=0.06 secs] 
2021-08-15T23:17:54.892+0800: 0.815: [GC (Allocation Failure) 2021-08-15T23:17:54.892+0800: 0.815: [ParNew: 139776K->139776K(157248K), 0.0000181 secs]2021-08-15T23:17:54.892+0800: 0.815: [CMS: 332712K->336585K(349568K), 0.0541555 secs] 472488K->336585K(506816K), [Metaspace: 2653K->2653K(1056768K)], 0.0542841 secs] [Times: user=0.06 sys=0.00, real=0.05 secs] 
2021-08-15T23:17:54.947+0800: 0.870: [GC (CMS Initial Mark) [1 CMS-initial-mark: 336585K(349568K)] 340742K(506816K), 0.0007254 secs] [Times: user=0.00 sys=0.00, real=0.00 secs] 
2021-08-15T23:17:54.947+0800: 0.871: [CMS-concurrent-mark-start]
2021-08-15T23:17:54.948+0800: 0.872: [CMS-concurrent-mark: 0.002/0.002 secs] [Times: user=0.00 sys=0.00, real=0.00 secs] 
2021-08-15T23:17:54.948+0800: 0.872: [CMS-concurrent-preclean-start]
2021-08-15T23:17:54.949+0800: 0.873: [CMS-concurrent-preclean: 0.001/0.001 secs] [Times: user=0.00 sys=0.00, real=0.00 secs] 
2021-08-15T23:17:54.949+0800: 0.873: [CMS-concurrent-abortable-preclean-start]
2021-08-15T23:17:54.949+0800: 0.873: [CMS-concurrent-abortable-preclean: 0.000/0.000 secs] [Times: user=0.00 sys=0.00, real=0.00 secs] 
2021-08-15T23:17:54.949+0800: 0.873: [GC (CMS Final Remark) [YG occupancy: 21218 K (157248 K)]2021-08-15T23:17:54.949+0800: 0.873: [Rescan (parallel) , 0.0007059 secs]2021-08-15T23:17:54.951+0800: 0.874: [weak refs processing, 0.0000135 secs]2021-08-15T23:17:54.951+0800: 0.874: [class unloading, 0.0002060 secs]2021-08-15T23:17:54.951+0800: 0.874: [scrub symbol table, 0.0003206 secs]2021-08-15T23:17:54.951+0800: 0.874: [scrub string table, 0.0001059 secs][1 CMS-remark: 336585K(349568K)] 357804K(506816K), 0.0014269 secs] [Times: user=0.00 sys=0.00, real=0.00 secs] 
2021-08-15T23:17:54.951+0800: 0.875: [CMS-concurrent-sweep-start]
2021-08-15T23:17:54.952+0800: 0.875: [CMS-concurrent-sweep: 0.000/0.000 secs] [Times: user=0.00 sys=0.00, real=0.00 secs] 
2021-08-15T23:17:54.952+0800: 0.875: [CMS-concurrent-reset-start]
2021-08-15T23:17:54.952+0800: 0.876: [CMS-concurrent-reset: 0.000/0.000 secs] [Times: user=0.00 sys=0.00, real=0.00 secs] 
2021-08-15T23:17:54.969+0800: 0.892: [GC (Allocation Failure) 2021-08-15T23:17:54.969+0800: 0.892: [ParNew: 139776K->139776K(157248K), 0.0000187 secs]2021-08-15T23:17:54.969+0800: 0.892: [CMS: 334593K->342800K(349568K), 0.0559333 secs] 474369K->342800K(506816K), [Metaspace: 2653K->2653K(1056768K)], 0.0560623 secs] [Times: user=0.06 sys=0.00, real=0.05 secs] 
2021-08-15T23:17:55.025+0800: 0.948: [GC (CMS Initial Mark) [1 CMS-initial-mark: 342800K(349568K)] 345882K(506816K), 0.0007187 secs] [Times: user=0.00 sys=0.00, real=0.00 secs] 
2021-08-15T23:17:55.026+0800: 0.949: [CMS-concurrent-mark-start]
2021-08-15T23:17:55.027+0800: 0.951: [CMS-concurrent-mark: 0.002/0.002 secs] [Times: user=0.00 sys=0.00, real=0.00 secs] 
2021-08-15T23:17:55.027+0800: 0.951: [CMS-concurrent-preclean-start]
2021-08-15T23:17:55.028+0800: 0.951: [CMS-concurrent-preclean: 0.001/0.001 secs] [Times: user=0.00 sys=0.00, real=0.00 secs] 
2021-08-15T23:17:55.028+0800: 0.951: [CMS-concurrent-abortable-preclean-start]
2021-08-15T23:17:55.028+0800: 0.951: [CMS-concurrent-abortable-preclean: 0.000/0.000 secs] [Times: user=0.00 sys=0.00, real=0.00 secs] 
2021-08-15T23:17:55.028+0800: 0.952: [GC (CMS Final Remark) [YG occupancy: 19138 K (157248 K)]2021-08-15T23:17:55.028+0800: 0.952: [Rescan (parallel) , 0.0006123 secs]2021-08-15T23:17:55.028+0800: 0.952: [weak refs processing, 0.0000135 secs]2021-08-15T23:17:55.028+0800: 0.952: [class unloading, 0.0002215 secs]2021-08-15T23:17:55.028+0800: 0.953: [scrub symbol table, 0.0003270 secs]2021-08-15T23:17:55.029+0800: 0.953: [scrub string table, 0.0001055 secs][1 CMS-remark: 342800K(349568K)] 361939K(506816K), 0.0013559 secs] [Times: user=0.00 sys=0.00, real=0.00 secs] 
2021-08-15T23:17:55.029+0800: 0.953: [CMS-concurrent-sweep-start]
2021-08-15T23:17:55.029+0800: 0.954: [CMS-concurrent-sweep: 0.000/0.000 secs] [Times: user=0.00 sys=0.00, real=0.00 secs] 
2021-08-15T23:17:55.030+0800: 0.954: [CMS-concurrent-reset-start]
2021-08-15T23:17:55.030+0800: 0.954: [CMS-concurrent-reset: 0.000/0.000 secs] [Times: user=0.00 sys=0.00, real=0.00 secs] 
2021-08-15T23:17:55.045+0800: 0.969: [GC (Allocation Failure) 2021-08-15T23:17:55.045+0800: 0.969: [ParNew: 139776K->139776K(157248K), 0.0000194 secs]2021-08-15T23:17:55.045+0800: 0.969: [CMS: 341745K->348115K(349568K), 0.0583991 secs] 481521K->348115K(506816K), [Metaspace: 2653K->2653K(1056768K)], 0.0585308 secs] [Times: user=0.06 sys=0.00, real=0.06 secs] 
2021-08-15T23:17:55.104+0800: 1.028: [GC (CMS Initial Mark) [1 CMS-initial-mark: 348115K(349568K)] 351004K(506816K), 0.0006432 secs] [Times: user=0.00 sys=0.00, real=0.00 secs] 
2021-08-15T23:17:55.105+0800: 1.029: [CMS-concurrent-mark-start]
2021-08-15T23:17:55.106+0800: 1.030: [CMS-concurrent-mark: 0.002/0.002 secs] [Times: user=0.00 sys=0.00, real=0.00 secs] 
2021-08-15T23:17:55.106+0800: 1.030: [CMS-concurrent-preclean-start]
2021-08-15T23:17:55.107+0800: 1.031: [CMS-concurrent-preclean: 0.000/0.000 secs] [Times: user=0.00 sys=0.00, real=0.00 secs] 
2021-08-15T23:17:55.107+0800: 1.031: [CMS-concurrent-abortable-preclean-start]
2021-08-15T23:17:55.107+0800: 1.031: [CMS-concurrent-abortable-preclean: 0.000/0.000 secs] [Times: user=0.00 sys=0.00, real=0.00 secs] 
2021-08-15T23:17:55.107+0800: 1.031: [GC (CMS Final Remark) [YG occupancy: 20061 K (157248 K)]2021-08-15T23:17:55.107+0800: 1.031: [Rescan (parallel) , 0.0007210 secs]2021-08-15T23:17:55.109+0800: 1.032: [weak refs processing, 0.0000133 secs]2021-08-15T23:17:55.109+0800: 1.032: [class unloading, 0.0002044 secs]2021-08-15T23:17:55.109+0800: 1.032: [scrub symbol table, 0.0003228 secs]2021-08-15T23:17:55.109+0800: 1.033: [scrub string table, 0.0001064 secs][1 CMS-remark: 348115K(349568K)] 368176K(506816K), 0.0014428 secs] [Times: user=0.00 sys=0.00, real=0.00 secs] 
2021-08-15T23:17:55.109+0800: 1.033: [CMS-concurrent-sweep-start]
2021-08-15T23:17:55.109+0800: 1.033: [CMS-concurrent-sweep: 0.001/0.001 secs] [Times: user=0.00 sys=0.00, real=0.00 secs] 
2021-08-15T23:17:55.109+0800: 1.034: [CMS-concurrent-reset-start]
2021-08-15T23:17:55.110+0800: 1.034: [CMS-concurrent-reset: 0.000/0.000 secs] [Times: user=0.00 sys=0.00, real=0.00 secs] 
2021-08-15T23:17:55.128+0800: 1.052: [GC (Allocation Failure) 2021-08-15T23:17:55.128+0800: 1.052: [ParNew: 139776K->139776K(157248K), 0.0000203 secs]2021-08-15T23:17:55.128+0800: 1.052: [CMS: 347742K->349505K(349568K), 0.0589885 secs] 487518K->352400K(506816K), [Metaspace: 2653K->2653K(1056768K)], 0.0591276 secs] [Times: user=0.06 sys=0.00, real=0.06 secs] 
2021-08-15T23:17:55.187+0800: 1.111: [GC (CMS Initial Mark) [1 CMS-initial-mark: 349505K(349568K)] 355599K(506816K), 0.0004812 secs] [Times: user=0.00 sys=0.00, real=0.00 secs] 
2021-08-15T23:17:55.188+0800: 1.112: [CMS-concurrent-mark-start]
Heap
 par new generation   total 157248K, used 8889K [0x00000000e0000000, 0x00000000eaaa0000, 0x00000000eaaa0000)
  eden space 139776K,   6% used [0x00000000e0000000, 0x00000000e08ae5b8, 0x00000000e8880000)
  from space 17472K,   0% used [0x00000000e9990000, 0x00000000e9990000, 0x00000000eaaa0000)
  to   space 17472K,   0% used [0x00000000e8880000, 0x00000000e8880000, 0x00000000e9990000)
 concurrent mark-sweep generation total 349568K, used 349505K [0x00000000eaaa0000, 0x0000000100000000, 0x0000000100000000)
 Metaspace       used 2659K, capacity 4486K, committed 4864K, reserved 1056768K
  class space    used 291K, capacity 386K, committed 512K, reserved 1048576K
