Java HotSpot(TM) 64-Bit Server VM (25.291-b10) for windows-amd64 JRE (1.8.0_291-b10), built on Apr  9 2021 00:02:00 by "java_re" with MS VC++ 15.9 (VS2017)
Memory: 4k page, physical 16669968k(6597592k free), swap 28204304k(17186516k free)
CommandLine flags: -XX:InitialHeapSize=536870912 -XX:MaxHeapSize=536870912 -XX:+PrintGC -XX:+PrintGCDateStamps -XX:+PrintGCDetails -XX:+PrintGCTimeStamps -XX:+UseCompressedClassPointers -XX:+UseCompressedOops -XX:+UseG1GC -XX:-UseLargePagesIndividualAllocation 
2021-08-15T23:20:04.184+0800: 0.108: [GC pause (G1 Evacuation Pause) (young), 0.0040425 secs]
   [Parallel Time: 2.5 ms, GC Workers: 8]
      [GC Worker Start (ms): Min: 108.2, Avg: 108.3, Max: 108.3, Diff: 0.2]
      [Ext Root Scanning (ms): Min: 0.1, Avg: 0.4, Max: 2.2, Diff: 2.2, Sum: 3.0]
      [Update RS (ms): Min: 0.0, Avg: 0.0, Max: 0.0, Diff: 0.0, Sum: 0.0]
         [Processed Buffers: Min: 0, Avg: 0.0, Max: 0, Diff: 0, Sum: 0]
      [Scan RS (ms): Min: 0.0, Avg: 0.0, Max: 0.0, Diff: 0.0, Sum: 0.0]
      [Code Root Scanning (ms): Min: 0.0, Avg: 0.2, Max: 1.6, Diff: 1.6, Sum: 1.7]
      [Object Copy (ms): Min: 0.2, Avg: 1.7, Max: 2.2, Diff: 2.0, Sum: 13.9]
      [Termination (ms): Min: 0.0, Avg: 0.0, Max: 0.0, Diff: 0.0, Sum: 0.0]
         [Termination Attempts: Min: 1, Avg: 2.5, Max: 4, Diff: 3, Sum: 20]
      [GC Worker Other (ms): Min: 0.0, Avg: 0.0, Max: 0.0, Diff: 0.0, Sum: 0.2]
      [GC Worker Total (ms): Min: 2.3, Avg: 2.4, Max: 2.5, Diff: 0.2, Sum: 18.9]
      [GC Worker End (ms): Min: 110.6, Avg: 110.6, Max: 110.6, Diff: 0.0]
   [Code Root Fixup: 0.0 ms]
   [Code Root Purge: 0.0 ms]
   [Clear CT: 0.5 ms]
   [Other: 1.0 ms]
      [Choose CSet: 0.0 ms]
      [Ref Proc: 0.2 ms]
      [Ref Enq: 0.0 ms]
      [Redirty Cards: 0.6 ms]
      [Humongous Register: 0.0 ms]
      [Humongous Reclaim: 0.0 ms]
      [Free CSet: 0.1 ms]
   [Eden: 25.0M(25.0M)->0.0B(23.0M) Survivors: 0.0B->4096.0K Heap: 29.6M(512.0M)->10.6M(512.0M)]
 [Times: user=0.00 sys=0.00, real=0.00 secs] 
2021-08-15T23:20:04.193+0800: 0.117: [GC pause (G1 Evacuation Pause) (young), 0.0039237 secs]
   [Parallel Time: 2.3 ms, GC Workers: 8]
      [GC Worker Start (ms): Min: 117.2, Avg: 117.3, Max: 117.4, Diff: 0.2]
      [Ext Root Scanning (ms): Min: 0.0, Avg: 0.1, Max: 0.2, Diff: 0.2, Sum: 0.8]
      [Update RS (ms): Min: 0.1, Avg: 0.1, Max: 0.3, Diff: 0.2, Sum: 1.0]
         [Processed Buffers: Min: 1, Avg: 1.1, Max: 2, Diff: 1, Sum: 9]
      [Scan RS (ms): Min: 0.0, Avg: 0.0, Max: 0.0, Diff: 0.0, Sum: 0.0]
      [Code Root Scanning (ms): Min: 0.0, Avg: 0.0, Max: 0.0, Diff: 0.0, Sum: 0.0]
      [Object Copy (ms): Min: 1.4, Avg: 1.7, Max: 1.9, Diff: 0.4, Sum: 13.3]
      [Termination (ms): Min: 0.0, Avg: 0.1, Max: 0.2, Diff: 0.2, Sum: 1.0]
         [Termination Attempts: Min: 1, Avg: 1.0, Max: 1, Diff: 0, Sum: 8]
      [GC Worker Other (ms): Min: 0.0, Avg: 0.0, Max: 0.0, Diff: 0.0, Sum: 0.1]
      [GC Worker Total (ms): Min: 2.0, Avg: 2.0, Max: 2.1, Diff: 0.1, Sum: 16.3]
      [GC Worker End (ms): Min: 119.4, Avg: 119.4, Max: 119.4, Diff: 0.0]
   [Code Root Fixup: 0.0 ms]
   [Code Root Purge: 0.0 ms]
   [Clear CT: 0.6 ms]
   [Other: 1.1 ms]
      [Choose CSet: 0.0 ms]
      [Ref Proc: 0.4 ms]
      [Ref Enq: 0.0 ms]
      [Redirty Cards: 0.6 ms]
      [Humongous Register: 0.0 ms]
      [Humongous Reclaim: 0.0 ms]
      [Free CSet: 0.0 ms]
   [Eden: 23.0M(23.0M)->0.0B(35.0M) Survivors: 4096.0K->4096.0K Heap: 38.5M(512.0M)->22.1M(512.0M)]
 [Times: user=0.00 sys=0.00, real=0.00 secs] 
2021-08-15T23:20:04.209+0800: 0.134: [GC pause (G1 Evacuation Pause) (young), 0.0045053 secs]
   [Parallel Time: 2.6 ms, GC Workers: 8]
      [GC Worker Start (ms): Min: 134.1, Avg: 134.2, Max: 134.3, Diff: 0.2]
      [Ext Root Scanning (ms): Min: 0.0, Avg: 0.1, Max: 0.2, Diff: 0.2, Sum: 0.7]
      [Update RS (ms): Min: 0.0, Avg: 0.1, Max: 0.8, Diff: 0.7, Sum: 1.2]
         [Processed Buffers: Min: 1, Avg: 1.3, Max: 3, Diff: 2, Sum: 10]
      [Scan RS (ms): Min: 0.0, Avg: 0.0, Max: 0.0, Diff: 0.0, Sum: 0.0]
      [Code Root Scanning (ms): Min: 0.0, Avg: 0.0, Max: 0.0, Diff: 0.0, Sum: 0.0]
      [Object Copy (ms): Min: 1.3, Avg: 1.8, Max: 2.0, Diff: 0.7, Sum: 14.6]
      [Termination (ms): Min: 0.0, Avg: 0.1, Max: 0.2, Diff: 0.2, Sum: 0.7]
         [Termination Attempts: Min: 1, Avg: 1.0, Max: 1, Diff: 0, Sum: 8]
      [GC Worker Other (ms): Min: 0.0, Avg: 0.0, Max: 0.0, Diff: 0.0, Sum: 0.1]
      [GC Worker Total (ms): Min: 2.1, Avg: 2.2, Max: 2.3, Diff: 0.2, Sum: 17.4]
      [GC Worker End (ms): Min: 136.4, Avg: 136.4, Max: 136.4, Diff: 0.0]
   [Code Root Fixup: 0.0 ms]
   [Code Root Purge: 0.0 ms]
   [Clear CT: 0.6 ms]
   [Other: 1.2 ms]
      [Choose CSet: 0.0 ms]
      [Ref Proc: 0.5 ms]
      [Ref Enq: 0.0 ms]
      [Redirty Cards: 0.6 ms]
      [Humongous Register: 0.0 ms]
      [Humongous Reclaim: 0.0 ms]
      [Free CSet: 0.0 ms]
   [Eden: 35.0M(35.0M)->0.0B(148.0M) Survivors: 4096.0K->5120.0K Heap: 69.1M(512.0M)->37.2M(512.0M)]
 [Times: user=0.00 sys=0.00, real=0.01 secs] 
2021-08-15T23:20:04.285+0800: 0.209: [GC pause (G1 Evacuation Pause) (young), 0.0106113 secs]
   [Parallel Time: 8.7 ms, GC Workers: 8]
      [GC Worker Start (ms): Min: 209.7, Avg: 209.8, Max: 209.8, Diff: 0.1]
      [Ext Root Scanning (ms): Min: 0.0, Avg: 0.1, Max: 0.2, Diff: 0.1, Sum: 0.8]
      [Update RS (ms): Min: 0.5, Avg: 0.5, Max: 0.5, Diff: 0.0, Sum: 3.8]
         [Processed Buffers: Min: 7, Avg: 7.8, Max: 8, Diff: 1, Sum: 62]
      [Scan RS (ms): Min: 0.0, Avg: 0.0, Max: 0.0, Diff: 0.0, Sum: 0.1]
      [Code Root Scanning (ms): Min: 0.0, Avg: 0.0, Max: 0.0, Diff: 0.0, Sum: 0.0]
      [Object Copy (ms): Min: 7.5, Avg: 7.6, Max: 7.7, Diff: 0.2, Sum: 60.6]
      [Termination (ms): Min: 0.0, Avg: 0.1, Max: 0.2, Diff: 0.2, Sum: 0.9]
         [Termination Attempts: Min: 1, Avg: 1.0, Max: 1, Diff: 0, Sum: 8]
      [GC Worker Other (ms): Min: 0.0, Avg: 0.0, Max: 0.0, Diff: 0.0, Sum: 0.1]
      [GC Worker Total (ms): Min: 8.2, Avg: 8.3, Max: 8.4, Diff: 0.1, Sum: 66.4]
      [GC Worker End (ms): Min: 218.0, Avg: 218.1, Max: 218.1, Diff: 0.0]
   [Code Root Fixup: 0.0 ms]
   [Code Root Purge: 0.0 ms]
   [Clear CT: 0.6 ms]
   [Other: 1.3 ms]
      [Choose CSet: 0.0 ms]
      [Ref Proc: 0.4 ms]
      [Ref Enq: 0.0 ms]
      [Redirty Cards: 0.6 ms]
      [Humongous Register: 0.0 ms]
      [Humongous Reclaim: 0.0 ms]
      [Free CSet: 0.0 ms]
   [Eden: 148.0M(148.0M)->0.0B(63.0M) Survivors: 5120.0K->20.0M Heap: 229.0M(512.0M)->103.8M(512.0M)]
 [Times: user=0.02 sys=0.00, real=0.01 secs] 
2021-08-15T23:20:04.308+0800: 0.233: [GC pause (G1 Evacuation Pause) (young), 0.0079597 secs]
   [Parallel Time: 6.2 ms, GC Workers: 8]
      [GC Worker Start (ms): Min: 232.9, Avg: 233.0, Max: 233.1, Diff: 0.2]
      [Ext Root Scanning (ms): Min: 0.0, Avg: 0.1, Max: 0.2, Diff: 0.2, Sum: 0.6]
      [Update RS (ms): Min: 0.1, Avg: 0.2, Max: 0.2, Diff: 0.1, Sum: 1.4]
         [Processed Buffers: Min: 2, Avg: 2.9, Max: 3, Diff: 1, Sum: 23]
      [Scan RS (ms): Min: 0.0, Avg: 0.0, Max: 0.0, Diff: 0.0, Sum: 0.1]
      [Code Root Scanning (ms): Min: 0.0, Avg: 0.0, Max: 0.0, Diff: 0.0, Sum: 0.0]
      [Object Copy (ms): Min: 5.7, Avg: 5.7, Max: 5.8, Diff: 0.1, Sum: 45.9]
      [Termination (ms): Min: 0.0, Avg: 0.1, Max: 0.1, Diff: 0.1, Sum: 0.5]
         [Termination Attempts: Min: 1, Avg: 1.0, Max: 1, Diff: 0, Sum: 8]
      [GC Worker Other (ms): Min: 0.0, Avg: 0.0, Max: 0.0, Diff: 0.0, Sum: 0.1]
      [GC Worker Total (ms): Min: 6.0, Avg: 6.1, Max: 6.2, Diff: 0.2, Sum: 48.8]
      [GC Worker End (ms): Min: 239.1, Avg: 239.1, Max: 239.1, Diff: 0.0]
   [Code Root Fixup: 0.0 ms]
   [Code Root Purge: 0.0 ms]
   [Clear CT: 0.7 ms]
   [Other: 1.0 ms]
      [Choose CSet: 0.0 ms]
      [Ref Proc: 0.2 ms]
      [Ref Enq: 0.0 ms]
      [Redirty Cards: 0.6 ms]
      [Humongous Register: 0.0 ms]
      [Humongous Reclaim: 0.0 ms]
      [Free CSet: 0.0 ms]
   [Eden: 63.0M(63.0M)->0.0B(97.0M) Survivors: 20.0M->11.0M Heap: 184.4M(512.0M)->132.3M(512.0M)]
 [Times: user=0.00 sys=0.00, real=0.01 secs] 
2021-08-15T23:20:04.336+0800: 0.260: [GC pause (G1 Evacuation Pause) (young), 0.0090997 secs]
   [Parallel Time: 7.4 ms, GC Workers: 8]
      [GC Worker Start (ms): Min: 259.9, Avg: 260.0, Max: 260.1, Diff: 0.2]
      [Ext Root Scanning (ms): Min: 0.0, Avg: 0.1, Max: 0.2, Diff: 0.2, Sum: 0.7]
      [Update RS (ms): Min: 0.1, Avg: 0.2, Max: 0.2, Diff: 0.1, Sum: 1.4]
         [Processed Buffers: Min: 0, Avg: 2.5, Max: 3, Diff: 3, Sum: 20]
      [Scan RS (ms): Min: 0.0, Avg: 0.0, Max: 0.0, Diff: 0.0, Sum: 0.1]
      [Code Root Scanning (ms): Min: 0.0, Avg: 0.0, Max: 0.0, Diff: 0.0, Sum: 0.0]
      [Object Copy (ms): Min: 6.4, Avg: 6.5, Max: 6.7, Diff: 0.4, Sum: 52.1]
      [Termination (ms): Min: 0.0, Avg: 0.2, Max: 0.3, Diff: 0.3, Sum: 1.5]
         [Termination Attempts: Min: 1, Avg: 1.3, Max: 2, Diff: 1, Sum: 10]
      [GC Worker Other (ms): Min: 0.0, Avg: 0.0, Max: 0.1, Diff: 0.1, Sum: 0.2]
      [GC Worker Total (ms): Min: 6.9, Avg: 7.0, Max: 7.1, Diff: 0.2, Sum: 56.0]
      [GC Worker End (ms): Min: 267.0, Avg: 267.0, Max: 267.1, Diff: 0.1]
   [Code Root Fixup: 0.0 ms]
   [Code Root Purge: 0.0 ms]
   [Clear CT: 0.7 ms]
   [Other: 1.0 ms]
      [Choose CSet: 0.0 ms]
      [Ref Proc: 0.3 ms]
      [Ref Enq: 0.0 ms]
      [Redirty Cards: 0.5 ms]
      [Humongous Register: 0.1 ms]
      [Humongous Reclaim: 0.0 ms]
      [Free CSet: 0.0 ms]
   [Eden: 97.0M(97.0M)->0.0B(130.0M) Survivors: 11.0M->14.0M Heap: 249.6M(512.0M)->165.6M(512.0M)]
 [Times: user=0.00 sys=0.00, real=0.01 secs] 
2021-08-15T23:20:04.368+0800: 0.292: [GC pause (G1 Evacuation Pause) (young), 0.0096663 secs]
   [Parallel Time: 8.0 ms, GC Workers: 8]
      [GC Worker Start (ms): Min: 292.1, Avg: 292.2, Max: 292.3, Diff: 0.2]
      [Ext Root Scanning (ms): Min: 0.0, Avg: 0.1, Max: 0.2, Diff: 0.2, Sum: 0.7]
      [Update RS (ms): Min: 0.1, Avg: 0.2, Max: 0.4, Diff: 0.4, Sum: 1.3]
         [Processed Buffers: Min: 0, Avg: 1.9, Max: 3, Diff: 3, Sum: 15]
      [Scan RS (ms): Min: 0.0, Avg: 0.0, Max: 0.0, Diff: 0.0, Sum: 0.1]
      [Code Root Scanning (ms): Min: 0.0, Avg: 0.0, Max: 0.0, Diff: 0.0, Sum: 0.0]
      [Object Copy (ms): Min: 7.0, Avg: 7.2, Max: 7.4, Diff: 0.3, Sum: 57.8]
      [Termination (ms): Min: 0.0, Avg: 0.1, Max: 0.2, Diff: 0.2, Sum: 0.9]
         [Termination Attempts: Min: 1, Avg: 1.0, Max: 1, Diff: 0, Sum: 8]
      [GC Worker Other (ms): Min: 0.0, Avg: 0.0, Max: 0.0, Diff: 0.0, Sum: 0.2]
      [GC Worker Total (ms): Min: 7.6, Avg: 7.6, Max: 7.7, Diff: 0.2, Sum: 60.9]
      [GC Worker End (ms): Min: 299.8, Avg: 299.9, Max: 299.9, Diff: 0.0]
   [Code Root Fixup: 0.0 ms]
   [Code Root Purge: 0.0 ms]
   [Clear CT: 0.5 ms]
   [Other: 1.2 ms]
      [Choose CSet: 0.0 ms]
      [Ref Proc: 0.4 ms]
      [Ref Enq: 0.0 ms]
      [Redirty Cards: 0.5 ms]
      [Humongous Register: 0.1 ms]
      [Humongous Reclaim: 0.0 ms]
      [Free CSet: 0.0 ms]
   [Eden: 130.0M(130.0M)->0.0B(164.0M) Survivors: 14.0M->18.0M Heap: 321.0M(512.0M)->204.6M(512.0M)]
 [Times: user=0.00 sys=0.00, real=0.01 secs] 
2021-08-15T23:20:04.383+0800: 0.307: [GC pause (G1 Humongous Allocation) (young) (initial-mark), 0.0061279 secs]
   [Parallel Time: 4.7 ms, GC Workers: 8]
      [GC Worker Start (ms): Min: 307.3, Avg: 307.4, Max: 307.4, Diff: 0.2]
      [Ext Root Scanning (ms): Min: 0.0, Avg: 0.1, Max: 0.2, Diff: 0.2, Sum: 0.8]
      [Update RS (ms): Min: 0.1, Avg: 0.1, Max: 0.2, Diff: 0.1, Sum: 1.1]
         [Processed Buffers: Min: 0, Avg: 2.0, Max: 3, Diff: 3, Sum: 16]
      [Scan RS (ms): Min: 0.0, Avg: 0.0, Max: 0.0, Diff: 0.0, Sum: 0.0]
      [Code Root Scanning (ms): Min: 0.0, Avg: 0.0, Max: 0.0, Diff: 0.0, Sum: 0.0]
      [Object Copy (ms): Min: 4.0, Avg: 4.1, Max: 4.1, Diff: 0.2, Sum: 32.4]
      [Termination (ms): Min: 0.0, Avg: 0.1, Max: 0.2, Diff: 0.2, Sum: 0.6]
         [Termination Attempts: Min: 1, Avg: 1.8, Max: 3, Diff: 2, Sum: 14]
      [GC Worker Other (ms): Min: 0.0, Avg: 0.0, Max: 0.0, Diff: 0.0, Sum: 0.1]
      [GC Worker Total (ms): Min: 4.3, Avg: 4.4, Max: 4.5, Diff: 0.2, Sum: 35.1]
      [GC Worker End (ms): Min: 311.8, Avg: 311.8, Max: 311.8, Diff: 0.0]
   [Code Root Fixup: 0.0 ms]
   [Code Root Purge: 0.0 ms]
   [Clear CT: 0.4 ms]
   [Other: 1.0 ms]
      [Choose CSet: 0.0 ms]
      [Ref Proc: 0.3 ms]
      [Ref Enq: 0.0 ms]
      [Redirty Cards: 0.5 ms]
      [Humongous Register: 0.0 ms]
      [Humongous Reclaim: 0.0 ms]
      [Free CSet: 0.0 ms]
   [Eden: 34.0M(164.0M)->0.0B(151.0M) Survivors: 18.0M->13.0M Heap: 247.6M(512.0M)->220.5M(512.0M)]
 [Times: user=0.00 sys=0.00, real=0.01 secs] 
2021-08-15T23:20:04.389+0800: 0.313: [GC concurrent-root-region-scan-start]
2021-08-15T23:20:04.389+0800: 0.314: [GC concurrent-root-region-scan-end, 0.0001441 secs]
2021-08-15T23:20:04.389+0800: 0.314: [GC concurrent-mark-start]
2021-08-15T23:20:04.390+0800: 0.315: [GC concurrent-mark-end, 0.0011698 secs]
2021-08-15T23:20:04.390+0800: 0.315: [GC remark 2021-08-15T23:20:04.390+0800: 0.315: [Finalize Marking, 0.0001906 secs] 2021-08-15T23:20:04.391+0800: 0.315: [GC ref-proc, 0.0000658 secs] 2021-08-15T23:20:04.391+0800: 0.315: [Unloading, 0.0006876 secs], 0.0014541 secs]
 [Times: user=0.00 sys=0.00, real=0.00 secs] 
2021-08-15T23:20:04.392+0800: 0.317: [GC cleanup 233M->232M(512M), 0.0011998 secs]
 [Times: user=0.00 sys=0.00, real=0.00 secs] 
2021-08-15T23:20:04.393+0800: 0.318: [GC concurrent-cleanup-start]
2021-08-15T23:20:04.393+0800: 0.318: [GC concurrent-cleanup-end, 0.0000091 secs]
2021-08-15T23:20:04.425+0800: 0.350: [GC pause (G1 Evacuation Pause) (young), 0.0103010 secs]
   [Parallel Time: 8.6 ms, GC Workers: 8]
      [GC Worker Start (ms): Min: 350.4, Avg: 350.4, Max: 350.6, Diff: 0.2]
      [Ext Root Scanning (ms): Min: 0.0, Avg: 0.1, Max: 0.2, Diff: 0.2, Sum: 0.9]
      [Update RS (ms): Min: 0.1, Avg: 0.2, Max: 0.2, Diff: 0.1, Sum: 1.6]
         [Processed Buffers: Min: 0, Avg: 2.8, Max: 4, Diff: 4, Sum: 22]
      [Scan RS (ms): Min: 0.0, Avg: 0.0, Max: 0.0, Diff: 0.0, Sum: 0.1]
      [Code Root Scanning (ms): Min: 0.0, Avg: 0.0, Max: 0.0, Diff: 0.0, Sum: 0.0]
      [Object Copy (ms): Min: 7.9, Avg: 8.0, Max: 8.1, Diff: 0.2, Sum: 63.9]
      [Termination (ms): Min: 0.0, Avg: 0.1, Max: 0.2, Diff: 0.2, Sum: 1.1]
         [Termination Attempts: Min: 1, Avg: 1.3, Max: 3, Diff: 2, Sum: 10]
      [GC Worker Other (ms): Min: 0.0, Avg: 0.0, Max: 0.0, Diff: 0.0, Sum: 0.2]
      [GC Worker Total (ms): Min: 8.3, Avg: 8.5, Max: 8.5, Diff: 0.2, Sum: 67.7]
      [GC Worker End (ms): Min: 358.9, Avg: 358.9, Max: 358.9, Diff: 0.0]
   [Code Root Fixup: 0.0 ms]
   [Code Root Purge: 0.0 ms]
   [Clear CT: 0.5 ms]
   [Other: 1.2 ms]
      [Choose CSet: 0.0 ms]
      [Ref Proc: 0.3 ms]
      [Ref Enq: 0.0 ms]
      [Redirty Cards: 0.5 ms]
      [Humongous Register: 0.2 ms]
      [Humongous Reclaim: 0.0 ms]
      [Free CSet: 0.1 ms]
   [Eden: 151.0M(151.0M)->0.0B(6144.0K) Survivors: 13.0M->21.0M Heap: 405.1M(512.0M)->272.5M(512.0M)]
 [Times: user=0.02 sys=0.00, real=0.01 secs] 
2021-08-15T23:20:04.437+0800: 0.362: [GC pause (G1 Evacuation Pause) (mixed), 0.0063512 secs]
   [Parallel Time: 4.7 ms, GC Workers: 8]
      [GC Worker Start (ms): Min: 361.7, Avg: 361.7, Max: 361.8, Diff: 0.1]
      [Ext Root Scanning (ms): Min: 0.1, Avg: 0.1, Max: 0.2, Diff: 0.1, Sum: 0.8]
      [Update RS (ms): Min: 0.1, Avg: 0.1, Max: 0.2, Diff: 0.0, Sum: 1.2]
         [Processed Buffers: Min: 2, Avg: 2.5, Max: 4, Diff: 2, Sum: 20]
      [Scan RS (ms): Min: 0.0, Avg: 0.0, Max: 0.0, Diff: 0.0, Sum: 0.1]
      [Code Root Scanning (ms): Min: 0.0, Avg: 0.0, Max: 0.0, Diff: 0.0, Sum: 0.0]
      [Object Copy (ms): Min: 3.9, Avg: 3.9, Max: 4.0, Diff: 0.1, Sum: 31.3]
      [Termination (ms): Min: 0.0, Avg: 0.1, Max: 0.2, Diff: 0.2, Sum: 0.9]
         [Termination Attempts: Min: 1, Avg: 1.0, Max: 1, Diff: 0, Sum: 8]
      [GC Worker Other (ms): Min: 0.0, Avg: 0.0, Max: 0.0, Diff: 0.0, Sum: 0.1]
      [GC Worker Total (ms): Min: 4.3, Avg: 4.3, Max: 4.4, Diff: 0.1, Sum: 34.3]
      [GC Worker End (ms): Min: 366.0, Avg: 366.0, Max: 366.0, Diff: 0.0]
   [Code Root Fixup: 0.0 ms]
   [Code Root Purge: 0.0 ms]
   [Clear CT: 0.7 ms]
   [Other: 1.0 ms]
      [Choose CSet: 0.0 ms]
      [Ref Proc: 0.2 ms]
      [Ref Enq: 0.0 ms]
      [Redirty Cards: 0.6 ms]
      [Humongous Register: 0.1 ms]
      [Humongous Reclaim: 0.0 ms]
      [Free CSet: 0.0 ms]
   [Eden: 6144.0K(6144.0K)->0.0B(121.0M) Survivors: 21.0M->2048.0K Heap: 279.8M(512.0M)->259.9M(512.0M)]
 [Times: user=0.09 sys=0.03, real=0.01 secs] 
2021-08-15T23:20:04.444+0800: 0.368: [GC pause (G1 Humongous Allocation) (young) (initial-mark), 0.0020548 secs]
   [Parallel Time: 0.6 ms, GC Workers: 8]
      [GC Worker Start (ms): Min: 368.4, Avg: 368.5, Max: 368.5, Diff: 0.1]
      [Ext Root Scanning (ms): Min: 0.0, Avg: 0.1, Max: 0.2, Diff: 0.1, Sum: 0.7]
      [Update RS (ms): Min: 0.0, Avg: 0.1, Max: 0.2, Diff: 0.1, Sum: 0.5]
         [Processed Buffers: Min: 1, Avg: 1.1, Max: 2, Diff: 1, Sum: 9]
      [Scan RS (ms): Min: 0.0, Avg: 0.0, Max: 0.0, Diff: 0.0, Sum: 0.0]
      [Code Root Scanning (ms): Min: 0.0, Avg: 0.0, Max: 0.0, Diff: 0.0, Sum: 0.0]
      [Object Copy (ms): Min: 0.0, Avg: 0.1, Max: 0.2, Diff: 0.2, Sum: 1.0]
      [Termination (ms): Min: 0.0, Avg: 0.0, Max: 0.1, Diff: 0.1, Sum: 0.4]
         [Termination Attempts: Min: 1, Avg: 1.0, Max: 1, Diff: 0, Sum: 8]
      [GC Worker Other (ms): Min: 0.0, Avg: 0.0, Max: 0.0, Diff: 0.0, Sum: 0.0]
      [GC Worker Total (ms): Min: 0.3, Avg: 0.3, Max: 0.4, Diff: 0.1, Sum: 2.7]
      [GC Worker End (ms): Min: 368.8, Avg: 368.8, Max: 368.8, Diff: 0.0]
   [Code Root Fixup: 0.0 ms]
   [Code Root Purge: 0.0 ms]
   [Clear CT: 0.6 ms]
   [Other: 0.8 ms]
      [Choose CSet: 0.0 ms]
      [Ref Proc: 0.3 ms]
      [Ref Enq: 0.0 ms]
      [Redirty Cards: 0.3 ms]
      [Humongous Register: 0.0 ms]
      [Humongous Reclaim: 0.0 ms]
      [Free CSet: 0.0 ms]
   [Eden: 1024.0K(121.0M)->0.0B(128.0M) Survivors: 2048.0K->2048.0K Heap: 260.7M(512.0M)->259.7M(512.0M)]
 [Times: user=0.00 sys=0.00, real=0.00 secs] 
2021-08-15T23:20:04.446+0800: 0.370: [GC concurrent-root-region-scan-start]
2021-08-15T23:20:04.446+0800: 0.371: [GC concurrent-root-region-scan-end, 0.0001378 secs]
2021-08-15T23:20:04.446+0800: 0.371: [GC concurrent-mark-start]
2021-08-15T23:20:04.448+0800: 0.372: [GC concurrent-mark-end, 0.0011783 secs]
2021-08-15T23:20:04.448+0800: 0.372: [GC remark 2021-08-15T23:20:04.448+0800: 0.372: [Finalize Marking, 0.0001845 secs] 2021-08-15T23:20:04.448+0800: 0.372: [GC ref-proc, 0.0000626 secs] 2021-08-15T23:20:04.448+0800: 0.372: [Unloading, 0.0005853 secs], 0.0012838 secs]
 [Times: user=0.00 sys=0.00, real=0.00 secs] 
2021-08-15T23:20:04.449+0800: 0.373: [GC cleanup 271M->271M(512M), 0.0013756 secs]
 [Times: user=0.00 sys=0.00, real=0.00 secs] 
2021-08-15T23:20:04.469+0800: 0.393: [GC pause (G1 Evacuation Pause) (young), 0.0081316 secs]
   [Parallel Time: 6.4 ms, GC Workers: 8]
      [GC Worker Start (ms): Min: 393.1, Avg: 393.2, Max: 393.2, Diff: 0.2]
      [Ext Root Scanning (ms): Min: 0.0, Avg: 0.1, Max: 0.2, Diff: 0.1, Sum: 0.7]
      [Update RS (ms): Min: 0.2, Avg: 0.2, Max: 0.2, Diff: 0.0, Sum: 1.7]
         [Processed Buffers: Min: 0, Avg: 3.0, Max: 4, Diff: 4, Sum: 24]
      [Scan RS (ms): Min: 0.0, Avg: 0.0, Max: 0.0, Diff: 0.0, Sum: 0.1]
      [Code Root Scanning (ms): Min: 0.0, Avg: 0.0, Max: 0.0, Diff: 0.0, Sum: 0.0]
      [Object Copy (ms): Min: 5.7, Avg: 5.8, Max: 5.9, Diff: 0.1, Sum: 46.4]
      [Termination (ms): Min: 0.0, Avg: 0.1, Max: 0.1, Diff: 0.1, Sum: 0.4]
         [Termination Attempts: Min: 1, Avg: 1.8, Max: 3, Diff: 2, Sum: 14]
      [GC Worker Other (ms): Min: 0.0, Avg: 0.0, Max: 0.0, Diff: 0.0, Sum: 0.1]
      [GC Worker Total (ms): Min: 6.1, Avg: 6.2, Max: 6.3, Diff: 0.2, Sum: 49.5]
      [GC Worker End (ms): Min: 399.3, Avg: 399.3, Max: 399.3, Diff: 0.0]
   [Code Root Fixup: 0.0 ms]
   [Code Root Purge: 0.0 ms]
   [Clear CT: 0.7 ms]
   [Other: 1.0 ms]
      [Choose CSet: 0.0 ms]
      [Ref Proc: 0.3 ms]
      [Ref Enq: 0.0 ms]
      [Redirty Cards: 0.5 ms]
      [Humongous Register: 0.1 ms]
      [Humongous Reclaim: 0.0 ms]
      [Free CSet: 0.1 ms]
   [Eden: 128.0M(128.0M)->0.0B(8192.0K) Survivors: 2048.0K->17.0M Heap: 415.2M(512.0M)->303.9M(512.0M)]
 [Times: user=0.13 sys=0.00, real=0.01 secs] 
2021-08-15T23:20:04.479+0800: 0.403: [GC pause (G1 Evacuation Pause) (mixed), 0.0072056 secs]
   [Parallel Time: 5.4 ms, GC Workers: 8]
      [GC Worker Start (ms): Min: 402.8, Avg: 402.9, Max: 402.9, Diff: 0.2]
      [Ext Root Scanning (ms): Min: 0.0, Avg: 0.1, Max: 0.2, Diff: 0.2, Sum: 0.7]
      [Update RS (ms): Min: 0.1, Avg: 0.1, Max: 0.2, Diff: 0.1, Sum: 0.7]
         [Processed Buffers: Min: 1, Avg: 1.8, Max: 3, Diff: 2, Sum: 14]
      [Scan RS (ms): Min: 0.0, Avg: 0.0, Max: 0.2, Diff: 0.2, Sum: 0.4]
      [Code Root Scanning (ms): Min: 0.0, Avg: 0.0, Max: 0.0, Diff: 0.0, Sum: 0.0]
      [Object Copy (ms): Min: 4.8, Avg: 5.0, Max: 5.1, Diff: 0.3, Sum: 39.9]
      [Termination (ms): Min: 0.0, Avg: 0.1, Max: 0.1, Diff: 0.1, Sum: 0.4]
         [Termination Attempts: Min: 1, Avg: 1.0, Max: 1, Diff: 0, Sum: 8]
      [GC Worker Other (ms): Min: 0.0, Avg: 0.0, Max: 0.0, Diff: 0.0, Sum: 0.1]
      [GC Worker Total (ms): Min: 5.2, Avg: 5.3, Max: 5.4, Diff: 0.1, Sum: 42.3]
      [GC Worker End (ms): Min: 408.1, Avg: 408.1, Max: 408.1, Diff: 0.0]
   [Code Root Fixup: 0.0 ms]
   [Code Root Purge: 0.0 ms]
   [Clear CT: 0.6 ms]
   [Other: 1.1 ms]
      [Choose CSet: 0.0 ms]
      [Ref Proc: 0.4 ms]
      [Ref Enq: 0.0 ms]
      [Redirty Cards: 0.6 ms]
      [Humongous Register: 0.1 ms]
      [Humongous Reclaim: 0.0 ms]
      [Free CSet: 0.0 ms]
   [Eden: 8192.0K(8192.0K)->0.0B(109.0M) Survivors: 17.0M->3072.0K Heap: 312.5M(512.0M)->280.2M(512.0M)]
 [Times: user=0.00 sys=0.00, real=0.01 secs] 
2021-08-15T23:20:04.486+0800: 0.410: [GC pause (G1 Humongous Allocation) (young) (initial-mark), 0.0023515 secs]
   [Parallel Time: 0.7 ms, GC Workers: 8]
      [GC Worker Start (ms): Min: 410.3, Avg: 410.4, Max: 410.4, Diff: 0.1]
      [Ext Root Scanning (ms): Min: 0.1, Avg: 0.1, Max: 0.2, Diff: 0.1, Sum: 0.9]
      [Update RS (ms): Min: 0.0, Avg: 0.1, Max: 0.3, Diff: 0.3, Sum: 0.8]
         [Processed Buffers: Min: 1, Avg: 1.1, Max: 2, Diff: 1, Sum: 9]
      [Scan RS (ms): Min: 0.0, Avg: 0.0, Max: 0.0, Diff: 0.0, Sum: 0.0]
      [Code Root Scanning (ms): Min: 0.0, Avg: 0.0, Max: 0.0, Diff: 0.0, Sum: 0.0]
      [Object Copy (ms): Min: 0.0, Avg: 0.2, Max: 0.3, Diff: 0.3, Sum: 1.8]
      [Termination (ms): Min: 0.0, Avg: 0.0, Max: 0.1, Diff: 0.1, Sum: 0.3]
         [Termination Attempts: Min: 1, Avg: 1.0, Max: 1, Diff: 0, Sum: 8]
      [GC Worker Other (ms): Min: 0.0, Avg: 0.0, Max: 0.0, Diff: 0.0, Sum: 0.1]
      [GC Worker Total (ms): Min: 0.4, Avg: 0.5, Max: 0.6, Diff: 0.1, Sum: 3.9]
      [GC Worker End (ms): Min: 410.9, Avg: 410.9, Max: 410.9, Diff: 0.0]
   [Code Root Fixup: 0.0 ms]
   [Code Root Purge: 0.0 ms]
   [Clear CT: 0.8 ms]
   [Other: 0.8 ms]
      [Choose CSet: 0.0 ms]
      [Ref Proc: 0.2 ms]
      [Ref Enq: 0.0 ms]
      [Redirty Cards: 0.5 ms]
      [Humongous Register: 0.1 ms]
      [Humongous Reclaim: 0.0 ms]
      [Free CSet: 0.0 ms]
   [Eden: 2048.0K(109.0M)->0.0B(114.0M) Survivors: 3072.0K->3072.0K Heap: 281.6M(512.0M)->280.1M(512.0M)]
 [Times: user=0.00 sys=0.00, real=0.00 secs] 
2021-08-15T23:20:04.488+0800: 0.413: [GC concurrent-root-region-scan-start]
2021-08-15T23:20:04.488+0800: 0.413: [GC concurrent-root-region-scan-end, 0.0000890 secs]
2021-08-15T23:20:04.488+0800: 0.413: [GC concurrent-mark-start]
2021-08-15T23:20:04.490+0800: 0.414: [GC concurrent-mark-end, 0.0013685 secs]
2021-08-15T23:20:04.490+0800: 0.414: [GC remark 2021-08-15T23:20:04.490+0800: 0.414: [Finalize Marking, 0.0001894 secs] 2021-08-15T23:20:04.490+0800: 0.415: [GC ref-proc, 0.0000689 secs] 2021-08-15T23:20:04.490+0800: 0.415: [Unloading, 0.0007478 secs], 0.0017947 secs]
 [Times: user=0.00 sys=0.00, real=0.00 secs] 
2021-08-15T23:20:04.492+0800: 0.416: [GC cleanup 290M->290M(512M), 0.0014994 secs]
 [Times: user=0.00 sys=0.00, real=0.00 secs] 
2021-08-15T23:20:04.512+0800: 0.436: [GC pause (G1 Evacuation Pause) (young), 0.0073880 secs]
   [Parallel Time: 5.4 ms, GC Workers: 8]
      [GC Worker Start (ms): Min: 435.9, Avg: 436.0, Max: 436.0, Diff: 0.2]
      [Ext Root Scanning (ms): Min: 0.0, Avg: 0.1, Max: 0.2, Diff: 0.2, Sum: 0.6]
      [Update RS (ms): Min: 0.2, Avg: 0.2, Max: 0.2, Diff: 0.1, Sum: 1.7]
         [Processed Buffers: Min: 0, Avg: 3.0, Max: 4, Diff: 4, Sum: 24]
      [Scan RS (ms): Min: 0.0, Avg: 0.0, Max: 0.0, Diff: 0.0, Sum: 0.1]
      [Code Root Scanning (ms): Min: 0.0, Avg: 0.0, Max: 0.0, Diff: 0.0, Sum: 0.0]
      [Object Copy (ms): Min: 4.8, Avg: 4.9, Max: 5.0, Diff: 0.2, Sum: 38.9]
      [Termination (ms): Min: 0.0, Avg: 0.1, Max: 0.2, Diff: 0.2, Sum: 0.7]
         [Termination Attempts: Min: 1, Avg: 1.0, Max: 1, Diff: 0, Sum: 8]
      [GC Worker Other (ms): Min: 0.0, Avg: 0.0, Max: 0.0, Diff: 0.0, Sum: 0.2]
      [GC Worker Total (ms): Min: 5.2, Avg: 5.3, Max: 5.4, Diff: 0.1, Sum: 42.3]
      [GC Worker End (ms): Min: 441.3, Avg: 441.3, Max: 441.3, Diff: 0.0]
   [Code Root Fixup: 0.0 ms]
   [Code Root Purge: 0.0 ms]
   [Clear CT: 0.9 ms]
   [Other: 1.0 ms]
      [Choose CSet: 0.0 ms]
      [Ref Proc: 0.2 ms]
      [Ref Enq: 0.0 ms]
      [Redirty Cards: 0.6 ms]
      [Humongous Register: 0.1 ms]
      [Humongous Reclaim: 0.0 ms]
      [Free CSet: 0.0 ms]
   [Eden: 114.0M(114.0M)->0.0B(10.0M) Survivors: 3072.0K->15.0M Heap: 421.7M(512.0M)->322.2M(512.0M)]
 [Times: user=0.00 sys=0.00, real=0.01 secs] 
2021-08-15T23:20:04.521+0800: 0.445: [GC pause (G1 Evacuation Pause) (mixed), 0.0073881 secs]
   [Parallel Time: 5.5 ms, GC Workers: 8]
      [GC Worker Start (ms): Min: 445.3, Avg: 445.4, Max: 445.7, Diff: 0.4]
      [Ext Root Scanning (ms): Min: 0.0, Avg: 0.1, Max: 0.2, Diff: 0.2, Sum: 0.8]
      [Update RS (ms): Min: 0.1, Avg: 0.2, Max: 0.4, Diff: 0.3, Sum: 1.9]
         [Processed Buffers: Min: 0, Avg: 3.0, Max: 4, Diff: 4, Sum: 24]
      [Scan RS (ms): Min: 0.0, Avg: 0.0, Max: 0.1, Diff: 0.1, Sum: 0.2]
      [Code Root Scanning (ms): Min: 0.0, Avg: 0.0, Max: 0.0, Diff: 0.0, Sum: 0.0]
      [Object Copy (ms): Min: 4.6, Avg: 4.7, Max: 4.8, Diff: 0.2, Sum: 37.9]
      [Termination (ms): Min: 0.0, Avg: 0.0, Max: 0.1, Diff: 0.1, Sum: 0.3]
         [Termination Attempts: Min: 1, Avg: 1.0, Max: 1, Diff: 0, Sum: 8]
      [GC Worker Other (ms): Min: 0.0, Avg: 0.0, Max: 0.0, Diff: 0.0, Sum: 0.2]
      [GC Worker Total (ms): Min: 4.9, Avg: 5.2, Max: 5.3, Diff: 0.4, Sum: 41.3]
      [GC Worker End (ms): Min: 450.6, Avg: 450.6, Max: 450.6, Diff: 0.0]
   [Code Root Fixup: 0.0 ms]
   [Code Root Purge: 0.0 ms]
   [Clear CT: 0.8 ms]
   [Other: 1.1 ms]
      [Choose CSet: 0.0 ms]
      [Ref Proc: 0.1 ms]
      [Ref Enq: 0.0 ms]
      [Redirty Cards: 0.7 ms]
      [Humongous Register: 0.1 ms]
      [Humongous Reclaim: 0.0 ms]
      [Free CSet: 0.0 ms]
   [Eden: 10.0M(10.0M)->0.0B(88.0M) Survivors: 15.0M->4096.0K Heap: 336.0M(512.0M)->305.9M(512.0M)]
 [Times: user=0.00 sys=0.00, real=0.01 secs] 
2021-08-15T23:20:04.530+0800: 0.454: [GC pause (G1 Humongous Allocation) (young) (initial-mark), 0.0032427 secs]
   [Parallel Time: 1.3 ms, GC Workers: 8]
      [GC Worker Start (ms): Min: 453.8, Avg: 453.9, Max: 454.0, Diff: 0.1]
      [Ext Root Scanning (ms): Min: 0.1, Avg: 0.1, Max: 0.2, Diff: 0.1, Sum: 0.9]
      [Update RS (ms): Min: 0.0, Avg: 0.1, Max: 0.3, Diff: 0.3, Sum: 0.8]
         [Processed Buffers: Min: 1, Avg: 1.1, Max: 2, Diff: 1, Sum: 9]
      [Scan RS (ms): Min: 0.0, Avg: 0.0, Max: 0.0, Diff: 0.0, Sum: 0.0]
      [Code Root Scanning (ms): Min: 0.0, Avg: 0.0, Max: 0.0, Diff: 0.0, Sum: 0.0]
      [Object Copy (ms): Min: 0.3, Avg: 0.5, Max: 0.6, Diff: 0.3, Sum: 4.0]
      [Termination (ms): Min: 0.0, Avg: 0.1, Max: 0.2, Diff: 0.2, Sum: 0.6]
         [Termination Attempts: Min: 1, Avg: 1.0, Max: 1, Diff: 0, Sum: 8]
      [GC Worker Other (ms): Min: 0.0, Avg: 0.0, Max: 0.0, Diff: 0.0, Sum: 0.1]
      [GC Worker Total (ms): Min: 0.7, Avg: 0.8, Max: 0.9, Diff: 0.1, Sum: 6.4]
      [GC Worker End (ms): Min: 454.7, Avg: 454.7, Max: 454.7, Diff: 0.0]
   [Code Root Fixup: 0.0 ms]
   [Code Root Purge: 0.0 ms]
   [Clear CT: 0.9 ms]
   [Other: 1.0 ms]
      [Choose CSet: 0.0 ms]
      [Ref Proc: 0.2 ms]
      [Ref Enq: 0.0 ms]
      [Redirty Cards: 0.6 ms]
      [Humongous Register: 0.1 ms]
      [Humongous Reclaim: 0.0 ms]
      [Free CSet: 0.0 ms]
   [Eden: 6144.0K(88.0M)->0.0B(88.0M) Survivors: 4096.0K->5120.0K Heap: 311.4M(512.0M)->306.7M(512.0M)]
 [Times: user=0.00 sys=0.00, real=0.00 secs] 
2021-08-15T23:20:04.533+0800: 0.457: [GC concurrent-root-region-scan-start]
2021-08-15T23:20:04.533+0800: 0.457: [GC concurrent-root-region-scan-end, 0.0001223 secs]
2021-08-15T23:20:04.533+0800: 0.457: [GC concurrent-mark-start]
2021-08-15T23:20:04.534+0800: 0.459: [GC concurrent-mark-end, 0.0013133 secs]
2021-08-15T23:20:04.534+0800: 0.459: [GC remark 2021-08-15T23:20:04.534+0800: 0.459: [Finalize Marking, 0.0003887 secs] 2021-08-15T23:20:04.535+0800: 0.459: [GC ref-proc, 0.0000669 secs] 2021-08-15T23:20:04.535+0800: 0.459: [Unloading, 0.0007167 secs], 0.0017661 secs]
 [Times: user=0.00 sys=0.00, real=0.00 secs] 
2021-08-15T23:20:04.537+0800: 0.461: [GC cleanup 317M->317M(512M), 0.0015379 secs]
 [Times: user=0.00 sys=0.00, real=0.00 secs] 
2021-08-15T23:20:04.551+0800: 0.476: [GC pause (G1 Evacuation Pause) (young), 0.0068710 secs]
   [Parallel Time: 5.3 ms, GC Workers: 8]
      [GC Worker Start (ms): Min: 476.0, Avg: 476.1, Max: 476.1, Diff: 0.1]
      [Ext Root Scanning (ms): Min: 0.0, Avg: 0.1, Max: 0.2, Diff: 0.1, Sum: 0.7]
      [Update RS (ms): Min: 0.2, Avg: 0.2, Max: 0.4, Diff: 0.3, Sum: 1.8]
         [Processed Buffers: Min: 0, Avg: 2.8, Max: 4, Diff: 4, Sum: 22]
      [Scan RS (ms): Min: 0.0, Avg: 0.0, Max: 0.0, Diff: 0.0, Sum: 0.1]
      [Code Root Scanning (ms): Min: 0.0, Avg: 0.0, Max: 0.0, Diff: 0.0, Sum: 0.0]
      [Object Copy (ms): Min: 3.9, Avg: 4.1, Max: 4.2, Diff: 0.3, Sum: 32.5]
      [Termination (ms): Min: 0.0, Avg: 0.1, Max: 0.2, Diff: 0.2, Sum: 0.9]
         [Termination Attempts: Min: 1, Avg: 1.8, Max: 3, Diff: 2, Sum: 14]
      [GC Worker Other (ms): Min: 0.0, Avg: 0.0, Max: 0.0, Diff: 0.0, Sum: 0.1]
      [GC Worker Total (ms): Min: 4.5, Avg: 4.5, Max: 4.6, Diff: 0.1, Sum: 36.0]
      [GC Worker End (ms): Min: 480.6, Avg: 480.6, Max: 480.6, Diff: 0.0]
   [Code Root Fixup: 0.0 ms]
   [Code Root Purge: 0.0 ms]
   [Clear CT: 0.5 ms]
   [Other: 1.0 ms]
      [Choose CSet: 0.0 ms]
      [Ref Proc: 0.4 ms]
      [Ref Enq: 0.0 ms]
      [Redirty Cards: 0.4 ms]
      [Humongous Register: 0.1 ms]
      [Humongous Reclaim: 0.0 ms]
      [Free CSet: 0.0 ms]
   [Eden: 88.0M(88.0M)->0.0B(13.0M) Survivors: 5120.0K->12.0M Heap: 416.0M(512.0M)->337.2M(512.0M)]
 [Times: user=0.00 sys=0.00, real=0.01 secs] 
2021-08-15T23:20:04.560+0800: 0.485: [GC pause (G1 Evacuation Pause) (mixed), 0.0088933 secs]
   [Parallel Time: 7.1 ms, GC Workers: 8]
      [GC Worker Start (ms): Min: 484.7, Avg: 484.8, Max: 484.8, Diff: 0.1]
      [Ext Root Scanning (ms): Min: 0.1, Avg: 0.1, Max: 0.2, Diff: 0.1, Sum: 0.8]
      [Update RS (ms): Min: 0.2, Avg: 0.2, Max: 0.2, Diff: 0.0, Sum: 1.8]
         [Processed Buffers: Min: 3, Avg: 3.8, Max: 5, Diff: 2, Sum: 30]
      [Scan RS (ms): Min: 0.0, Avg: 0.1, Max: 0.2, Diff: 0.2, Sum: 0.6]
      [Code Root Scanning (ms): Min: 0.0, Avg: 0.0, Max: 0.0, Diff: 0.0, Sum: 0.0]
      [Object Copy (ms): Min: 6.4, Avg: 6.5, Max: 6.5, Diff: 0.2, Sum: 51.7]
      [Termination (ms): Min: 0.0, Avg: 0.1, Max: 0.1, Diff: 0.1, Sum: 0.5]
         [Termination Attempts: Min: 1, Avg: 1.0, Max: 1, Diff: 0, Sum: 8]
      [GC Worker Other (ms): Min: 0.0, Avg: 0.0, Max: 0.0, Diff: 0.0, Sum: 0.1]
      [GC Worker Total (ms): Min: 6.9, Avg: 6.9, Max: 7.0, Diff: 0.1, Sum: 55.6]
      [GC Worker End (ms): Min: 491.7, Avg: 491.7, Max: 491.7, Diff: 0.0]
   [Code Root Fixup: 0.0 ms]
   [Code Root Purge: 0.0 ms]
   [Clear CT: 0.7 ms]
   [Other: 1.1 ms]
      [Choose CSet: 0.0 ms]
      [Ref Proc: 0.3 ms]
      [Ref Enq: 0.0 ms]
      [Redirty Cards: 0.5 ms]
      [Humongous Register: 0.1 ms]
      [Humongous Reclaim: 0.0 ms]
      [Free CSet: 0.1 ms]
   [Eden: 13.0M(13.0M)->0.0B(73.0M) Survivors: 12.0M->4096.0K Heap: 352.8M(512.0M)->321.6M(512.0M)]
 [Times: user=0.13 sys=0.00, real=0.01 secs] 
2021-08-15T23:20:04.569+0800: 0.494: [GC pause (G1 Humongous Allocation) (young) (initial-mark), 0.0032699 secs]
   [Parallel Time: 1.1 ms, GC Workers: 8]
      [GC Worker Start (ms): Min: 494.0, Avg: 494.1, Max: 494.1, Diff: 0.1]
      [Ext Root Scanning (ms): Min: 0.1, Avg: 0.1, Max: 0.2, Diff: 0.1, Sum: 1.0]
      [Update RS (ms): Min: 0.1, Avg: 0.2, Max: 0.4, Diff: 0.4, Sum: 1.4]
         [Processed Buffers: Min: 1, Avg: 1.1, Max: 2, Diff: 1, Sum: 9]
      [Scan RS (ms): Min: 0.0, Avg: 0.0, Max: 0.0, Diff: 0.0, Sum: 0.0]
      [Code Root Scanning (ms): Min: 0.0, Avg: 0.0, Max: 0.0, Diff: 0.0, Sum: 0.0]
      [Object Copy (ms): Min: 0.0, Avg: 0.3, Max: 0.5, Diff: 0.5, Sum: 2.8]
      [Termination (ms): Min: 0.0, Avg: 0.1, Max: 0.2, Diff: 0.2, Sum: 0.7]
         [Termination Attempts: Min: 1, Avg: 1.0, Max: 1, Diff: 0, Sum: 8]
      [GC Worker Other (ms): Min: 0.0, Avg: 0.0, Max: 0.0, Diff: 0.0, Sum: 0.1]
      [GC Worker Total (ms): Min: 0.7, Avg: 0.7, Max: 0.8, Diff: 0.1, Sum: 6.0]
      [GC Worker End (ms): Min: 494.8, Avg: 494.8, Max: 494.8, Diff: 0.0]
   [Code Root Fixup: 0.0 ms]
   [Code Root Purge: 0.0 ms]
   [Clear CT: 0.8 ms]
   [Other: 1.3 ms]
      [Choose CSet: 0.0 ms]
      [Ref Proc: 0.5 ms]
      [Ref Enq: 0.0 ms]
      [Redirty Cards: 0.6 ms]
      [Humongous Register: 0.1 ms]
      [Humongous Reclaim: 0.0 ms]
      [Free CSet: 0.0 ms]
   [Eden: 3072.0K(73.0M)->0.0B(72.0M) Survivors: 4096.0K->5120.0K Heap: 324.0M(512.0M)->322.1M(512.0M)]
 [Times: user=0.00 sys=0.00, real=0.00 secs] 
2021-08-15T23:20:04.573+0800: 0.497: [GC concurrent-root-region-scan-start]
2021-08-15T23:20:04.573+0800: 0.497: [GC concurrent-root-region-scan-end, 0.0001168 secs]
2021-08-15T23:20:04.573+0800: 0.497: [GC concurrent-mark-start]
2021-08-15T23:20:04.574+0800: 0.499: [GC concurrent-mark-end, 0.0012384 secs]
2021-08-15T23:20:04.575+0800: 0.499: [GC remark 2021-08-15T23:20:04.575+0800: 0.499: [Finalize Marking, 0.0002032 secs] 2021-08-15T23:20:04.575+0800: 0.499: [GC ref-proc, 0.0000737 secs] 2021-08-15T23:20:04.575+0800: 0.499: [Unloading, 0.0010538 secs], 0.0022141 secs]
 [Times: user=0.00 sys=0.00, real=0.00 secs] 
2021-08-15T23:20:04.577+0800: 0.501: [GC cleanup 334M->334M(512M), 0.0018522 secs]
 [Times: user=0.00 sys=0.00, real=0.00 secs] 
2021-08-15T23:20:04.590+0800: 0.514: [GC pause (G1 Evacuation Pause) (young), 0.0069765 secs]
   [Parallel Time: 4.7 ms, GC Workers: 8]
      [GC Worker Start (ms): Min: 514.4, Avg: 514.5, Max: 514.6, Diff: 0.2]
      [Ext Root Scanning (ms): Min: 0.0, Avg: 0.1, Max: 0.2, Diff: 0.2, Sum: 0.6]
      [Update RS (ms): Min: 0.2, Avg: 0.2, Max: 0.4, Diff: 0.2, Sum: 2.0]
         [Processed Buffers: Min: 0, Avg: 3.3, Max: 4, Diff: 4, Sum: 26]
      [Scan RS (ms): Min: 0.0, Avg: 0.0, Max: 0.0, Diff: 0.0, Sum: 0.0]
      [Code Root Scanning (ms): Min: 0.0, Avg: 0.0, Max: 0.0, Diff: 0.0, Sum: 0.0]
      [Object Copy (ms): Min: 3.7, Avg: 3.8, Max: 3.9, Diff: 0.1, Sum: 30.3]
      [Termination (ms): Min: 0.0, Avg: 0.1, Max: 0.1, Diff: 0.1, Sum: 0.5]
         [Termination Attempts: Min: 1, Avg: 1.8, Max: 3, Diff: 2, Sum: 14]
      [GC Worker Other (ms): Min: 0.0, Avg: 0.0, Max: 0.1, Diff: 0.0, Sum: 0.2]
      [GC Worker Total (ms): Min: 4.2, Avg: 4.2, Max: 4.3, Diff: 0.2, Sum: 33.7]
      [GC Worker End (ms): Min: 518.7, Avg: 518.7, Max: 518.7, Diff: 0.0]
   [Code Root Fixup: 0.0 ms]
   [Code Root Purge: 0.0 ms]
   [Clear CT: 0.7 ms]
   [Other: 1.6 ms]
      [Choose CSet: 0.0 ms]
      [Ref Proc: 0.8 ms]
      [Ref Enq: 0.0 ms]
      [Redirty Cards: 0.6 ms]
      [Humongous Register: 0.1 ms]
      [Humongous Reclaim: 0.0 ms]
      [Free CSet: 0.0 ms]
   [Eden: 72.0M(72.0M)->0.0B(15.0M) Survivors: 5120.0K->10.0M Heap: 414.4M(512.0M)->352.2M(512.0M)]
 [Times: user=0.00 sys=0.00, real=0.01 secs] 
2021-08-15T23:20:04.599+0800: 0.524: [GC pause (G1 Evacuation Pause) (mixed), 0.0074394 secs]
   [Parallel Time: 5.8 ms, GC Workers: 8]
      [GC Worker Start (ms): Min: 524.1, Avg: 524.2, Max: 524.3, Diff: 0.1]
      [Ext Root Scanning (ms): Min: 0.0, Avg: 0.1, Max: 0.2, Diff: 0.1, Sum: 0.8]
      [Update RS (ms): Min: 0.3, Avg: 0.3, Max: 0.3, Diff: 0.1, Sum: 2.6]
         [Processed Buffers: Min: 1, Avg: 4.5, Max: 5, Diff: 4, Sum: 36]
      [Scan RS (ms): Min: 0.0, Avg: 0.0, Max: 0.1, Diff: 0.1, Sum: 0.3]
      [Code Root Scanning (ms): Min: 0.0, Avg: 0.0, Max: 0.0, Diff: 0.0, Sum: 0.0]
      [Object Copy (ms): Min: 5.0, Avg: 5.1, Max: 5.1, Diff: 0.2, Sum: 40.8]
      [Termination (ms): Min: 0.0, Avg: 0.0, Max: 0.1, Diff: 0.1, Sum: 0.3]
         [Termination Attempts: Min: 1, Avg: 1.0, Max: 1, Diff: 0, Sum: 8]
      [GC Worker Other (ms): Min: 0.0, Avg: 0.0, Max: 0.0, Diff: 0.0, Sum: 0.2]
      [GC Worker Total (ms): Min: 5.6, Avg: 5.6, Max: 5.7, Diff: 0.1, Sum: 44.9]
      [GC Worker End (ms): Min: 529.8, Avg: 529.8, Max: 529.8, Diff: 0.0]
   [Code Root Fixup: 0.0 ms]
   [Code Root Purge: 0.0 ms]
   [Clear CT: 0.6 ms]
   [Other: 1.0 ms]
      [Choose CSet: 0.0 ms]
      [Ref Proc: 0.3 ms]
      [Ref Enq: 0.0 ms]
      [Redirty Cards: 0.5 ms]
      [Humongous Register: 0.1 ms]
      [Humongous Reclaim: 0.0 ms]
      [Free CSet: 0.0 ms]
   [Eden: 15.0M(15.0M)->0.0B(56.0M) Survivors: 10.0M->4096.0K Heap: 371.9M(512.0M)->338.4M(512.0M)]
 [Times: user=0.00 sys=0.00, real=0.01 secs] 
2021-08-15T23:20:04.608+0800: 0.532: [GC pause (G1 Humongous Allocation) (young) (initial-mark), 0.0030483 secs]
   [Parallel Time: 1.1 ms, GC Workers: 8]
      [GC Worker Start (ms): Min: 532.1, Avg: 532.2, Max: 532.2, Diff: 0.2]
      [Ext Root Scanning (ms): Min: 0.1, Avg: 0.1, Max: 0.2, Diff: 0.2, Sum: 1.0]
      [Update RS (ms): Min: 0.0, Avg: 0.1, Max: 0.3, Diff: 0.3, Sum: 1.1]
         [Processed Buffers: Min: 1, Avg: 1.1, Max: 2, Diff: 1, Sum: 9]
      [Scan RS (ms): Min: 0.0, Avg: 0.0, Max: 0.0, Diff: 0.0, Sum: 0.0]
      [Code Root Scanning (ms): Min: 0.0, Avg: 0.0, Max: 0.0, Diff: 0.0, Sum: 0.0]
      [Object Copy (ms): Min: 0.4, Avg: 0.5, Max: 0.6, Diff: 0.3, Sum: 4.4]
      [Termination (ms): Min: 0.0, Avg: 0.1, Max: 0.2, Diff: 0.2, Sum: 0.6]
         [Termination Attempts: Min: 1, Avg: 1.3, Max: 2, Diff: 1, Sum: 10]
      [GC Worker Other (ms): Min: 0.0, Avg: 0.0, Max: 0.0, Diff: 0.0, Sum: 0.1]
      [GC Worker Total (ms): Min: 0.8, Avg: 0.9, Max: 1.0, Diff: 0.1, Sum: 7.1]
      [GC Worker End (ms): Min: 533.1, Avg: 533.1, Max: 533.1, Diff: 0.0]
   [Code Root Fixup: 0.0 ms]
   [Code Root Purge: 0.0 ms]
   [Clear CT: 0.7 ms]
   [Other: 1.3 ms]
      [Choose CSet: 0.0 ms]
      [Ref Proc: 0.4 ms]
      [Ref Enq: 0.0 ms]
      [Redirty Cards: 0.7 ms]
      [Humongous Register: 0.1 ms]
      [Humongous Reclaim: 0.0 ms]
      [Free CSet: 0.0 ms]
   [Eden: 3072.0K(56.0M)->0.0B(49.0M) Survivors: 4096.0K->6144.0K Heap: 340.8M(512.0M)->339.9M(512.0M)]
 [Times: user=0.00 sys=0.00, real=0.00 secs] 
2021-08-15T23:20:04.611+0800: 0.535: [GC concurrent-root-region-scan-start]
2021-08-15T23:20:04.611+0800: 0.535: [GC concurrent-root-region-scan-end, 0.0001327 secs]
2021-08-15T23:20:04.611+0800: 0.535: [GC concurrent-mark-start]
2021-08-15T23:20:04.612+0800: 0.537: [GC concurrent-mark-end, 0.0012888 secs]
2021-08-15T23:20:04.612+0800: 0.537: [GC remark 2021-08-15T23:20:04.612+0800: 0.537: [Finalize Marking, 0.0002184 secs] 2021-08-15T23:20:04.612+0800: 0.537: [GC ref-proc, 0.0000758 secs] 2021-08-15T23:20:04.613+0800: 0.537: [Unloading, 0.0008424 secs], 0.0018294 secs]
 [Times: user=0.02 sys=0.00, real=0.00 secs] 
2021-08-15T23:20:04.614+0800: 0.539: [GC cleanup 351M->351M(512M), 0.0021976 secs]
 [Times: user=0.00 sys=0.00, real=0.00 secs] 
2021-08-15T23:20:04.624+0800: 0.548: [GC pause (G1 Evacuation Pause) (young), 0.0053313 secs]
   [Parallel Time: 3.5 ms, GC Workers: 8]
      [GC Worker Start (ms): Min: 547.8, Avg: 547.9, Max: 547.9, Diff: 0.2]
      [Ext Root Scanning (ms): Min: 0.0, Avg: 0.1, Max: 0.2, Diff: 0.2, Sum: 0.6]
      [Update RS (ms): Min: 0.3, Avg: 0.3, Max: 0.4, Diff: 0.0, Sum: 2.7]
         [Processed Buffers: Min: 2, Avg: 4.8, Max: 6, Diff: 4, Sum: 38]
      [Scan RS (ms): Min: 0.0, Avg: 0.0, Max: 0.0, Diff: 0.0, Sum: 0.0]
      [Code Root Scanning (ms): Min: 0.0, Avg: 0.0, Max: 0.0, Diff: 0.0, Sum: 0.0]
      [Object Copy (ms): Min: 2.7, Avg: 2.8, Max: 2.8, Diff: 0.1, Sum: 22.4]
      [Termination (ms): Min: 0.0, Avg: 0.1, Max: 0.1, Diff: 0.1, Sum: 0.5]
         [Termination Attempts: Min: 1, Avg: 1.9, Max: 3, Diff: 2, Sum: 15]
      [GC Worker Other (ms): Min: 0.0, Avg: 0.0, Max: 0.0, Diff: 0.0, Sum: 0.1]
      [GC Worker Total (ms): Min: 3.2, Avg: 3.3, Max: 3.4, Diff: 0.2, Sum: 26.4]
      [GC Worker End (ms): Min: 551.2, Avg: 551.2, Max: 551.2, Diff: 0.0]
   [Code Root Fixup: 0.0 ms]
   [Code Root Purge: 0.0 ms]
   [Clear CT: 0.8 ms]
   [Other: 1.1 ms]
      [Choose CSet: 0.0 ms]
      [Ref Proc: 0.2 ms]
      [Ref Enq: 0.0 ms]
      [Redirty Cards: 0.6 ms]
      [Humongous Register: 0.1 ms]
      [Humongous Reclaim: 0.0 ms]
      [Free CSet: 0.0 ms]
   [Eden: 49.0M(49.0M)->0.0B(18.0M) Survivors: 6144.0K->7168.0K Heap: 402.0M(512.0M)->353.5M(512.0M)]
 [Times: user=0.00 sys=0.00, real=0.00 secs] 
2021-08-15T23:20:04.631+0800: 0.556: [GC pause (G1 Evacuation Pause) (mixed), 0.0084179 secs]
   [Parallel Time: 6.4 ms, GC Workers: 8]
      [GC Worker Start (ms): Min: 555.9, Avg: 556.0, Max: 556.1, Diff: 0.1]
      [Ext Root Scanning (ms): Min: 0.0, Avg: 0.1, Max: 0.2, Diff: 0.1, Sum: 0.7]
      [Update RS (ms): Min: 0.4, Avg: 0.4, Max: 0.4, Diff: 0.1, Sum: 3.0]
         [Processed Buffers: Min: 2, Avg: 5.3, Max: 6, Diff: 4, Sum: 42]
      [Scan RS (ms): Min: 0.0, Avg: 0.0, Max: 0.1, Diff: 0.1, Sum: 0.2]
      [Code Root Scanning (ms): Min: 0.0, Avg: 0.0, Max: 0.0, Diff: 0.0, Sum: 0.0]
      [Object Copy (ms): Min: 5.3, Avg: 5.3, Max: 5.4, Diff: 0.2, Sum: 42.7]
      [Termination (ms): Min: 0.0, Avg: 0.1, Max: 0.2, Diff: 0.1, Sum: 0.6]
         [Termination Attempts: Min: 1, Avg: 1.1, Max: 2, Diff: 1, Sum: 9]
      [GC Worker Other (ms): Min: 0.0, Avg: 0.0, Max: 0.0, Diff: 0.0, Sum: 0.1]
      [GC Worker Total (ms): Min: 5.9, Avg: 5.9, Max: 6.0, Diff: 0.1, Sum: 47.4]
      [GC Worker End (ms): Min: 562.0, Avg: 562.0, Max: 562.0, Diff: 0.0]
   [Code Root Fixup: 0.0 ms]
   [Code Root Purge: 0.0 ms]
   [Clear CT: 0.6 ms]
   [Other: 1.3 ms]
      [Choose CSet: 0.0 ms]
      [Ref Proc: 0.4 ms]
      [Ref Enq: 0.0 ms]
      [Redirty Cards: 0.7 ms]
      [Humongous Register: 0.1 ms]
      [Humongous Reclaim: 0.0 ms]
      [Free CSet: 0.1 ms]
   [Eden: 18.0M(18.0M)->0.0B(49.0M) Survivors: 7168.0K->4096.0K Heap: 376.7M(512.0M)->341.2M(512.0M)]
 [Times: user=0.00 sys=0.00, real=0.01 secs] 
2021-08-15T23:20:04.641+0800: 0.565: [GC pause (G1 Humongous Allocation) (young) (initial-mark), 0.0033359 secs]
   [Parallel Time: 1.5 ms, GC Workers: 8]
      [GC Worker Start (ms): Min: 565.0, Avg: 565.1, Max: 565.2, Diff: 0.2]
      [Ext Root Scanning (ms): Min: 0.1, Avg: 0.1, Max: 0.2, Diff: 0.2, Sum: 0.9]
      [Update RS (ms): Min: 0.0, Avg: 0.1, Max: 0.3, Diff: 0.3, Sum: 1.0]
         [Processed Buffers: Min: 1, Avg: 1.1, Max: 2, Diff: 1, Sum: 9]
      [Scan RS (ms): Min: 0.0, Avg: 0.0, Max: 0.0, Diff: 0.0, Sum: 0.0]
      [Code Root Scanning (ms): Min: 0.0, Avg: 0.0, Max: 0.0, Diff: 0.0, Sum: 0.0]
      [Object Copy (ms): Min: 0.3, Avg: 0.5, Max: 0.7, Diff: 0.3, Sum: 4.3]
      [Termination (ms): Min: 0.0, Avg: 0.0, Max: 0.1, Diff: 0.1, Sum: 0.2]
         [Termination Attempts: Min: 1, Avg: 1.0, Max: 1, Diff: 0, Sum: 8]
      [GC Worker Other (ms): Min: 0.0, Avg: 0.0, Max: 0.0, Diff: 0.0, Sum: 0.1]
      [GC Worker Total (ms): Min: 0.8, Avg: 0.8, Max: 0.9, Diff: 0.2, Sum: 6.4]
      [GC Worker End (ms): Min: 565.9, Avg: 565.9, Max: 565.9, Diff: 0.0]
   [Code Root Fixup: 0.0 ms]
   [Code Root Purge: 0.0 ms]
   [Clear CT: 0.6 ms]
   [Other: 1.2 ms]
      [Choose CSet: 0.0 ms]
      [Ref Proc: 0.5 ms]
      [Ref Enq: 0.0 ms]
      [Redirty Cards: 0.5 ms]
      [Humongous Register: 0.1 ms]
      [Humongous Reclaim: 0.0 ms]
      [Free CSet: 0.0 ms]
   [Eden: 4096.0K(49.0M)->0.0B(49.0M) Survivors: 4096.0K->5120.0K Heap: 344.8M(512.0M)->341.6M(512.0M)]
 [Times: user=0.00 sys=0.00, real=0.00 secs] 
2021-08-15T23:20:04.644+0800: 0.568: [GC concurrent-root-region-scan-start]
2021-08-15T23:20:04.644+0800: 0.569: [GC concurrent-root-region-scan-end, 0.0001506 secs]
2021-08-15T23:20:04.644+0800: 0.569: [GC concurrent-mark-start]
2021-08-15T23:20:04.645+0800: 0.570: [GC concurrent-mark-end, 0.0012958 secs]
2021-08-15T23:20:04.645+0800: 0.570: [GC remark 2021-08-15T23:20:04.645+0800: 0.570: [Finalize Marking, 0.0004411 secs] 2021-08-15T23:20:04.646+0800: 0.571: [GC ref-proc, 0.0000709 secs] 2021-08-15T23:20:04.646+0800: 0.571: [Unloading, 0.0007011 secs], 0.0021609 secs]
 [Times: user=0.00 sys=0.00, real=0.00 secs] 
2021-08-15T23:20:04.648+0800: 0.572: [GC cleanup 353M->353M(512M), 0.0015659 secs]
 [Times: user=0.00 sys=0.00, real=0.00 secs] 
2021-08-15T23:20:04.657+0800: 0.581: [GC pause (G1 Evacuation Pause) (young), 0.0051223 secs]
   [Parallel Time: 3.4 ms, GC Workers: 8]
      [GC Worker Start (ms): Min: 580.9, Avg: 581.0, Max: 581.1, Diff: 0.2]
      [Ext Root Scanning (ms): Min: 0.0, Avg: 0.1, Max: 0.2, Diff: 0.1, Sum: 0.6]
      [Update RS (ms): Min: 0.3, Avg: 0.4, Max: 0.4, Diff: 0.0, Sum: 3.1]
         [Processed Buffers: Min: 2, Avg: 5.5, Max: 6, Diff: 4, Sum: 44]
      [Scan RS (ms): Min: 0.0, Avg: 0.0, Max: 0.0, Diff: 0.0, Sum: 0.0]
      [Code Root Scanning (ms): Min: 0.0, Avg: 0.0, Max: 0.0, Diff: 0.0, Sum: 0.0]
      [Object Copy (ms): Min: 2.7, Avg: 2.7, Max: 2.8, Diff: 0.1, Sum: 22.0]
      [Termination (ms): Min: 0.0, Avg: 0.0, Max: 0.1, Diff: 0.1, Sum: 0.2]
         [Termination Attempts: Min: 1, Avg: 1.8, Max: 3, Diff: 2, Sum: 14]
      [GC Worker Other (ms): Min: 0.0, Avg: 0.0, Max: 0.0, Diff: 0.0, Sum: 0.1]
      [GC Worker Total (ms): Min: 3.2, Avg: 3.3, Max: 3.4, Diff: 0.1, Sum: 26.1]
      [GC Worker End (ms): Min: 584.3, Avg: 584.3, Max: 584.3, Diff: 0.0]
   [Code Root Fixup: 0.0 ms]
   [Code Root Purge: 0.0 ms]
   [Clear CT: 0.4 ms]
   [Other: 1.3 ms]
      [Choose CSet: 0.0 ms]
      [Ref Proc: 0.4 ms]
      [Ref Enq: 0.0 ms]
      [Redirty Cards: 0.7 ms]
      [Humongous Register: 0.1 ms]
      [Humongous Reclaim: 0.0 ms]
      [Free CSet: 0.0 ms]
   [Eden: 49.0M(49.0M)->0.0B(18.0M) Survivors: 5120.0K->7168.0K Heap: 399.8M(512.0M)->355.4M(512.0M)]
 [Times: user=0.00 sys=0.00, real=0.00 secs] 
2021-08-15T23:20:04.665+0800: 0.589: [GC pause (G1 Evacuation Pause) (mixed), 0.0074497 secs]
   [Parallel Time: 5.4 ms, GC Workers: 8]
      [GC Worker Start (ms): Min: 588.9, Avg: 589.0, Max: 589.0, Diff: 0.2]
      [Ext Root Scanning (ms): Min: 0.0, Avg: 0.1, Max: 0.2, Diff: 0.2, Sum: 0.7]
      [Update RS (ms): Min: 0.4, Avg: 0.4, Max: 0.4, Diff: 0.0, Sum: 3.1]
         [Processed Buffers: Min: 5, Avg: 5.8, Max: 6, Diff: 1, Sum: 46]
      [Scan RS (ms): Min: 0.0, Avg: 0.1, Max: 0.2, Diff: 0.2, Sum: 0.4]
      [Code Root Scanning (ms): Min: 0.0, Avg: 0.0, Max: 0.0, Diff: 0.0, Sum: 0.0]
      [Object Copy (ms): Min: 4.5, Avg: 4.6, Max: 4.7, Diff: 0.2, Sum: 37.1]
      [Termination (ms): Min: 0.0, Avg: 0.0, Max: 0.1, Diff: 0.1, Sum: 0.3]
         [Termination Attempts: Min: 1, Avg: 1.1, Max: 2, Diff: 1, Sum: 9]
      [GC Worker Other (ms): Min: 0.0, Avg: 0.0, Max: 0.0, Diff: 0.0, Sum: 0.1]
      [GC Worker Total (ms): Min: 5.2, Avg: 5.2, Max: 5.3, Diff: 0.2, Sum: 41.8]
      [GC Worker End (ms): Min: 594.2, Avg: 594.2, Max: 594.2, Diff: 0.0]
   [Code Root Fixup: 0.0 ms]
   [Code Root Purge: 0.0 ms]
   [Clear CT: 0.7 ms]
   [Other: 1.4 ms]
      [Choose CSet: 0.0 ms]
      [Ref Proc: 0.5 ms]
      [Ref Enq: 0.0 ms]
      [Redirty Cards: 0.7 ms]
      [Humongous Register: 0.1 ms]
      [Humongous Reclaim: 0.0 ms]
      [Free CSet: 0.0 ms]
   [Eden: 18.0M(18.0M)->0.0B(49.0M) Survivors: 7168.0K->4096.0K Heap: 378.0M(512.0M)->343.1M(512.0M)]
 [Times: user=0.00 sys=0.00, real=0.01 secs] 
2021-08-15T23:20:04.673+0800: 0.596: [GC pause (G1 Humongous Allocation) (young) (initial-mark), 0.0032274 secs]
   [Parallel Time: 1.3 ms, GC Workers: 8]
      [GC Worker Start (ms): Min: 596.6, Avg: 596.7, Max: 596.7, Diff: 0.2]
      [Ext Root Scanning (ms): Min: 0.1, Avg: 0.1, Max: 0.2, Diff: 0.2, Sum: 0.8]
      [Update RS (ms): Min: 0.0, Avg: 0.1, Max: 0.3, Diff: 0.2, Sum: 1.1]
         [Processed Buffers: Min: 1, Avg: 1.1, Max: 2, Diff: 1, Sum: 9]
      [Scan RS (ms): Min: 0.0, Avg: 0.0, Max: 0.0, Diff: 0.0, Sum: 0.0]
      [Code Root Scanning (ms): Min: 0.0, Avg: 0.0, Max: 0.0, Diff: 0.0, Sum: 0.0]
      [Object Copy (ms): Min: 0.2, Avg: 0.4, Max: 0.5, Diff: 0.3, Sum: 3.0]
      [Termination (ms): Min: 0.0, Avg: 0.1, Max: 0.2, Diff: 0.2, Sum: 0.5]
         [Termination Attempts: Min: 1, Avg: 1.0, Max: 1, Diff: 0, Sum: 8]
      [GC Worker Other (ms): Min: 0.0, Avg: 0.0, Max: 0.0, Diff: 0.0, Sum: 0.1]
      [GC Worker Total (ms): Min: 0.6, Avg: 0.7, Max: 0.8, Diff: 0.2, Sum: 5.5]
      [GC Worker End (ms): Min: 597.3, Avg: 597.4, Max: 597.4, Diff: 0.0]
   [Code Root Fixup: 0.0 ms]
   [Code Root Purge: 0.0 ms]
   [Clear CT: 0.9 ms]
   [Other: 1.0 ms]
      [Choose CSet: 0.0 ms]
      [Ref Proc: 0.2 ms]
      [Ref Enq: 0.0 ms]
      [Redirty Cards: 0.6 ms]
      [Humongous Register: 0.1 ms]
      [Humongous Reclaim: 0.0 ms]
      [Free CSet: 0.0 ms]
   [Eden: 1024.0K(49.0M)->0.0B(52.0M) Survivors: 4096.0K->4096.0K Heap: 343.3M(512.0M)->343.0M(512.0M)]
 [Times: user=0.00 sys=0.00, real=0.00 secs] 
2021-08-15T23:20:04.675+0800: 0.600: [GC concurrent-root-region-scan-start]
2021-08-15T23:20:04.675+0800: 0.600: [GC concurrent-root-region-scan-end, 0.0001278 secs]
2021-08-15T23:20:04.675+0800: 0.600: [GC concurrent-mark-start]
2021-08-15T23:20:04.677+0800: 0.601: [GC concurrent-mark-end, 0.0012514 secs]
2021-08-15T23:20:04.677+0800: 0.601: [GC remark 2021-08-15T23:20:04.677+0800: 0.601: [Finalize Marking, 0.0002670 secs] 2021-08-15T23:20:04.677+0800: 0.602: [GC ref-proc, 0.0000702 secs] 2021-08-15T23:20:04.677+0800: 0.602: [Unloading, 0.0008418 secs], 0.0020443 secs]
 [Times: user=0.00 sys=0.00, real=0.00 secs] 
2021-08-15T23:20:04.679+0800: 0.604: [GC cleanup 354M->354M(512M), 0.0018642 secs]
 [Times: user=0.00 sys=0.00, real=0.00 secs] 
2021-08-15T23:20:04.689+0800: 0.613: [GC pause (G1 Evacuation Pause) (young), 0.0063505 secs]
   [Parallel Time: 3.5 ms, GC Workers: 8]
      [GC Worker Start (ms): Min: 613.2, Avg: 613.4, Max: 613.4, Diff: 0.2]
      [Ext Root Scanning (ms): Min: 0.0, Avg: 0.1, Max: 0.2, Diff: 0.2, Sum: 0.7]
      [Update RS (ms): Min: 0.5, Avg: 0.5, Max: 0.5, Diff: 0.0, Sum: 3.9]
         [Processed Buffers: Min: 4, Avg: 7.1, Max: 8, Diff: 4, Sum: 57]
      [Scan RS (ms): Min: 0.0, Avg: 0.0, Max: 0.0, Diff: 0.0, Sum: 0.0]
      [Code Root Scanning (ms): Min: 0.0, Avg: 0.0, Max: 0.0, Diff: 0.0, Sum: 0.0]
      [Object Copy (ms): Min: 2.4, Avg: 2.5, Max: 2.6, Diff: 0.2, Sum: 19.9]
      [Termination (ms): Min: 0.0, Avg: 0.1, Max: 0.2, Diff: 0.2, Sum: 0.8]
         [Termination Attempts: Min: 1, Avg: 1.0, Max: 1, Diff: 0, Sum: 8]
      [GC Worker Other (ms): Min: 0.0, Avg: 0.0, Max: 0.0, Diff: 0.0, Sum: 0.1]
      [GC Worker Total (ms): Min: 3.1, Avg: 3.2, Max: 3.3, Diff: 0.2, Sum: 25.4]
      [GC Worker End (ms): Min: 616.5, Avg: 616.5, Max: 616.5, Diff: 0.0]
   [Code Root Fixup: 0.0 ms]
   [Code Root Purge: 0.0 ms]
   [Clear CT: 0.9 ms]
   [Other: 1.9 ms]
      [Choose CSet: 0.0 ms]
      [Ref Proc: 0.4 ms]
      [Ref Enq: 0.0 ms]
      [Redirty Cards: 1.3 ms]
      [Humongous Register: 0.1 ms]
      [Humongous Reclaim: 0.0 ms]
      [Free CSet: 0.0 ms]
   [Eden: 52.0M(52.0M)->0.0B(18.0M) Survivors: 4096.0K->7168.0K Heap: 408.6M(512.0M)->358.5M(512.0M)]
 [Times: user=0.11 sys=0.00, real=0.01 secs] 
2021-08-15T23:20:04.698+0800: 0.623: [GC pause (G1 Evacuation Pause) (mixed), 0.0093467 secs]
   [Parallel Time: 6.2 ms, GC Workers: 8]
      [GC Worker Start (ms): Min: 623.2, Avg: 623.3, Max: 623.4, Diff: 0.2]
      [Ext Root Scanning (ms): Min: 0.0, Avg: 0.1, Max: 0.2, Diff: 0.2, Sum: 0.6]
      [Update RS (ms): Min: 0.5, Avg: 0.7, Max: 1.9, Diff: 1.4, Sum: 5.5]
         [Processed Buffers: Min: 2, Avg: 6.8, Max: 9, Diff: 7, Sum: 54]
      [Scan RS (ms): Min: 0.0, Avg: 0.0, Max: 0.0, Diff: 0.0, Sum: 0.2]
      [Code Root Scanning (ms): Min: 0.0, Avg: 0.0, Max: 0.0, Diff: 0.0, Sum: 0.0]
      [Object Copy (ms): Min: 3.1, Avg: 4.4, Max: 4.7, Diff: 1.6, Sum: 34.9]
      [Termination (ms): Min: 0.0, Avg: 0.2, Max: 0.2, Diff: 0.2, Sum: 1.3]
         [Termination Attempts: Min: 1, Avg: 1.0, Max: 1, Diff: 0, Sum: 8]
      [GC Worker Other (ms): Min: 0.0, Avg: 0.0, Max: 0.0, Diff: 0.0, Sum: 0.1]
      [GC Worker Total (ms): Min: 5.2, Avg: 5.3, Max: 5.4, Diff: 0.2, Sum: 42.7]
      [GC Worker End (ms): Min: 628.7, Avg: 628.7, Max: 628.7, Diff: 0.0]
   [Code Root Fixup: 0.0 ms]
   [Code Root Purge: 0.0 ms]
   [Clear CT: 0.3 ms]
   [Other: 2.9 ms]
      [Choose CSet: 0.0 ms]
      [Ref Proc: 2.0 ms]
      [Ref Enq: 0.0 ms]
      [Redirty Cards: 0.6 ms]
      [Humongous Register: 0.1 ms]
      [Humongous Reclaim: 0.0 ms]
      [Free CSet: 0.0 ms]
   [Eden: 18.0M(18.0M)->0.0B(45.0M) Survivors: 7168.0K->4096.0K Heap: 382.2M(512.0M)->351.3M(512.0M)]
 [Times: user=0.01 sys=0.00, real=0.01 secs] 
2021-08-15T23:20:04.708+0800: 0.632: [GC pause (G1 Humongous Allocation) (young) (initial-mark), 0.0045676 secs]
   [Parallel Time: 1.8 ms, GC Workers: 8]
      [GC Worker Start (ms): Min: 632.7, Avg: 632.8, Max: 632.9, Diff: 0.2]
      [Ext Root Scanning (ms): Min: 0.0, Avg: 0.1, Max: 0.2, Diff: 0.2, Sum: 1.0]
      [Update RS (ms): Min: 0.0, Avg: 0.1, Max: 0.4, Diff: 0.4, Sum: 0.9]
         [Processed Buffers: Min: 0, Avg: 1.1, Max: 2, Diff: 2, Sum: 9]
      [Scan RS (ms): Min: 0.0, Avg: 0.0, Max: 0.0, Diff: 0.0, Sum: 0.0]
      [Code Root Scanning (ms): Min: 0.0, Avg: 0.0, Max: 0.0, Diff: 0.0, Sum: 0.0]
      [Object Copy (ms): Min: 0.0, Avg: 0.4, Max: 0.9, Diff: 0.9, Sum: 3.2]
      [Termination (ms): Min: 0.0, Avg: 0.5, Max: 0.7, Diff: 0.7, Sum: 4.2]
         [Termination Attempts: Min: 1, Avg: 1.0, Max: 1, Diff: 0, Sum: 8]
      [GC Worker Other (ms): Min: 0.0, Avg: 0.0, Max: 0.0, Diff: 0.0, Sum: 0.1]
      [GC Worker Total (ms): Min: 1.1, Avg: 1.2, Max: 1.2, Diff: 0.2, Sum: 9.3]
      [GC Worker End (ms): Min: 633.9, Avg: 633.9, Max: 633.9, Diff: 0.0]
   [Code Root Fixup: 0.0 ms]
   [Code Root Purge: 0.0 ms]
   [Clear CT: 0.5 ms]
   [Other: 2.2 ms]
      [Choose CSet: 0.0 ms]
      [Ref Proc: 1.4 ms]
      [Ref Enq: 0.0 ms]
      [Redirty Cards: 0.7 ms]
      [Humongous Register: 0.1 ms]
      [Humongous Reclaim: 0.0 ms]
      [Free CSet: 0.0 ms]
   [Eden: 1024.0K(45.0M)->0.0B(48.0M) Survivors: 4096.0K->0.0B Heap: 352.3M(512.0M)->351.3M(512.0M)]
 [Times: user=0.00 sys=0.00, real=0.01 secs] 
2021-08-15T23:20:04.714+0800: 0.638: [GC concurrent-root-region-scan-start]
2021-08-15T23:20:04.714+0800: 0.638: [GC concurrent-root-region-scan-end, 0.0000176 secs]
2021-08-15T23:20:04.714+0800: 0.638: [GC concurrent-mark-start]
2021-08-15T23:20:04.715+0800: 0.640: [GC concurrent-mark-end, 0.0016668 secs]
2021-08-15T23:20:04.716+0800: 0.640: [GC remark 2021-08-15T23:20:04.716+0800: 0.640: [Finalize Marking, 0.0008025 secs] 2021-08-15T23:20:04.716+0800: 0.641: [GC ref-proc, 0.0001066 secs] 2021-08-15T23:20:04.717+0800: 0.641: [Unloading, 0.0005310 secs], 0.0024030 secs]
 [Times: user=0.00 sys=0.00, real=0.00 secs] 
2021-08-15T23:20:04.718+0800: 0.643: [GC cleanup 372M->372M(512M), 0.0006972 secs]
 [Times: user=0.00 sys=0.00, real=0.00 secs] 
2021-08-15T23:20:04.725+0800: 0.650: [GC pause (G1 Evacuation Pause) (young), 0.0053328 secs]
   [Parallel Time: 3.5 ms, GC Workers: 8]
      [GC Worker Start (ms): Min: 650.0, Avg: 650.1, Max: 650.1, Diff: 0.1]
      [Ext Root Scanning (ms): Min: 0.1, Avg: 0.1, Max: 0.2, Diff: 0.1, Sum: 0.8]
      [Update RS (ms): Min: 0.4, Avg: 0.5, Max: 0.5, Diff: 0.1, Sum: 3.6]
         [Processed Buffers: Min: 3, Avg: 6.5, Max: 7, Diff: 4, Sum: 52]
      [Scan RS (ms): Min: 0.0, Avg: 0.0, Max: 0.0, Diff: 0.0, Sum: 0.0]
      [Code Root Scanning (ms): Min: 0.0, Avg: 0.0, Max: 0.0, Diff: 0.0, Sum: 0.0]
      [Object Copy (ms): Min: 2.3, Avg: 2.4, Max: 2.5, Diff: 0.2, Sum: 19.5]
      [Termination (ms): Min: 0.0, Avg: 0.1, Max: 0.2, Diff: 0.2, Sum: 0.8]
         [Termination Attempts: Min: 1, Avg: 1.6, Max: 2, Diff: 1, Sum: 13]
      [GC Worker Other (ms): Min: 0.0, Avg: 0.0, Max: 0.0, Diff: 0.0, Sum: 0.2]
      [GC Worker Total (ms): Min: 3.1, Avg: 3.1, Max: 3.2, Diff: 0.1, Sum: 25.0]
      [GC Worker End (ms): Min: 653.2, Avg: 653.2, Max: 653.2, Diff: 0.0]
   [Code Root Fixup: 0.0 ms]
   [Code Root Purge: 0.0 ms]
   [Clear CT: 0.8 ms]
   [Other: 1.0 ms]
      [Choose CSet: 0.0 ms]
      [Ref Proc: 0.2 ms]
      [Ref Enq: 0.0 ms]
      [Redirty Cards: 0.6 ms]
      [Humongous Register: 0.1 ms]
      [Humongous Reclaim: 0.0 ms]
      [Free CSet: 0.0 ms]
   [Eden: 48.0M(48.0M)->0.0B(19.0M) Survivors: 0.0B->6144.0K Heap: 413.4M(512.0M)->370.4M(512.0M)]
 [Times: user=0.00 sys=0.00, real=0.01 secs] 
2021-08-15T23:20:04.734+0800: 0.659: [GC pause (G1 Evacuation Pause) (mixed), 0.0088140 secs]
   [Parallel Time: 6.9 ms, GC Workers: 8]
      [GC Worker Start (ms): Min: 658.9, Avg: 659.0, Max: 659.0, Diff: 0.1]
      [Ext Root Scanning (ms): Min: 0.1, Avg: 0.1, Max: 0.2, Diff: 0.1, Sum: 0.8]
      [Update RS (ms): Min: 0.4, Avg: 0.4, Max: 0.6, Diff: 0.2, Sum: 3.3]
         [Processed Buffers: Min: 1, Avg: 5.1, Max: 7, Diff: 6, Sum: 41]
      [Scan RS (ms): Min: 0.0, Avg: 0.0, Max: 0.0, Diff: 0.0, Sum: 0.2]
      [Code Root Scanning (ms): Min: 0.0, Avg: 0.0, Max: 0.0, Diff: 0.0, Sum: 0.0]
      [Object Copy (ms): Min: 5.8, Avg: 6.0, Max: 6.1, Diff: 0.4, Sum: 48.1]
      [Termination (ms): Min: 0.0, Avg: 0.1, Max: 0.2, Diff: 0.2, Sum: 1.1]
         [Termination Attempts: Min: 1, Avg: 1.0, Max: 1, Diff: 0, Sum: 8]
      [GC Worker Other (ms): Min: 0.0, Avg: 0.0, Max: 0.0, Diff: 0.0, Sum: 0.2]
      [GC Worker Total (ms): Min: 6.7, Avg: 6.7, Max: 6.8, Diff: 0.1, Sum: 53.7]
      [GC Worker End (ms): Min: 665.7, Avg: 665.7, Max: 665.7, Diff: 0.0]
   [Code Root Fixup: 0.0 ms]
   [Code Root Purge: 0.0 ms]
   [Clear CT: 0.7 ms]
   [Other: 1.2 ms]
      [Choose CSet: 0.0 ms]
      [Ref Proc: 0.4 ms]
      [Ref Enq: 0.0 ms]
      [Redirty Cards: 0.6 ms]
      [Humongous Register: 0.1 ms]
      [Humongous Reclaim: 0.0 ms]
      [Free CSet: 0.1 ms]
   [Eden: 19.0M(19.0M)->0.0B(39.0M) Survivors: 6144.0K->4096.0K Heap: 393.5M(512.0M)->357.7M(512.0M)]
 [Times: user=0.11 sys=0.00, real=0.01 secs] 
2021-08-15T23:20:04.744+0800: 0.668: [GC pause (G1 Humongous Allocation) (young) (initial-mark), 0.0028286 secs]
   [Parallel Time: 1.1 ms, GC Workers: 8]
      [GC Worker Start (ms): Min: 668.4, Avg: 668.5, Max: 668.6, Diff: 0.1]
      [Ext Root Scanning (ms): Min: 0.1, Avg: 0.1, Max: 0.2, Diff: 0.1, Sum: 1.0]
      [Update RS (ms): Min: 0.0, Avg: 0.1, Max: 0.2, Diff: 0.2, Sum: 0.7]
         [Processed Buffers: Min: 1, Avg: 1.1, Max: 2, Diff: 1, Sum: 9]
      [Scan RS (ms): Min: 0.0, Avg: 0.0, Max: 0.0, Diff: 0.0, Sum: 0.0]
      [Code Root Scanning (ms): Min: 0.0, Avg: 0.0, Max: 0.0, Diff: 0.0, Sum: 0.0]
      [Object Copy (ms): Min: 0.4, Avg: 0.5, Max: 0.6, Diff: 0.2, Sum: 3.9]
      [Termination (ms): Min: 0.0, Avg: 0.1, Max: 0.1, Diff: 0.1, Sum: 0.5]
         [Termination Attempts: Min: 1, Avg: 1.0, Max: 1, Diff: 0, Sum: 8]
      [GC Worker Other (ms): Min: 0.0, Avg: 0.0, Max: 0.0, Diff: 0.0, Sum: 0.1]
      [GC Worker Total (ms): Min: 0.7, Avg: 0.8, Max: 0.8, Diff: 0.1, Sum: 6.2]
      [GC Worker End (ms): Min: 669.3, Avg: 669.3, Max: 669.3, Diff: 0.0]
   [Code Root Fixup: 0.0 ms]
   [Code Root Purge: 0.0 ms]
   [Clear CT: 0.8 ms]
   [Other: 0.9 ms]
      [Choose CSet: 0.0 ms]
      [Ref Proc: 0.2 ms]
      [Ref Enq: 0.0 ms]
      [Redirty Cards: 0.5 ms]
      [Humongous Register: 0.1 ms]
      [Humongous Reclaim: 0.0 ms]
      [Free CSet: 0.0 ms]
   [Eden: 4096.0K(39.0M)->0.0B(41.0M) Survivors: 4096.0K->1024.0K Heap: 361.1M(512.0M)->358.0M(512.0M)]
 [Times: user=0.00 sys=0.00, real=0.00 secs] 
2021-08-15T23:20:04.747+0800: 0.671: [GC concurrent-root-region-scan-start]
2021-08-15T23:20:04.747+0800: 0.671: [GC concurrent-root-region-scan-end, 0.0001322 secs]
2021-08-15T23:20:04.747+0800: 0.671: [GC concurrent-mark-start]
2021-08-15T23:20:04.748+0800: 0.673: [GC concurrent-mark-end, 0.0011268 secs]
2021-08-15T23:20:04.749+0800: 0.673: [GC remark 2021-08-15T23:20:04.749+0800: 0.673: [Finalize Marking, 0.0003409 secs] 2021-08-15T23:20:04.749+0800: 0.673: [GC ref-proc, 0.0000720 secs] 2021-08-15T23:20:04.749+0800: 0.673: [Unloading, 0.0010286 secs], 0.0023442 secs]
 [Times: user=0.00 sys=0.00, real=0.00 secs] 
2021-08-15T23:20:04.751+0800: 0.675: [GC cleanup 367M->367M(512M), 0.0020911 secs]
 [Times: user=0.00 sys=0.00, real=0.00 secs] 
2021-08-15T23:20:04.760+0800: 0.684: [GC pause (G1 Evacuation Pause) (young), 0.0051134 secs]
   [Parallel Time: 3.2 ms, GC Workers: 8]
      [GC Worker Start (ms): Min: 683.9, Avg: 684.0, Max: 684.1, Diff: 0.2]
      [Ext Root Scanning (ms): Min: 0.0, Avg: 0.1, Max: 0.2, Diff: 0.1, Sum: 0.6]
      [Update RS (ms): Min: 0.4, Avg: 0.5, Max: 0.5, Diff: 0.1, Sum: 3.6]
         [Processed Buffers: Min: 3, Avg: 6.5, Max: 7, Diff: 4, Sum: 52]
      [Scan RS (ms): Min: 0.0, Avg: 0.0, Max: 0.0, Diff: 0.0, Sum: 0.0]
      [Code Root Scanning (ms): Min: 0.0, Avg: 0.0, Max: 0.0, Diff: 0.0, Sum: 0.0]
      [Object Copy (ms): Min: 2.0, Avg: 2.0, Max: 2.1, Diff: 0.2, Sum: 16.4]
      [Termination (ms): Min: 0.0, Avg: 0.1, Max: 0.1, Diff: 0.1, Sum: 0.5]
         [Termination Attempts: Min: 1, Avg: 1.6, Max: 2, Diff: 1, Sum: 13]
      [GC Worker Other (ms): Min: 0.0, Avg: 0.0, Max: 0.0, Diff: 0.0, Sum: 0.1]
      [GC Worker Total (ms): Min: 2.6, Avg: 2.7, Max: 2.8, Diff: 0.2, Sum: 21.3]
      [GC Worker End (ms): Min: 686.7, Avg: 686.7, Max: 686.7, Diff: 0.0]
   [Code Root Fixup: 0.0 ms]
   [Code Root Purge: 0.0 ms]
   [Clear CT: 0.7 ms]
   [Other: 1.3 ms]
      [Choose CSet: 0.0 ms]
      [Ref Proc: 0.5 ms]
      [Ref Enq: 0.0 ms]
      [Redirty Cards: 0.6 ms]
      [Humongous Register: 0.1 ms]
      [Humongous Reclaim: 0.0 ms]
      [Free CSet: 0.0 ms]
   [Eden: 41.0M(41.0M)->0.0B(19.0M) Survivors: 1024.0K->6144.0K Heap: 412.1M(512.0M)->375.6M(512.0M)]
 [Times: user=0.00 sys=0.00, real=0.01 secs] 
2021-08-15T23:20:04.768+0800: 0.692: [GC pause (G1 Evacuation Pause) (mixed), 0.0082356 secs]
   [Parallel Time: 6.5 ms, GC Workers: 8]
      [GC Worker Start (ms): Min: 692.6, Avg: 692.8, Max: 692.8, Diff: 0.2]
      [Ext Root Scanning (ms): Min: 0.0, Avg: 0.1, Max: 0.2, Diff: 0.2, Sum: 0.7]
      [Update RS (ms): Min: 0.3, Avg: 0.4, Max: 0.4, Diff: 0.1, Sum: 3.1]
         [Processed Buffers: Min: 5, Avg: 5.8, Max: 6, Diff: 1, Sum: 46]
      [Scan RS (ms): Min: 0.0, Avg: 0.0, Max: 0.1, Diff: 0.1, Sum: 0.3]
      [Code Root Scanning (ms): Min: 0.0, Avg: 0.0, Max: 0.0, Diff: 0.0, Sum: 0.0]
      [Object Copy (ms): Min: 5.5, Avg: 5.6, Max: 5.6, Diff: 0.1, Sum: 44.6]
      [Termination (ms): Min: 0.0, Avg: 0.1, Max: 0.1, Diff: 0.1, Sum: 0.5]
         [Termination Attempts: Min: 1, Avg: 1.0, Max: 1, Diff: 0, Sum: 8]
      [GC Worker Other (ms): Min: 0.0, Avg: 0.0, Max: 0.0, Diff: 0.0, Sum: 0.1]
      [GC Worker Total (ms): Min: 6.1, Avg: 6.1, Max: 6.3, Diff: 0.2, Sum: 49.2]
      [GC Worker End (ms): Min: 698.9, Avg: 698.9, Max: 698.9, Diff: 0.0]
   [Code Root Fixup: 0.0 ms]
   [Code Root Purge: 0.0 ms]
   [Clear CT: 0.4 ms]
   [Other: 1.3 ms]
      [Choose CSet: 0.0 ms]
      [Ref Proc: 0.5 ms]
      [Ref Enq: 0.0 ms]
      [Redirty Cards: 0.6 ms]
      [Humongous Register: 0.1 ms]
      [Humongous Reclaim: 0.0 ms]
      [Free CSet: 0.1 ms]
   [Eden: 19.0M(19.0M)->0.0B(34.0M) Survivors: 6144.0K->4096.0K Heap: 399.2M(512.0M)->362.7M(512.0M)]
 [Times: user=0.13 sys=0.00, real=0.01 secs] 
2021-08-15T23:20:04.778+0800: 0.703: [GC pause (G1 Humongous Allocation) (young) (initial-mark), 0.0036603 secs]
   [Parallel Time: 1.8 ms, GC Workers: 8]
      [GC Worker Start (ms): Min: 702.8, Avg: 702.9, Max: 703.0, Diff: 0.2]
      [Ext Root Scanning (ms): Min: 0.0, Avg: 0.3, Max: 1.2, Diff: 1.2, Sum: 2.2]
      [Update RS (ms): Min: 0.0, Avg: 0.1, Max: 0.3, Diff: 0.3, Sum: 1.0]
         [Processed Buffers: Min: 0, Avg: 1.1, Max: 2, Diff: 2, Sum: 9]
      [Scan RS (ms): Min: 0.0, Avg: 0.0, Max: 0.0, Diff: 0.0, Sum: 0.0]
      [Code Root Scanning (ms): Min: 0.0, Avg: 0.0, Max: 0.0, Diff: 0.0, Sum: 0.0]
      [Object Copy (ms): Min: 0.0, Avg: 0.8, Max: 1.1, Diff: 1.0, Sum: 6.3]
      [Termination (ms): Min: 0.0, Avg: 0.1, Max: 0.1, Diff: 0.1, Sum: 0.5]
         [Termination Attempts: Min: 1, Avg: 1.0, Max: 1, Diff: 0, Sum: 8]
      [GC Worker Other (ms): Min: 0.0, Avg: 0.0, Max: 0.0, Diff: 0.0, Sum: 0.1]
      [GC Worker Total (ms): Min: 1.1, Avg: 1.3, Max: 1.4, Diff: 0.2, Sum: 10.2]
      [GC Worker End (ms): Min: 704.2, Avg: 704.2, Max: 704.2, Diff: 0.0]
   [Code Root Fixup: 0.0 ms]
   [Code Root Purge: 0.0 ms]
   [Clear CT: 0.7 ms]
   [Other: 1.1 ms]
      [Choose CSet: 0.0 ms]
      [Ref Proc: 0.3 ms]
      [Ref Enq: 0.0 ms]
      [Redirty Cards: 0.7 ms]
      [Humongous Register: 0.1 ms]
      [Humongous Reclaim: 0.0 ms]
      [Free CSet: 0.0 ms]
   [Eden: 11.0M(34.0M)->0.0B(34.0M) Survivors: 4096.0K->4096.0K Heap: 373.0M(512.0M)->364.3M(512.0M)]
 [Times: user=0.00 sys=0.00, real=0.00 secs] 
2021-08-15T23:20:04.783+0800: 0.707: [GC concurrent-root-region-scan-start]
2021-08-15T23:20:04.783+0800: 0.707: [GC concurrent-root-region-scan-end, 0.0001218 secs]
2021-08-15T23:20:04.783+0800: 0.707: [GC concurrent-mark-start]
2021-08-15T23:20:04.784+0800: 0.708: [GC concurrent-mark-end, 0.0013222 secs]
2021-08-15T23:20:04.784+0800: 0.708: [GC remark 2021-08-15T23:20:04.784+0800: 0.708: [Finalize Marking, 0.0004058 secs] 2021-08-15T23:20:04.785+0800: 0.709: [GC ref-proc, 0.0000697 secs] 2021-08-15T23:20:04.785+0800: 0.709: [Unloading, 0.0008139 secs], 0.0020251 secs]
 [Times: user=0.00 sys=0.00, real=0.00 secs] 
2021-08-15T23:20:04.786+0800: 0.710: [GC cleanup 377M->377M(512M), 0.0020490 secs]
 [Times: user=0.00 sys=0.00, real=0.00 secs] 
2021-08-15T23:20:04.793+0800: 0.717: [GC pause (G1 Evacuation Pause) (young), 0.0048774 secs]
   [Parallel Time: 3.1 ms, GC Workers: 8]
      [GC Worker Start (ms): Min: 717.6, Avg: 717.7, Max: 717.7, Diff: 0.2]
      [Ext Root Scanning (ms): Min: 0.0, Avg: 0.1, Max: 0.2, Diff: 0.1, Sum: 0.7]
      [Update RS (ms): Min: 0.5, Avg: 0.6, Max: 0.6, Diff: 0.1, Sum: 4.8]
         [Processed Buffers: Min: 5, Avg: 8.6, Max: 10, Diff: 5, Sum: 69]
      [Scan RS (ms): Min: 0.0, Avg: 0.0, Max: 0.0, Diff: 0.0, Sum: 0.0]
      [Code Root Scanning (ms): Min: 0.0, Avg: 0.0, Max: 0.0, Diff: 0.0, Sum: 0.0]
      [Object Copy (ms): Min: 1.9, Avg: 1.9, Max: 2.0, Diff: 0.1, Sum: 15.6]
      [Termination (ms): Min: 0.0, Avg: 0.1, Max: 0.1, Diff: 0.1, Sum: 0.5]
         [Termination Attempts: Min: 1, Avg: 1.0, Max: 1, Diff: 0, Sum: 8]
      [GC Worker Other (ms): Min: 0.0, Avg: 0.0, Max: 0.0, Diff: 0.0, Sum: 0.1]
      [GC Worker Total (ms): Min: 2.7, Avg: 2.7, Max: 2.8, Diff: 0.2, Sum: 21.7]
      [GC Worker End (ms): Min: 720.4, Avg: 720.4, Max: 720.4, Diff: 0.0]
   [Code Root Fixup: 0.0 ms]
   [Code Root Purge: 0.0 ms]
   [Clear CT: 0.6 ms]
   [Other: 1.2 ms]
      [Choose CSet: 0.0 ms]
      [Ref Proc: 0.4 ms]
      [Ref Enq: 0.0 ms]
      [Redirty Cards: 0.6 ms]
      [Humongous Register: 0.1 ms]
      [Humongous Reclaim: 0.0 ms]
      [Free CSet: 0.0 ms]
   [Eden: 34.0M(34.0M)->0.0B(20.0M) Survivors: 4096.0K->5120.0K Heap: 412.6M(512.0M)->376.9M(512.0M)]
 [Times: user=0.00 sys=0.00, real=0.01 secs] 
2021-08-15T23:20:04.802+0800: 0.726: [GC pause (G1 Evacuation Pause) (mixed), 0.0087411 secs]
   [Parallel Time: 6.7 ms, GC Workers: 8]
      [GC Worker Start (ms): Min: 725.9, Avg: 726.0, Max: 726.0, Diff: 0.1]
      [Ext Root Scanning (ms): Min: 0.1, Avg: 0.1, Max: 0.2, Diff: 0.1, Sum: 1.0]
      [Update RS (ms): Min: 0.4, Avg: 0.4, Max: 0.4, Diff: 0.0, Sum: 3.4]
         [Processed Buffers: Min: 6, Avg: 6.4, Max: 7, Diff: 1, Sum: 51]
      [Scan RS (ms): Min: 0.0, Avg: 0.0, Max: 0.1, Diff: 0.1, Sum: 0.2]
      [Code Root Scanning (ms): Min: 0.0, Avg: 0.0, Max: 0.0, Diff: 0.0, Sum: 0.0]
      [Object Copy (ms): Min: 5.7, Avg: 5.8, Max: 5.8, Diff: 0.1, Sum: 46.2]
      [Termination (ms): Min: 0.0, Avg: 0.0, Max: 0.1, Diff: 0.1, Sum: 0.4]
         [Termination Attempts: Min: 1, Avg: 1.0, Max: 1, Diff: 0, Sum: 8]
      [GC Worker Other (ms): Min: 0.0, Avg: 0.0, Max: 0.0, Diff: 0.0, Sum: 0.2]
      [GC Worker Total (ms): Min: 6.4, Avg: 6.4, Max: 6.5, Diff: 0.1, Sum: 51.4]
      [GC Worker End (ms): Min: 732.4, Avg: 732.4, Max: 732.4, Diff: 0.0]
   [Code Root Fixup: 0.0 ms]
   [Code Root Purge: 0.0 ms]
   [Clear CT: 0.7 ms]
   [Other: 1.3 ms]
      [Choose CSet: 0.0 ms]
      [Ref Proc: 0.4 ms]
      [Ref Enq: 0.0 ms]
      [Redirty Cards: 0.7 ms]
      [Humongous Register: 0.1 ms]
      [Humongous Reclaim: 0.0 ms]
      [Free CSet: 0.1 ms]
   [Eden: 20.0M(20.0M)->0.0B(31.0M) Survivors: 5120.0K->4096.0K Heap: 402.0M(512.0M)->366.0M(512.0M)]
 [Times: user=0.00 sys=0.00, real=0.01 secs] 
2021-08-15T23:20:04.811+0800: 0.735: [GC pause (G1 Humongous Allocation) (young) (initial-mark), 0.0031414 secs]
   [Parallel Time: 1.1 ms, GC Workers: 8]
      [GC Worker Start (ms): Min: 734.9, Avg: 735.0, Max: 735.1, Diff: 0.2]
      [Ext Root Scanning (ms): Min: 0.1, Avg: 0.1, Max: 0.2, Diff: 0.2, Sum: 0.8]
      [Update RS (ms): Min: 0.0, Avg: 0.1, Max: 0.1, Diff: 0.1, Sum: 0.8]
         [Processed Buffers: Min: 1, Avg: 1.1, Max: 2, Diff: 1, Sum: 9]
      [Scan RS (ms): Min: 0.0, Avg: 0.0, Max: 0.0, Diff: 0.0, Sum: 0.0]
      [Code Root Scanning (ms): Min: 0.0, Avg: 0.0, Max: 0.0, Diff: 0.0, Sum: 0.0]
      [Object Copy (ms): Min: 0.4, Avg: 0.4, Max: 0.5, Diff: 0.2, Sum: 3.6]
      [Termination (ms): Min: 0.0, Avg: 0.1, Max: 0.1, Diff: 0.1, Sum: 0.5]
         [Termination Attempts: Min: 1, Avg: 1.0, Max: 1, Diff: 0, Sum: 8]
      [GC Worker Other (ms): Min: 0.0, Avg: 0.0, Max: 0.0, Diff: 0.0, Sum: 0.1]
      [GC Worker Total (ms): Min: 0.7, Avg: 0.7, Max: 0.8, Diff: 0.2, Sum: 5.7]
      [GC Worker End (ms): Min: 735.8, Avg: 735.8, Max: 735.8, Diff: 0.0]
   [Code Root Fixup: 0.0 ms]
   [Code Root Purge: 0.0 ms]
   [Clear CT: 0.8 ms]
   [Other: 1.2 ms]
      [Choose CSet: 0.0 ms]
      [Ref Proc: 0.5 ms]
      [Ref Enq: 0.0 ms]
      [Redirty Cards: 0.6 ms]
      [Humongous Register: 0.1 ms]
      [Humongous Reclaim: 0.0 ms]
      [Free CSet: 0.0 ms]
   [Eden: 1024.0K(31.0M)->0.0B(32.0M) Survivors: 4096.0K->1024.0K Heap: 366.6M(512.0M)->365.8M(512.0M)]
 [Times: user=0.00 sys=0.00, real=0.00 secs] 
2021-08-15T23:20:04.813+0800: 0.738: [GC concurrent-root-region-scan-start]
2021-08-15T23:20:04.814+0800: 0.738: [GC concurrent-root-region-scan-end, 0.0001378 secs]
2021-08-15T23:20:04.814+0800: 0.738: [GC concurrent-mark-start]
2021-08-15T23:20:04.815+0800: 0.740: [GC concurrent-mark-end, 0.0013364 secs]
2021-08-15T23:20:04.815+0800: 0.740: [GC remark 2021-08-15T23:20:04.815+0800: 0.740: [Finalize Marking, 0.0003210 secs] 2021-08-15T23:20:04.815+0800: 0.740: [GC ref-proc, 0.0000733 secs] 2021-08-15T23:20:04.816+0800: 0.740: [Unloading, 0.0008221 secs], 0.0019810 secs]
 [Times: user=0.03 sys=0.00, real=0.00 secs] 
2021-08-15T23:20:04.817+0800: 0.742: [GC cleanup 376M->376M(512M), 0.0021836 secs]
 [Times: user=0.00 sys=0.00, real=0.00 secs] 
2021-08-15T23:20:04.825+0800: 0.749: [GC pause (G1 Evacuation Pause) (young), 0.0036431 secs]
   [Parallel Time: 1.9 ms, GC Workers: 8]
      [GC Worker Start (ms): Min: 748.8, Avg: 748.9, Max: 748.9, Diff: 0.2]
      [Ext Root Scanning (ms): Min: 0.0, Avg: 0.1, Max: 0.2, Diff: 0.1, Sum: 0.7]
      [Update RS (ms): Min: 0.5, Avg: 0.5, Max: 0.6, Diff: 0.1, Sum: 4.4]
         [Processed Buffers: Min: 8, Avg: 8.3, Max: 9, Diff: 1, Sum: 66]
      [Scan RS (ms): Min: 0.0, Avg: 0.0, Max: 0.0, Diff: 0.0, Sum: 0.0]
      [Code Root Scanning (ms): Min: 0.0, Avg: 0.0, Max: 0.0, Diff: 0.0, Sum: 0.0]
      [Object Copy (ms): Min: 0.8, Avg: 0.9, Max: 1.0, Diff: 0.2, Sum: 7.1]
      [Termination (ms): Min: 0.0, Avg: 0.1, Max: 0.2, Diff: 0.2, Sum: 0.6]
         [Termination Attempts: Min: 1, Avg: 1.0, Max: 1, Diff: 0, Sum: 8]
      [GC Worker Other (ms): Min: 0.0, Avg: 0.0, Max: 0.0, Diff: 0.0, Sum: 0.1]
      [GC Worker Total (ms): Min: 1.5, Avg: 1.6, Max: 1.7, Diff: 0.2, Sum: 12.8]
      [GC Worker End (ms): Min: 750.5, Avg: 750.5, Max: 750.5, Diff: 0.0]
   [Code Root Fixup: 0.0 ms]
   [Code Root Purge: 0.0 ms]
   [Clear CT: 0.6 ms]
   [Other: 1.1 ms]
      [Choose CSet: 0.0 ms]
      [Ref Proc: 0.4 ms]
      [Ref Enq: 0.0 ms]
      [Redirty Cards: 0.6 ms]
      [Humongous Register: 0.1 ms]
      [Humongous Reclaim: 0.0 ms]
      [Free CSet: 0.0 ms]
   [Eden: 32.0M(32.0M)->0.0B(20.0M) Survivors: 1024.0K->5120.0K Heap: 405.0M(512.0M)->376.5M(512.0M)]
 [Times: user=0.00 sys=0.00, real=0.00 secs] 
2021-08-15T23:20:04.832+0800: 0.756: [GC pause (G1 Evacuation Pause) (mixed), 0.0082678 secs]
   [Parallel Time: 6.6 ms, GC Workers: 8]
      [GC Worker Start (ms): Min: 756.2, Avg: 756.3, Max: 756.4, Diff: 0.1]
      [Ext Root Scanning (ms): Min: 0.0, Avg: 0.1, Max: 0.2, Diff: 0.1, Sum: 0.7]
      [Update RS (ms): Min: 0.6, Avg: 0.7, Max: 0.7, Diff: 0.1, Sum: 5.6]
         [Processed Buffers: Min: 10, Avg: 10.3, Max: 11, Diff: 1, Sum: 82]
      [Scan RS (ms): Min: 0.0, Avg: 0.0, Max: 0.1, Diff: 0.1, Sum: 0.3]
      [Code Root Scanning (ms): Min: 0.0, Avg: 0.0, Max: 0.0, Diff: 0.0, Sum: 0.0]
      [Object Copy (ms): Min: 5.3, Avg: 5.5, Max: 5.5, Diff: 0.3, Sum: 43.8]
      [Termination (ms): Min: 0.0, Avg: 0.1, Max: 0.2, Diff: 0.2, Sum: 0.7]
         [Termination Attempts: Min: 1, Avg: 1.1, Max: 2, Diff: 1, Sum: 9]
      [GC Worker Other (ms): Min: 0.0, Avg: 0.0, Max: 0.0, Diff: 0.0, Sum: 0.1]
      [GC Worker Total (ms): Min: 6.3, Avg: 6.4, Max: 6.5, Diff: 0.1, Sum: 51.3]
      [GC Worker End (ms): Min: 762.7, Avg: 762.7, Max: 762.7, Diff: 0.0]
   [Code Root Fixup: 0.0 ms]
   [Code Root Purge: 0.0 ms]
   [Clear CT: 0.7 ms]
   [Other: 1.0 ms]
      [Choose CSet: 0.0 ms]
      [Ref Proc: 0.2 ms]
      [Ref Enq: 0.0 ms]
      [Redirty Cards: 0.6 ms]
      [Humongous Register: 0.1 ms]
      [Humongous Reclaim: 0.0 ms]
      [Free CSet: 0.1 ms]
   [Eden: 20.0M(20.0M)->0.0B(29.0M) Survivors: 5120.0K->4096.0K Heap: 405.7M(512.0M)->366.8M(512.0M)]
 [Times: user=0.13 sys=0.00, real=0.01 secs] 
2021-08-15T23:20:04.840+0800: 0.765: [GC pause (G1 Humongous Allocation) (young) (initial-mark), 0.0028955 secs]
   [Parallel Time: 1.3 ms, GC Workers: 8]
      [GC Worker Start (ms): Min: 764.9, Avg: 765.0, Max: 765.1, Diff: 0.2]
      [Ext Root Scanning (ms): Min: 0.0, Avg: 0.1, Max: 0.3, Diff: 0.2, Sum: 1.1]
      [Update RS (ms): Min: 0.0, Avg: 0.1, Max: 0.3, Diff: 0.2, Sum: 1.0]
         [Processed Buffers: Min: 1, Avg: 1.1, Max: 2, Diff: 1, Sum: 9]
      [Scan RS (ms): Min: 0.0, Avg: 0.0, Max: 0.0, Diff: 0.0, Sum: 0.0]
      [Code Root Scanning (ms): Min: 0.0, Avg: 0.0, Max: 0.0, Diff: 0.0, Sum: 0.0]
      [Object Copy (ms): Min: 0.3, Avg: 0.5, Max: 0.6, Diff: 0.3, Sum: 3.7]
      [Termination (ms): Min: 0.0, Avg: 0.1, Max: 0.1, Diff: 0.1, Sum: 0.6]
         [Termination Attempts: Min: 1, Avg: 1.0, Max: 1, Diff: 0, Sum: 8]
      [GC Worker Other (ms): Min: 0.0, Avg: 0.0, Max: 0.0, Diff: 0.0, Sum: 0.1]
      [GC Worker Total (ms): Min: 0.7, Avg: 0.8, Max: 0.9, Diff: 0.2, Sum: 6.4]
      [GC Worker End (ms): Min: 765.8, Avg: 765.8, Max: 765.8, Diff: 0.0]
   [Code Root Fixup: 0.0 ms]
   [Code Root Purge: 0.0 ms]
   [Clear CT: 0.7 ms]
   [Other: 1.0 ms]
      [Choose CSet: 0.0 ms]
      [Ref Proc: 0.2 ms]
      [Ref Enq: 0.0 ms]
      [Redirty Cards: 0.6 ms]
      [Humongous Register: 0.1 ms]
      [Humongous Reclaim: 0.0 ms]
      [Free CSet: 0.0 ms]
   [Eden: 2048.0K(29.0M)->0.0B(28.0M) Survivors: 4096.0K->1024.0K Heap: 368.7M(512.0M)->367.2M(512.0M)]
 [Times: user=0.00 sys=0.00, real=0.00 secs] 
2021-08-15T23:20:04.844+0800: 0.768: [GC concurrent-root-region-scan-start]
2021-08-15T23:20:04.844+0800: 0.768: [GC concurrent-root-region-scan-end, 0.0001920 secs]
2021-08-15T23:20:04.844+0800: 0.768: [GC concurrent-mark-start]
2021-08-15T23:20:04.845+0800: 0.769: [GC concurrent-mark-end, 0.0012226 secs]
2021-08-15T23:20:04.845+0800: 0.769: [GC remark 2021-08-15T23:20:04.845+0800: 0.769: [Finalize Marking, 0.0003604 secs] 2021-08-15T23:20:04.846+0800: 0.770: [GC ref-proc, 0.0000690 secs] 2021-08-15T23:20:04.846+0800: 0.770: [Unloading, 0.0008037 secs], 0.0019517 secs]
 [Times: user=0.00 sys=0.00, real=0.00 secs] 
2021-08-15T23:20:04.848+0800: 0.772: [GC cleanup 377M->377M(512M), 0.0017209 secs]
 [Times: user=0.00 sys=0.00, real=0.00 secs] 
2021-08-15T23:20:04.852+0800: 0.777: [GC pause (G1 Evacuation Pause) (young), 0.0040421 secs]
   [Parallel Time: 2.1 ms, GC Workers: 8]
      [GC Worker Start (ms): Min: 777.1, Avg: 777.2, Max: 777.2, Diff: 0.1]
      [Ext Root Scanning (ms): Min: 0.1, Avg: 0.1, Max: 0.2, Diff: 0.1, Sum: 0.8]
      [Update RS (ms): Min: 0.4, Avg: 0.4, Max: 0.5, Diff: 0.0, Sum: 3.4]
         [Processed Buffers: Min: 6, Avg: 6.5, Max: 8, Diff: 2, Sum: 52]
      [Scan RS (ms): Min: 0.0, Avg: 0.0, Max: 0.0, Diff: 0.0, Sum: 0.0]
      [Code Root Scanning (ms): Min: 0.0, Avg: 0.0, Max: 0.0, Diff: 0.0, Sum: 0.0]
      [Object Copy (ms): Min: 1.0, Avg: 1.1, Max: 1.1, Diff: 0.1, Sum: 8.5]
      [Termination (ms): Min: 0.0, Avg: 0.1, Max: 0.1, Diff: 0.1, Sum: 0.5]
         [Termination Attempts: Min: 1, Avg: 1.0, Max: 1, Diff: 0, Sum: 8]
      [GC Worker Other (ms): Min: 0.0, Avg: 0.0, Max: 0.0, Diff: 0.0, Sum: 0.1]
      [GC Worker Total (ms): Min: 1.6, Avg: 1.7, Max: 1.7, Diff: 0.1, Sum: 13.3]
      [GC Worker End (ms): Min: 778.9, Avg: 778.9, Max: 778.9, Diff: 0.0]
   [Code Root Fixup: 0.0 ms]
   [Code Root Purge: 0.0 ms]
   [Clear CT: 0.9 ms]
   [Other: 1.1 ms]
      [Choose CSet: 0.0 ms]
      [Ref Proc: 0.2 ms]
      [Ref Enq: 0.0 ms]
      [Redirty Cards: 0.7 ms]
      [Humongous Register: 0.1 ms]
      [Humongous Reclaim: 0.0 ms]
      [Free CSet: 0.0 ms]
   [Eden: 28.0M(28.0M)->0.0B(21.0M) Survivors: 1024.0K->4096.0K Heap: 400.8M(512.0M)->373.1M(512.0M)]
 [Times: user=0.00 sys=0.00, real=0.01 secs] 
2021-08-15T23:20:04.861+0800: 0.785: [GC pause (G1 Evacuation Pause) (mixed), 0.0067682 secs]
   [Parallel Time: 5.0 ms, GC Workers: 8]
      [GC Worker Start (ms): Min: 785.3, Avg: 785.4, Max: 785.5, Diff: 0.2]
      [Ext Root Scanning (ms): Min: 0.0, Avg: 0.1, Max: 0.2, Diff: 0.2, Sum: 0.6]
      [Update RS (ms): Min: 0.3, Avg: 0.3, Max: 0.4, Diff: 0.0, Sum: 2.7]
         [Processed Buffers: Min: 5, Avg: 5.3, Max: 6, Diff: 1, Sum: 42]
      [Scan RS (ms): Min: 0.0, Avg: 0.0, Max: 0.1, Diff: 0.1, Sum: 0.3]
      [Code Root Scanning (ms): Min: 0.0, Avg: 0.0, Max: 0.0, Diff: 0.0, Sum: 0.0]
      [Object Copy (ms): Min: 4.1, Avg: 4.2, Max: 4.3, Diff: 0.2, Sum: 33.4]
      [Termination (ms): Min: 0.0, Avg: 0.1, Max: 0.1, Diff: 0.1, Sum: 0.6]
         [Termination Attempts: Min: 1, Avg: 1.0, Max: 1, Diff: 0, Sum: 8]
      [GC Worker Other (ms): Min: 0.0, Avg: 0.0, Max: 0.0, Diff: 0.0, Sum: 0.1]
      [GC Worker Total (ms): Min: 4.7, Avg: 4.7, Max: 4.8, Diff: 0.2, Sum: 37.9]
      [GC Worker End (ms): Min: 790.1, Avg: 790.1, Max: 790.1, Diff: 0.0]
   [Code Root Fixup: 0.0 ms]
   [Code Root Purge: 0.0 ms]
   [Clear CT: 0.6 ms]
   [Other: 1.2 ms]
      [Choose CSet: 0.0 ms]
      [Ref Proc: 0.3 ms]
      [Ref Enq: 0.0 ms]
      [Redirty Cards: 0.6 ms]
      [Humongous Register: 0.1 ms]
      [Humongous Reclaim: 0.0 ms]
      [Free CSet: 0.0 ms]
   [Eden: 21.0M(21.0M)->0.0B(30.0M) Survivors: 4096.0K->4096.0K Heap: 398.3M(512.0M)->366.5M(512.0M)]
 [Times: user=0.13 sys=0.00, real=0.01 secs] 
2021-08-15T23:20:04.868+0800: 0.793: [GC pause (G1 Humongous Allocation) (young) (initial-mark), 0.0033535 secs]
   [Parallel Time: 1.4 ms, GC Workers: 8]
      [GC Worker Start (ms): Min: 793.0, Avg: 793.1, Max: 793.1, Diff: 0.1]
      [Ext Root Scanning (ms): Min: 0.1, Avg: 0.1, Max: 0.2, Diff: 0.1, Sum: 0.9]
      [Update RS (ms): Min: 0.0, Avg: 0.1, Max: 0.3, Diff: 0.2, Sum: 0.9]
         [Processed Buffers: Min: 1, Avg: 1.1, Max: 2, Diff: 1, Sum: 9]
      [Scan RS (ms): Min: 0.0, Avg: 0.0, Max: 0.0, Diff: 0.0, Sum: 0.0]
      [Code Root Scanning (ms): Min: 0.0, Avg: 0.0, Max: 0.0, Diff: 0.0, Sum: 0.0]
      [Object Copy (ms): Min: 0.5, Avg: 0.7, Max: 0.8, Diff: 0.3, Sum: 5.4]
      [Termination (ms): Min: 0.0, Avg: 0.1, Max: 0.1, Diff: 0.1, Sum: 0.6]
         [Termination Attempts: Min: 1, Avg: 1.0, Max: 1, Diff: 0, Sum: 8]
      [GC Worker Other (ms): Min: 0.0, Avg: 0.0, Max: 0.0, Diff: 0.0, Sum: 0.1]
      [GC Worker Total (ms): Min: 1.0, Avg: 1.0, Max: 1.1, Diff: 0.1, Sum: 7.9]
      [GC Worker End (ms): Min: 794.1, Avg: 794.1, Max: 794.1, Diff: 0.0]
   [Code Root Fixup: 0.0 ms]
   [Code Root Purge: 0.0 ms]
   [Clear CT: 0.9 ms]
   [Other: 1.0 ms]
      [Choose CSet: 0.0 ms]
      [Ref Proc: 0.2 ms]
      [Ref Enq: 0.0 ms]
      [Redirty Cards: 0.6 ms]
      [Humongous Register: 0.1 ms]
      [Humongous Reclaim: 0.0 ms]
      [Free CSet: 0.0 ms]
   [Eden: 5120.0K(30.0M)->0.0B(25.0M) Survivors: 4096.0K->3072.0K Heap: 371.0M(512.0M)->369.2M(512.0M)]
 [Times: user=0.00 sys=0.00, real=0.00 secs] 
2021-08-15T23:20:04.873+0800: 0.796: [GC concurrent-root-region-scan-start]
2021-08-15T23:20:04.873+0800: 0.797: [GC concurrent-root-region-scan-end, 0.0001350 secs]
2021-08-15T23:20:04.873+0800: 0.797: [GC concurrent-mark-start]
2021-08-15T23:20:04.874+0800: 0.798: [GC concurrent-mark-end, 0.0013483 secs]
2021-08-15T23:20:04.874+0800: 0.798: [GC remark 2021-08-15T23:20:04.874+0800: 0.798: [Finalize Marking, 0.0002208 secs] 2021-08-15T23:20:04.875+0800: 0.798: [GC ref-proc, 0.0000679 secs] 2021-08-15T23:20:04.875+0800: 0.798: [Unloading, 0.0007466 secs], 0.0021285 secs]
 [Times: user=0.00 sys=0.00, real=0.00 secs] 
2021-08-15T23:20:04.877+0800: 0.800: [GC cleanup 382M->382M(512M), 0.0019864 secs]
 [Times: user=0.00 sys=0.00, real=0.00 secs] 
2021-08-15T23:20:04.881+0800: 0.805: [GC pause (G1 Evacuation Pause) (young), 0.0046991 secs]
   [Parallel Time: 2.8 ms, GC Workers: 8]
      [GC Worker Start (ms): Min: 805.4, Avg: 805.5, Max: 805.6, Diff: 0.1]
      [Ext Root Scanning (ms): Min: 0.0, Avg: 0.1, Max: 0.2, Diff: 0.1, Sum: 0.6]
      [Update RS (ms): Min: 0.6, Avg: 0.6, Max: 0.7, Diff: 0.1, Sum: 5.2]
         [Processed Buffers: Min: 9, Avg: 9.8, Max: 10, Diff: 1, Sum: 78]
      [Scan RS (ms): Min: 0.0, Avg: 0.0, Max: 0.0, Diff: 0.0, Sum: 0.0]
      [Code Root Scanning (ms): Min: 0.0, Avg: 0.0, Max: 0.0, Diff: 0.0, Sum: 0.0]
      [Object Copy (ms): Min: 1.1, Avg: 1.3, Max: 1.4, Diff: 0.3, Sum: 10.3]
      [Termination (ms): Min: 0.0, Avg: 0.1, Max: 0.3, Diff: 0.3, Sum: 0.9]
         [Termination Attempts: Min: 1, Avg: 1.0, Max: 1, Diff: 0, Sum: 8]
      [GC Worker Other (ms): Min: 0.0, Avg: 0.0, Max: 0.0, Diff: 0.0, Sum: 0.1]
      [GC Worker Total (ms): Min: 2.1, Avg: 2.1, Max: 2.2, Diff: 0.1, Sum: 17.1]
      [GC Worker End (ms): Min: 807.6, Avg: 807.6, Max: 807.7, Diff: 0.0]
   [Code Root Fixup: 0.0 ms]
   [Code Root Purge: 0.0 ms]
   [Clear CT: 0.7 ms]
   [Other: 1.2 ms]
      [Choose CSet: 0.0 ms]
      [Ref Proc: 0.4 ms]
      [Ref Enq: 0.0 ms]
      [Redirty Cards: 0.6 ms]
      [Humongous Register: 0.1 ms]
      [Humongous Reclaim: 0.0 ms]
      [Free CSet: 0.0 ms]
   [Eden: 25.0M(25.0M)->0.0B(21.0M) Survivors: 3072.0K->4096.0K Heap: 402.8M(512.0M)->380.8M(512.0M)]
 [Times: user=0.00 sys=0.00, real=0.00 secs] 
2021-08-15T23:20:04.889+0800: 0.814: [GC pause (G1 Evacuation Pause) (mixed), 0.0068482 secs]
   [Parallel Time: 5.2 ms, GC Workers: 8]
      [GC Worker Start (ms): Min: 813.8, Avg: 813.9, Max: 814.0, Diff: 0.1]
      [Ext Root Scanning (ms): Min: 0.0, Avg: 0.1, Max: 0.2, Diff: 0.1, Sum: 0.7]
      [Update RS (ms): Min: 0.4, Avg: 0.5, Max: 0.5, Diff: 0.1, Sum: 3.7]
         [Processed Buffers: Min: 7, Avg: 7.0, Max: 7, Diff: 0, Sum: 56]
      [Scan RS (ms): Min: 0.0, Avg: 0.0, Max: 0.1, Diff: 0.0, Sum: 0.2]
      [Code Root Scanning (ms): Min: 0.0, Avg: 0.0, Max: 0.0, Diff: 0.0, Sum: 0.0]
      [Object Copy (ms): Min: 4.3, Avg: 4.4, Max: 4.5, Diff: 0.1, Sum: 35.4]
      [Termination (ms): Min: 0.0, Avg: 0.1, Max: 0.1, Diff: 0.1, Sum: 0.5]
         [Termination Attempts: Min: 1, Avg: 1.1, Max: 2, Diff: 1, Sum: 9]
      [GC Worker Other (ms): Min: 0.0, Avg: 0.0, Max: 0.0, Diff: 0.0, Sum: 0.1]
      [GC Worker Total (ms): Min: 5.0, Avg: 5.1, Max: 5.1, Diff: 0.1, Sum: 40.6]
      [GC Worker End (ms): Min: 819.0, Avg: 819.0, Max: 819.0, Diff: 0.0]
   [Code Root Fixup: 0.0 ms]
   [Code Root Purge: 0.0 ms]
   [Clear CT: 0.6 ms]
   [Other: 1.1 ms]
      [Choose CSet: 0.0 ms]
      [Ref Proc: 0.3 ms]
      [Ref Enq: 0.0 ms]
      [Redirty Cards: 0.5 ms]
      [Humongous Register: 0.1 ms]
      [Humongous Reclaim: 0.0 ms]
      [Free CSet: 0.1 ms]
   [Eden: 21.0M(21.0M)->0.0B(24.0M) Survivors: 4096.0K->4096.0K Heap: 407.6M(512.0M)->371.7M(512.0M)]
 [Times: user=0.05 sys=0.00, real=0.01 secs] 
2021-08-15T23:20:04.896+0800: 0.821: [GC pause (G1 Humongous Allocation) (young) (initial-mark), 0.0030783 secs]
   [Parallel Time: 1.1 ms, GC Workers: 8]
      [GC Worker Start (ms): Min: 821.3, Avg: 821.4, Max: 821.4, Diff: 0.1]
      [Ext Root Scanning (ms): Min: 0.1, Avg: 0.1, Max: 0.2, Diff: 0.1, Sum: 0.8]
      [Update RS (ms): Min: 0.0, Avg: 0.1, Max: 0.2, Diff: 0.1, Sum: 0.8]
         [Processed Buffers: Min: 1, Avg: 1.1, Max: 2, Diff: 1, Sum: 9]
      [Scan RS (ms): Min: 0.0, Avg: 0.0, Max: 0.0, Diff: 0.0, Sum: 0.0]
      [Code Root Scanning (ms): Min: 0.0, Avg: 0.0, Max: 0.0, Diff: 0.0, Sum: 0.0]
      [Object Copy (ms): Min: 0.3, Avg: 0.4, Max: 0.5, Diff: 0.2, Sum: 3.6]
      [Termination (ms): Min: 0.0, Avg: 0.1, Max: 0.1, Diff: 0.1, Sum: 0.5]
         [Termination Attempts: Min: 1, Avg: 1.0, Max: 1, Diff: 0, Sum: 8]
      [GC Worker Other (ms): Min: 0.0, Avg: 0.0, Max: 0.0, Diff: 0.0, Sum: 0.1]
      [GC Worker Total (ms): Min: 0.7, Avg: 0.7, Max: 0.8, Diff: 0.1, Sum: 5.8]
      [GC Worker End (ms): Min: 822.1, Avg: 822.1, Max: 822.1, Diff: 0.0]
   [Code Root Fixup: 0.0 ms]
   [Code Root Purge: 0.0 ms]
   [Clear CT: 0.7 ms]
   [Other: 1.3 ms]
      [Choose CSet: 0.0 ms]
      [Ref Proc: 0.5 ms]
      [Ref Enq: 0.0 ms]
      [Redirty Cards: 0.6 ms]
      [Humongous Register: 0.1 ms]
      [Humongous Reclaim: 0.0 ms]
      [Free CSet: 0.0 ms]
   [Eden: 2048.0K(24.0M)->0.0B(24.0M) Survivors: 4096.0K->1024.0K Heap: 373.6M(512.0M)->372.4M(512.0M)]
 [Times: user=0.00 sys=0.00, real=0.00 secs] 
2021-08-15T23:20:04.901+0800: 0.824: [GC concurrent-root-region-scan-start]
2021-08-15T23:20:04.901+0800: 0.825: [GC concurrent-root-region-scan-end, 0.0001270 secs]
2021-08-15T23:20:04.901+0800: 0.825: [GC concurrent-mark-start]
2021-08-15T23:20:04.902+0800: 0.826: [GC concurrent-mark-end, 0.0012761 secs]
2021-08-15T23:20:04.902+0800: 0.826: [GC remark 2021-08-15T23:20:04.902+0800: 0.826: [Finalize Marking, 0.0002118 secs] 2021-08-15T23:20:04.902+0800: 0.826: [GC ref-proc, 0.0000673 secs] 2021-08-15T23:20:04.902+0800: 0.826: [Unloading, 0.0009531 secs], 0.0019265 secs]
 [Times: user=0.00 sys=0.00, real=0.00 secs] 
2021-08-15T23:20:04.904+0800: 0.828: [GC cleanup 384M->384M(512M), 0.0019474 secs]
 [Times: user=0.00 sys=0.00, real=0.00 secs] 
2021-08-15T23:20:04.909+0800: 0.833: [GC pause (G1 Evacuation Pause) (young), 0.0034622 secs]
   [Parallel Time: 1.8 ms, GC Workers: 8]
      [GC Worker Start (ms): Min: 833.2, Avg: 833.3, Max: 833.3, Diff: 0.1]
      [Ext Root Scanning (ms): Min: 0.0, Avg: 0.1, Max: 0.2, Diff: 0.1, Sum: 0.7]
      [Update RS (ms): Min: 0.5, Avg: 0.5, Max: 0.5, Diff: 0.0, Sum: 4.1]
         [Processed Buffers: Min: 7, Avg: 8.0, Max: 9, Diff: 2, Sum: 64]
      [Scan RS (ms): Min: 0.0, Avg: 0.0, Max: 0.0, Diff: 0.0, Sum: 0.0]
      [Code Root Scanning (ms): Min: 0.0, Avg: 0.0, Max: 0.0, Diff: 0.0, Sum: 0.0]
      [Object Copy (ms): Min: 0.9, Avg: 1.0, Max: 1.1, Diff: 0.2, Sum: 8.1]
      [Termination (ms): Min: 0.0, Avg: 0.1, Max: 0.2, Diff: 0.2, Sum: 0.6]
         [Termination Attempts: Min: 1, Avg: 1.0, Max: 1, Diff: 0, Sum: 8]
      [GC Worker Other (ms): Min: 0.0, Avg: 0.0, Max: 0.0, Diff: 0.0, Sum: 0.1]
      [GC Worker Total (ms): Min: 1.7, Avg: 1.7, Max: 1.8, Diff: 0.1, Sum: 13.6]
      [GC Worker End (ms): Min: 835.0, Avg: 835.0, Max: 835.0, Diff: 0.0]
   [Code Root Fixup: 0.0 ms]
   [Code Root Purge: 0.0 ms]
   [Clear CT: 0.7 ms]
   [Other: 0.9 ms]
      [Choose CSet: 0.0 ms]
      [Ref Proc: 0.2 ms]
      [Ref Enq: 0.0 ms]
      [Redirty Cards: 0.6 ms]
      [Humongous Register: 0.1 ms]
      [Humongous Reclaim: 0.0 ms]
      [Free CSet: 0.0 ms]
   [Eden: 24.0M(24.0M)->0.0B(21.0M) Survivors: 1024.0K->4096.0K Heap: 403.2M(512.0M)->378.9M(512.0M)]
 [Times: user=0.00 sys=0.00, real=0.00 secs] 
2021-08-15T23:20:04.916+0800: 0.840: [GC pause (G1 Evacuation Pause) (mixed), 0.0084613 secs]
   [Parallel Time: 6.4 ms, GC Workers: 8]
      [GC Worker Start (ms): Min: 840.3, Avg: 840.4, Max: 840.5, Diff: 0.2]
      [Ext Root Scanning (ms): Min: 0.0, Avg: 0.1, Max: 0.2, Diff: 0.2, Sum: 0.6]
      [Update RS (ms): Min: 0.6, Avg: 0.6, Max: 0.7, Diff: 0.1, Sum: 5.0]
         [Processed Buffers: Min: 9, Avg: 9.5, Max: 10, Diff: 1, Sum: 76]
      [Scan RS (ms): Min: 0.0, Avg: 0.0, Max: 0.1, Diff: 0.1, Sum: 0.2]
      [Code Root Scanning (ms): Min: 0.0, Avg: 0.0, Max: 0.0, Diff: 0.0, Sum: 0.0]
      [Object Copy (ms): Min: 5.0, Avg: 5.1, Max: 5.2, Diff: 0.1, Sum: 40.9]
      [Termination (ms): Min: 0.0, Avg: 0.1, Max: 0.1, Diff: 0.1, Sum: 0.5]
         [Termination Attempts: Min: 1, Avg: 1.1, Max: 2, Diff: 1, Sum: 9]
      [GC Worker Other (ms): Min: 0.0, Avg: 0.0, Max: 0.0, Diff: 0.0, Sum: 0.1]
      [GC Worker Total (ms): Min: 5.9, Avg: 5.9, Max: 6.0, Diff: 0.2, Sum: 47.4]
      [GC Worker End (ms): Min: 846.4, Avg: 846.4, Max: 846.4, Diff: 0.0]
   [Code Root Fixup: 0.0 ms]
   [Code Root Purge: 0.0 ms]
   [Clear CT: 0.7 ms]
   [Other: 1.4 ms]
      [Choose CSet: 0.0 ms]
      [Ref Proc: 0.5 ms]
      [Ref Enq: 0.0 ms]
      [Redirty Cards: 0.7 ms]
      [Humongous Register: 0.1 ms]
      [Humongous Reclaim: 0.0 ms]
      [Free CSet: 0.0 ms]
   [Eden: 21.0M(21.0M)->0.0B(23.0M) Survivors: 4096.0K->4096.0K Heap: 408.2M(512.0M)->374.2M(512.0M)]
 [Times: user=0.00 sys=0.00, real=0.01 secs] 
2021-08-15T23:20:04.925+0800: 0.849: [GC pause (G1 Humongous Allocation) (young) (initial-mark), 0.0026539 secs]
   [Parallel Time: 1.2 ms, GC Workers: 8]
      [GC Worker Start (ms): Min: 849.2, Avg: 849.3, Max: 849.4, Diff: 0.1]
      [Ext Root Scanning (ms): Min: 0.1, Avg: 0.1, Max: 0.2, Diff: 0.1, Sum: 0.8]
      [Update RS (ms): Min: 0.1, Avg: 0.1, Max: 0.2, Diff: 0.1, Sum: 0.8]
         [Processed Buffers: Min: 1, Avg: 1.1, Max: 2, Diff: 1, Sum: 9]
      [Scan RS (ms): Min: 0.0, Avg: 0.0, Max: 0.0, Diff: 0.0, Sum: 0.0]
      [Code Root Scanning (ms): Min: 0.0, Avg: 0.0, Max: 0.0, Diff: 0.0, Sum: 0.0]
      [Object Copy (ms): Min: 0.4, Avg: 0.4, Max: 0.5, Diff: 0.1, Sum: 3.3]
      [Termination (ms): Min: 0.0, Avg: 0.0, Max: 0.1, Diff: 0.1, Sum: 0.3]
         [Termination Attempts: Min: 1, Avg: 1.0, Max: 1, Diff: 0, Sum: 8]
      [GC Worker Other (ms): Min: 0.0, Avg: 0.0, Max: 0.0, Diff: 0.0, Sum: 0.1]
      [GC Worker Total (ms): Min: 0.6, Avg: 0.7, Max: 0.8, Diff: 0.1, Sum: 5.3]
      [GC Worker End (ms): Min: 850.0, Avg: 850.0, Max: 850.0, Diff: 0.0]
   [Code Root Fixup: 0.0 ms]
   [Code Root Purge: 0.0 ms]
   [Clear CT: 0.4 ms]
   [Other: 1.0 ms]
      [Choose CSet: 0.0 ms]
      [Ref Proc: 0.5 ms]
      [Ref Enq: 0.0 ms]
      [Redirty Cards: 0.4 ms]
      [Humongous Register: 0.1 ms]
      [Humongous Reclaim: 0.0 ms]
      [Free CSet: 0.0 ms]
   [Eden: 2048.0K(23.0M)->0.0B(24.0M) Survivors: 4096.0K->1024.0K Heap: 375.9M(512.0M)->373.9M(512.0M)]
 [Times: user=0.00 sys=0.00, real=0.00 secs] 
2021-08-15T23:20:04.928+0800: 0.852: [GC concurrent-root-region-scan-start]
2021-08-15T23:20:04.928+0800: 0.852: [GC concurrent-root-region-scan-end, 0.0001523 secs]
2021-08-15T23:20:04.928+0800: 0.852: [GC concurrent-mark-start]
2021-08-15T23:20:04.929+0800: 0.853: [GC concurrent-mark-end, 0.0013279 secs]
2021-08-15T23:20:04.929+0800: 0.854: [GC remark 2021-08-15T23:20:04.929+0800: 0.854: [Finalize Marking, 0.0003067 secs] 2021-08-15T23:20:04.930+0800: 0.854: [GC ref-proc, 0.0000679 secs] 2021-08-15T23:20:04.930+0800: 0.854: [Unloading, 0.0007319 secs], 0.0019249 secs]
 [Times: user=0.00 sys=0.00, real=0.00 secs] 
2021-08-15T23:20:04.932+0800: 0.856: [GC cleanup 388M->388M(512M), 0.0018284 secs]
 [Times: user=0.00 sys=0.00, real=0.00 secs] 
2021-08-15T23:20:04.936+0800: 0.860: [GC pause (G1 Evacuation Pause) (young), 0.0036824 secs]
   [Parallel Time: 1.7 ms, GC Workers: 8]
      [GC Worker Start (ms): Min: 860.3, Avg: 860.3, Max: 860.4, Diff: 0.1]
      [Ext Root Scanning (ms): Min: 0.1, Avg: 0.1, Max: 0.2, Diff: 0.1, Sum: 0.9]
      [Update RS (ms): Min: 0.5, Avg: 0.5, Max: 0.6, Diff: 0.1, Sum: 4.3]
         [Processed Buffers: Min: 7, Avg: 7.8, Max: 8, Diff: 1, Sum: 62]
      [Scan RS (ms): Min: 0.0, Avg: 0.0, Max: 0.0, Diff: 0.0, Sum: 0.0]
      [Code Root Scanning (ms): Min: 0.0, Avg: 0.0, Max: 0.0, Diff: 0.0, Sum: 0.0]
      [Object Copy (ms): Min: 0.9, Avg: 0.9, Max: 1.0, Diff: 0.1, Sum: 7.6]
      [Termination (ms): Min: 0.0, Avg: 0.0, Max: 0.1, Diff: 0.1, Sum: 0.4]
         [Termination Attempts: Min: 1, Avg: 1.0, Max: 1, Diff: 0, Sum: 8]
      [GC Worker Other (ms): Min: 0.0, Avg: 0.0, Max: 0.0, Diff: 0.0, Sum: 0.1]
      [GC Worker Total (ms): Min: 1.6, Avg: 1.7, Max: 1.7, Diff: 0.1, Sum: 13.2]
      [GC Worker End (ms): Min: 862.0, Avg: 862.0, Max: 862.0, Diff: 0.0]
   [Code Root Fixup: 0.0 ms]
   [Code Root Purge: 0.0 ms]
   [Clear CT: 0.7 ms]
   [Other: 1.3 ms]
      [Choose CSet: 0.0 ms]
      [Ref Proc: 0.4 ms]
      [Ref Enq: 0.0 ms]
      [Redirty Cards: 0.7 ms]
      [Humongous Register: 0.1 ms]
      [Humongous Reclaim: 0.0 ms]
      [Free CSet: 0.0 ms]
   [Eden: 24.0M(24.0M)->0.0B(21.0M) Survivors: 1024.0K->4096.0K Heap: 404.8M(512.0M)->382.2M(512.0M)]
 [Times: user=0.00 sys=0.00, real=0.00 secs] 
2021-08-15T23:20:04.943+0800: 0.867: [GC pause (G1 Evacuation Pause) (mixed), 0.0087773 secs]
   [Parallel Time: 6.6 ms, GC Workers: 8]
      [GC Worker Start (ms): Min: 867.3, Avg: 867.4, Max: 867.5, Diff: 0.2]
      [Ext Root Scanning (ms): Min: 0.1, Avg: 0.1, Max: 0.2, Diff: 0.2, Sum: 0.8]
      [Update RS (ms): Min: 0.4, Avg: 0.5, Max: 0.5, Diff: 0.1, Sum: 3.6]
         [Processed Buffers: Min: 6, Avg: 7.9, Max: 9, Diff: 3, Sum: 63]
      [Scan RS (ms): Min: 0.0, Avg: 0.1, Max: 0.1, Diff: 0.1, Sum: 0.4]
      [Code Root Scanning (ms): Min: 0.0, Avg: 0.0, Max: 0.1, Diff: 0.1, Sum: 0.1]
      [Object Copy (ms): Min: 5.2, Avg: 5.4, Max: 5.5, Diff: 0.3, Sum: 43.1]
      [Termination (ms): Min: 0.0, Avg: 0.1, Max: 0.1, Diff: 0.1, Sum: 0.5]
         [Termination Attempts: Min: 1, Avg: 1.0, Max: 1, Diff: 0, Sum: 8]
      [GC Worker Other (ms): Min: 0.0, Avg: 0.0, Max: 0.0, Diff: 0.0, Sum: 0.1]
      [GC Worker Total (ms): Min: 6.0, Avg: 6.1, Max: 6.2, Diff: 0.2, Sum: 48.8]
      [GC Worker End (ms): Min: 873.5, Avg: 873.5, Max: 873.5, Diff: 0.0]
   [Code Root Fixup: 0.0 ms]
   [Code Root Purge: 0.0 ms]
   [Clear CT: 0.7 ms]
   [Other: 1.5 ms]
      [Choose CSet: 0.1 ms]
      [Ref Proc: 0.4 ms]
      [Ref Enq: 0.0 ms]
      [Redirty Cards: 0.7 ms]
      [Humongous Register: 0.1 ms]
      [Humongous Reclaim: 0.0 ms]
      [Free CSet: 0.1 ms]
   [Eden: 21.0M(21.0M)->0.0B(22.0M) Survivors: 4096.0K->4096.0K Heap: 410.0M(512.0M)->375.0M(512.0M)]
 [Times: user=0.00 sys=0.00, real=0.01 secs] 
2021-08-15T23:20:04.953+0800: 0.877: [GC pause (G1 Humongous Allocation) (young) (initial-mark), 0.0031323 secs]
   [Parallel Time: 1.4 ms, GC Workers: 8]
      [GC Worker Start (ms): Min: 877.0, Avg: 877.1, Max: 877.2, Diff: 0.2]
      [Ext Root Scanning (ms): Min: 0.0, Avg: 0.1, Max: 0.2, Diff: 0.2, Sum: 0.8]
      [Update RS (ms): Min: 0.2, Avg: 0.3, Max: 0.7, Diff: 0.5, Sum: 2.5]
         [Processed Buffers: Min: 1, Avg: 1.1, Max: 2, Diff: 1, Sum: 9]
      [Scan RS (ms): Min: 0.0, Avg: 0.0, Max: 0.0, Diff: 0.0, Sum: 0.0]
      [Code Root Scanning (ms): Min: 0.0, Avg: 0.0, Max: 0.0, Diff: 0.0, Sum: 0.0]
      [Object Copy (ms): Min: 0.2, Avg: 0.6, Max: 0.7, Diff: 0.5, Sum: 4.7]
      [Termination (ms): Min: 0.0, Avg: 0.1, Max: 0.1, Diff: 0.1, Sum: 0.6]
         [Termination Attempts: Min: 1, Avg: 1.0, Max: 1, Diff: 0, Sum: 8]
      [GC Worker Other (ms): Min: 0.0, Avg: 0.0, Max: 0.0, Diff: 0.0, Sum: 0.1]
      [GC Worker Total (ms): Min: 1.0, Avg: 1.1, Max: 1.2, Diff: 0.2, Sum: 8.6]
      [GC Worker End (ms): Min: 878.2, Avg: 878.2, Max: 878.2, Diff: 0.0]
   [Code Root Fixup: 0.0 ms]
   [Code Root Purge: 0.0 ms]
   [Clear CT: 0.6 ms]
   [Other: 1.2 ms]
      [Choose CSet: 0.0 ms]
      [Ref Proc: 0.4 ms]
      [Ref Enq: 0.0 ms]
      [Redirty Cards: 0.7 ms]
      [Humongous Register: 0.0 ms]
      [Humongous Reclaim: 0.0 ms]
      [Free CSet: 0.0 ms]
   [Eden: 7168.0K(22.0M)->0.0B(23.0M) Survivors: 4096.0K->2048.0K Heap: 381.6M(512.0M)->376.7M(512.0M)]
 [Times: user=0.00 sys=0.00, real=0.00 secs] 
2021-08-15T23:20:04.956+0800: 0.880: [GC concurrent-root-region-scan-start]
2021-08-15T23:20:04.956+0800: 0.880: [GC concurrent-root-region-scan-end, 0.0001203 secs]
2021-08-15T23:20:04.956+0800: 0.880: [GC concurrent-mark-start]
2021-08-15T23:20:04.957+0800: 0.882: [GC concurrent-mark-end, 0.0013999 secs]
2021-08-15T23:20:04.957+0800: 0.882: [GC remark 2021-08-15T23:20:04.957+0800: 0.882: [Finalize Marking, 0.0003235 secs] 2021-08-15T23:20:04.958+0800: 0.882: [GC ref-proc, 0.0000739 secs] 2021-08-15T23:20:04.958+0800: 0.882: [Unloading, 0.0005935 secs], 0.0019204 secs]
 [Times: user=0.00 sys=0.00, real=0.00 secs] 
2021-08-15T23:20:04.960+0800: 0.884: [GC cleanup 390M->390M(512M), 0.0022858 secs]
 [Times: user=0.00 sys=0.00, real=0.00 secs] 
2021-08-15T23:20:04.965+0800: 0.889: [GC pause (G1 Evacuation Pause) (young), 0.0043569 secs]
   [Parallel Time: 2.3 ms, GC Workers: 8]
      [GC Worker Start (ms): Min: 888.7, Avg: 888.8, Max: 888.9, Diff: 0.1]
      [Ext Root Scanning (ms): Min: 0.0, Avg: 0.1, Max: 0.2, Diff: 0.1, Sum: 0.7]
      [Update RS (ms): Min: 0.4, Avg: 0.5, Max: 0.5, Diff: 0.1, Sum: 3.8]
         [Processed Buffers: Min: 6, Avg: 7.3, Max: 8, Diff: 2, Sum: 58]
      [Scan RS (ms): Min: 0.0, Avg: 0.0, Max: 0.0, Diff: 0.0, Sum: 0.0]
      [Code Root Scanning (ms): Min: 0.0, Avg: 0.0, Max: 0.0, Diff: 0.0, Sum: 0.0]
      [Object Copy (ms): Min: 1.2, Avg: 1.3, Max: 1.3, Diff: 0.1, Sum: 10.2]
      [Termination (ms): Min: 0.0, Avg: 0.1, Max: 0.2, Diff: 0.2, Sum: 0.7]
         [Termination Attempts: Min: 1, Avg: 1.0, Max: 1, Diff: 0, Sum: 8]
      [GC Worker Other (ms): Min: 0.0, Avg: 0.0, Max: 0.0, Diff: 0.0, Sum: 0.1]
      [GC Worker Total (ms): Min: 1.9, Avg: 1.9, Max: 2.0, Diff: 0.1, Sum: 15.5]
      [GC Worker End (ms): Min: 890.8, Avg: 890.8, Max: 890.8, Diff: 0.0]
   [Code Root Fixup: 0.0 ms]
   [Code Root Purge: 0.0 ms]
   [Clear CT: 0.9 ms]
   [Other: 1.1 ms]
      [Choose CSet: 0.0 ms]
      [Ref Proc: 0.2 ms]
      [Ref Enq: 0.0 ms]
      [Redirty Cards: 0.7 ms]
      [Humongous Register: 0.1 ms]
      [Humongous Reclaim: 0.0 ms]
      [Free CSet: 0.0 ms]
   [Eden: 23.0M(23.0M)->0.0B(21.0M) Survivors: 2048.0K->4096.0K Heap: 406.0M(512.0M)->386.5M(512.0M)]
 [Times: user=0.00 sys=0.00, real=0.00 secs] 
2021-08-15T23:20:04.972+0800: 0.897: [GC pause (G1 Evacuation Pause) (mixed), 0.0073927 secs]
   [Parallel Time: 5.4 ms, GC Workers: 8]
      [GC Worker Start (ms): Min: 896.8, Avg: 896.9, Max: 897.0, Diff: 0.1]
      [Ext Root Scanning (ms): Min: 0.0, Avg: 0.1, Max: 0.2, Diff: 0.1, Sum: 0.7]
      [Update RS (ms): Min: 0.3, Avg: 0.4, Max: 0.4, Diff: 0.1, Sum: 2.9]
         [Processed Buffers: Min: 4, Avg: 5.3, Max: 6, Diff: 2, Sum: 42]
      [Scan RS (ms): Min: 0.0, Avg: 0.0, Max: 0.1, Diff: 0.1, Sum: 0.3]
      [Code Root Scanning (ms): Min: 0.0, Avg: 0.0, Max: 0.0, Diff: 0.0, Sum: 0.0]
      [Object Copy (ms): Min: 4.6, Avg: 4.7, Max: 4.8, Diff: 0.2, Sum: 37.4]
      [Termination (ms): Min: 0.0, Avg: 0.1, Max: 0.2, Diff: 0.2, Sum: 0.7]
         [Termination Attempts: Min: 1, Avg: 1.0, Max: 1, Diff: 0, Sum: 8]
      [GC Worker Other (ms): Min: 0.0, Avg: 0.0, Max: 0.0, Diff: 0.0, Sum: 0.1]
      [GC Worker Total (ms): Min: 5.2, Avg: 5.3, Max: 5.4, Diff: 0.1, Sum: 42.2]
      [GC Worker End (ms): Min: 902.2, Avg: 902.2, Max: 902.2, Diff: 0.0]
   [Code Root Fixup: 0.0 ms]
   [Code Root Purge: 0.0 ms]
   [Clear CT: 0.9 ms]
   [Other: 1.1 ms]
      [Choose CSet: 0.0 ms]
      [Ref Proc: 0.2 ms]
      [Ref Enq: 0.0 ms]
      [Redirty Cards: 0.7 ms]
      [Humongous Register: 0.1 ms]
      [Humongous Reclaim: 0.0 ms]
      [Free CSet: 0.0 ms]
   [Eden: 21.0M(21.0M)->0.0B(21.0M) Survivors: 4096.0K->4096.0K Heap: 411.5M(512.0M)->380.7M(512.0M)]
 [Times: user=0.13 sys=0.00, real=0.01 secs] 
2021-08-15T23:20:04.981+0800: 0.904: [GC pause (G1 Humongous Allocation) (young) (initial-mark), 0.0029758 secs]
   [Parallel Time: 1.0 ms, GC Workers: 8]
      [GC Worker Start (ms): Min: 904.6, Avg: 904.7, Max: 904.7, Diff: 0.1]
      [Ext Root Scanning (ms): Min: 0.1, Avg: 0.1, Max: 0.2, Diff: 0.1, Sum: 0.8]
      [Update RS (ms): Min: 0.1, Avg: 0.2, Max: 0.3, Diff: 0.3, Sum: 1.2]
         [Processed Buffers: Min: 1, Avg: 1.1, Max: 2, Diff: 1, Sum: 9]
      [Scan RS (ms): Min: 0.0, Avg: 0.0, Max: 0.0, Diff: 0.0, Sum: 0.0]
      [Code Root Scanning (ms): Min: 0.0, Avg: 0.0, Max: 0.0, Diff: 0.0, Sum: 0.0]
      [Object Copy (ms): Min: 0.2, Avg: 0.3, Max: 0.5, Diff: 0.3, Sum: 2.5]
      [Termination (ms): Min: 0.0, Avg: 0.1, Max: 0.2, Diff: 0.2, Sum: 0.8]
         [Termination Attempts: Min: 1, Avg: 1.0, Max: 1, Diff: 0, Sum: 8]
      [GC Worker Other (ms): Min: 0.0, Avg: 0.0, Max: 0.0, Diff: 0.0, Sum: 0.1]
      [GC Worker Total (ms): Min: 0.6, Avg: 0.7, Max: 0.8, Diff: 0.1, Sum: 5.3]
      [GC Worker End (ms): Min: 905.3, Avg: 905.3, Max: 905.3, Diff: 0.0]
   [Code Root Fixup: 0.0 ms]
   [Code Root Purge: 0.0 ms]
   [Clear CT: 0.8 ms]
   [Other: 1.2 ms]
      [Choose CSet: 0.0 ms]
      [Ref Proc: 0.4 ms]
      [Ref Enq: 0.0 ms]
      [Redirty Cards: 0.6 ms]
      [Humongous Register: 0.1 ms]
      [Humongous Reclaim: 0.0 ms]
      [Free CSet: 0.0 ms]
   [Eden: 1024.0K(21.0M)->0.0B(25.0M) Survivors: 4096.0K->0.0B Heap: 381.4M(512.0M)->380.6M(512.0M)]
 [Times: user=0.00 sys=0.00, real=0.00 secs] 
2021-08-15T23:20:04.984+0800: 0.908: [GC concurrent-root-region-scan-start]
2021-08-15T23:20:04.984+0800: 0.908: [GC concurrent-root-region-scan-end, 0.0000076 secs]
2021-08-15T23:20:04.984+0800: 0.908: [GC concurrent-mark-start]
2021-08-15T23:20:04.985+0800: 0.909: [GC concurrent-mark-end, 0.0015580 secs]
2021-08-15T23:20:04.985+0800: 0.909: [GC remark 2021-08-15T23:20:04.985+0800: 0.909: [Finalize Marking, 0.0003545 secs] 2021-08-15T23:20:04.986+0800: 0.910: [GC ref-proc, 0.0000695 secs] 2021-08-15T23:20:04.986+0800: 0.910: [Unloading, 0.0009510 secs], 0.0022629 secs]
 [Times: user=0.00 sys=0.00, real=0.00 secs] 
2021-08-15T23:20:04.988+0800: 0.912: [GC cleanup 397M->397M(512M), 0.0020255 secs]
 [Times: user=0.00 sys=0.00, real=0.00 secs] 
2021-08-15T23:20:04.992+0800: 0.917: [GC pause (G1 Evacuation Pause) (young), 0.0044025 secs]
   [Parallel Time: 2.7 ms, GC Workers: 8]
      [GC Worker Start (ms): Min: 916.7, Avg: 916.8, Max: 916.8, Diff: 0.1]
      [Ext Root Scanning (ms): Min: 0.0, Avg: 0.1, Max: 0.2, Diff: 0.1, Sum: 0.7]
      [Update RS (ms): Min: 0.9, Avg: 0.9, Max: 0.9, Diff: 0.1, Sum: 7.4]
         [Processed Buffers: Min: 14, Avg: 14.0, Max: 14, Diff: 0, Sum: 112]
      [Scan RS (ms): Min: 0.0, Avg: 0.0, Max: 0.0, Diff: 0.0, Sum: 0.0]
      [Code Root Scanning (ms): Min: 0.0, Avg: 0.0, Max: 0.0, Diff: 0.0, Sum: 0.0]
      [Object Copy (ms): Min: 1.4, Avg: 1.5, Max: 1.5, Diff: 0.1, Sum: 11.7]
      [Termination (ms): Min: 0.0, Avg: 0.1, Max: 0.2, Diff: 0.2, Sum: 0.6]
         [Termination Attempts: Min: 1, Avg: 1.0, Max: 1, Diff: 0, Sum: 8]
      [GC Worker Other (ms): Min: 0.0, Avg: 0.0, Max: 0.0, Diff: 0.0, Sum: 0.1]
      [GC Worker Total (ms): Min: 2.5, Avg: 2.6, Max: 2.6, Diff: 0.1, Sum: 20.4]
      [GC Worker End (ms): Min: 919.3, Avg: 919.4, Max: 919.4, Diff: 0.0]
   [Code Root Fixup: 0.0 ms]
   [Code Root Purge: 0.0 ms]
   [Clear CT: 0.7 ms]
   [Other: 1.0 ms]
      [Choose CSet: 0.0 ms]
      [Ref Proc: 0.1 ms]
      [Ref Enq: 0.0 ms]
      [Redirty Cards: 0.6 ms]
      [Humongous Register: 0.1 ms]
      [Humongous Reclaim: 0.0 ms]
      [Free CSet: 0.0 ms]
   [Eden: 25.0M(25.0M)->0.0B(21.0M) Survivors: 0.0B->4096.0K Heap: 418.7M(512.0M)->392.8M(512.0M)]
 [Times: user=0.00 sys=0.00, real=0.00 secs] 
2021-08-15T23:20:05.000+0800: 0.924: [GC pause (G1 Evacuation Pause) (mixed), 0.0072442 secs]
   [Parallel Time: 5.7 ms, GC Workers: 8]
      [GC Worker Start (ms): Min: 924.2, Avg: 924.3, Max: 924.3, Diff: 0.2]
      [Ext Root Scanning (ms): Min: 0.0, Avg: 0.1, Max: 0.2, Diff: 0.2, Sum: 0.7]
      [Update RS (ms): Min: 0.2, Avg: 0.3, Max: 0.3, Diff: 0.1, Sum: 2.1]
         [Processed Buffers: Min: 4, Avg: 4.0, Max: 4, Diff: 0, Sum: 32]
      [Scan RS (ms): Min: 0.0, Avg: 0.1, Max: 0.2, Diff: 0.2, Sum: 0.4]
      [Code Root Scanning (ms): Min: 0.0, Avg: 0.0, Max: 0.0, Diff: 0.0, Sum: 0.0]
      [Object Copy (ms): Min: 4.9, Avg: 4.9, Max: 5.0, Diff: 0.1, Sum: 39.6]
      [Termination (ms): Min: 0.0, Avg: 0.1, Max: 0.1, Diff: 0.1, Sum: 0.7]
         [Termination Attempts: Min: 1, Avg: 1.8, Max: 4, Diff: 3, Sum: 14]
      [GC Worker Other (ms): Min: 0.0, Avg: 0.0, Max: 0.0, Diff: 0.0, Sum: 0.1]
      [GC Worker Total (ms): Min: 5.4, Avg: 5.4, Max: 5.5, Diff: 0.1, Sum: 43.6]
      [GC Worker End (ms): Min: 929.7, Avg: 929.7, Max: 929.7, Diff: 0.0]
   [Code Root Fixup: 0.0 ms]
   [Code Root Purge: 0.0 ms]
   [Clear CT: 0.3 ms]
   [Other: 1.3 ms]
      [Choose CSet: 0.0 ms]
      [Ref Proc: 0.1 ms]
      [Ref Enq: 0.0 ms]
      [Redirty Cards: 1.0 ms]
      [Humongous Register: 0.1 ms]
      [Humongous Reclaim: 0.0 ms]
      [Free CSet: 0.1 ms]
   [Eden: 21.0M(21.0M)->0.0B(21.0M) Survivors: 4096.0K->4096.0K Heap: 416.7M(512.0M)->384.1M(512.0M)]
 [Times: user=0.11 sys=0.00, real=0.01 secs] 
2021-08-15T23:20:05.008+0800: 0.932: [GC pause (G1 Humongous Allocation) (young) (initial-mark), 0.0032990 secs]
   [Parallel Time: 1.4 ms, GC Workers: 8]
      [GC Worker Start (ms): Min: 932.0, Avg: 932.1, Max: 932.1, Diff: 0.2]
      [Ext Root Scanning (ms): Min: 0.1, Avg: 0.1, Max: 0.2, Diff: 0.1, Sum: 0.9]
      [Update RS (ms): Min: 0.1, Avg: 0.2, Max: 0.7, Diff: 0.6, Sum: 1.4]
         [Processed Buffers: Min: 1, Avg: 1.1, Max: 2, Diff: 1, Sum: 9]
      [Scan RS (ms): Min: 0.0, Avg: 0.0, Max: 0.0, Diff: 0.0, Sum: 0.0]
      [Code Root Scanning (ms): Min: 0.0, Avg: 0.0, Max: 0.0, Diff: 0.0, Sum: 0.0]
      [Object Copy (ms): Min: 0.0, Avg: 0.5, Max: 0.7, Diff: 0.7, Sum: 4.2]
      [Termination (ms): Min: 0.0, Avg: 0.1, Max: 0.1, Diff: 0.1, Sum: 0.6]
         [Termination Attempts: Min: 1, Avg: 1.0, Max: 1, Diff: 0, Sum: 8]
      [GC Worker Other (ms): Min: 0.0, Avg: 0.0, Max: 0.0, Diff: 0.0, Sum: 0.1]
      [GC Worker Total (ms): Min: 0.8, Avg: 0.9, Max: 1.0, Diff: 0.2, Sum: 7.2]
      [GC Worker End (ms): Min: 933.0, Avg: 933.0, Max: 933.0, Diff: 0.0]
   [Code Root Fixup: 0.0 ms]
   [Code Root Purge: 0.0 ms]
   [Clear CT: 0.7 ms]
   [Other: 1.3 ms]
      [Choose CSet: 0.0 ms]
      [Ref Proc: 0.5 ms]
      [Ref Enq: 0.0 ms]
      [Redirty Cards: 0.6 ms]
      [Humongous Register: 0.1 ms]
      [Humongous Reclaim: 0.0 ms]
      [Free CSet: 0.0 ms]
   [Eden: 3072.0K(21.0M)->0.0B(23.0M) Survivors: 4096.0K->2048.0K Heap: 386.7M(512.0M)->386.2M(512.0M)]
 [Times: user=0.00 sys=0.00, real=0.00 secs] 
2021-08-15T23:20:05.011+0800: 0.935: [GC concurrent-root-region-scan-start]
2021-08-15T23:20:05.011+0800: 0.935: [GC concurrent-root-region-scan-end, 0.0001482 secs]
2021-08-15T23:20:05.011+0800: 0.935: [GC concurrent-mark-start]
2021-08-15T23:20:05.012+0800: 0.937: [GC concurrent-mark-end, 0.0014011 secs]
2021-08-15T23:20:05.012+0800: 0.937: [GC remark 2021-08-15T23:20:05.012+0800: 0.937: [Finalize Marking, 0.0003758 secs] 2021-08-15T23:20:05.013+0800: 0.937: [GC ref-proc, 0.0000699 secs] 2021-08-15T23:20:05.013+0800: 0.938: [Unloading, 0.0009411 secs], 0.0021406 secs]
 [Times: user=0.00 sys=0.00, real=0.00 secs] 
2021-08-15T23:20:05.016+0800: 0.939: [GC cleanup 400M->400M(512M), 0.0022503 secs]
 [Times: user=0.00 sys=0.00, real=0.00 secs] 
2021-08-15T23:20:05.021+0800: 0.945: [GC pause (G1 Evacuation Pause) (young), 0.0041988 secs]
   [Parallel Time: 2.4 ms, GC Workers: 8]
      [GC Worker Start (ms): Min: 945.0, Avg: 945.1, Max: 945.1, Diff: 0.1]
      [Ext Root Scanning (ms): Min: 0.0, Avg: 0.1, Max: 0.2, Diff: 0.1, Sum: 0.7]
      [Update RS (ms): Min: 0.7, Avg: 0.8, Max: 0.8, Diff: 0.1, Sum: 6.1]
         [Processed Buffers: Min: 11, Avg: 11.5, Max: 12, Diff: 1, Sum: 92]
      [Scan RS (ms): Min: 0.0, Avg: 0.0, Max: 0.0, Diff: 0.0, Sum: 0.0]
      [Code Root Scanning (ms): Min: 0.0, Avg: 0.0, Max: 0.0, Diff: 0.0, Sum: 0.0]
      [Object Copy (ms): Min: 0.8, Avg: 0.9, Max: 1.0, Diff: 0.2, Sum: 7.6]
      [Termination (ms): Min: 0.0, Avg: 0.1, Max: 0.2, Diff: 0.2, Sum: 0.8]
         [Termination Attempts: Min: 1, Avg: 1.0, Max: 1, Diff: 0, Sum: 8]
      [GC Worker Other (ms): Min: 0.0, Avg: 0.0, Max: 0.0, Diff: 0.0, Sum: 0.2]
      [GC Worker Total (ms): Min: 1.9, Avg: 1.9, Max: 2.0, Diff: 0.1, Sum: 15.3]
      [GC Worker End (ms): Min: 947.0, Avg: 947.0, Max: 947.0, Diff: 0.0]
   [Code Root Fixup: 0.0 ms]
   [Code Root Purge: 0.0 ms]
   [Clear CT: 0.6 ms]
   [Other: 1.2 ms]
      [Choose CSet: 0.0 ms]
      [Ref Proc: 0.4 ms]
      [Ref Enq: 0.0 ms]
      [Redirty Cards: 0.7 ms]
      [Humongous Register: 0.1 ms]
      [Humongous Reclaim: 0.0 ms]
      [Free CSet: 0.0 ms]
   [Eden: 23.0M(23.0M)->0.0B(21.0M) Survivors: 2048.0K->4096.0K Heap: 419.6M(512.0M)->397.6M(512.0M)]
 [Times: user=0.00 sys=0.00, real=0.00 secs] 
2021-08-15T23:20:05.029+0800: 0.953: [GC pause (G1 Evacuation Pause) (mixed) (to-space exhausted), 0.0072773 secs]
   [Parallel Time: 4.9 ms, GC Workers: 8]
      [GC Worker Start (ms): Min: 952.8, Avg: 952.9, Max: 953.0, Diff: 0.2]
      [Ext Root Scanning (ms): Min: 0.0, Avg: 0.1, Max: 0.2, Diff: 0.2, Sum: 0.6]
      [Update RS (ms): Min: 0.3, Avg: 0.3, Max: 0.3, Diff: 0.0, Sum: 2.7]
         [Processed Buffers: Min: 5, Avg: 5.1, Max: 6, Diff: 1, Sum: 41]
      [Scan RS (ms): Min: 0.0, Avg: 0.0, Max: 0.1, Diff: 0.0, Sum: 0.3]
      [Code Root Scanning (ms): Min: 0.0, Avg: 0.0, Max: 0.0, Diff: 0.0, Sum: 0.0]
      [Object Copy (ms): Min: 4.0, Avg: 4.0, Max: 4.1, Diff: 0.1, Sum: 32.2]
      [Termination (ms): Min: 0.0, Avg: 0.0, Max: 0.0, Diff: 0.0, Sum: 0.3]
         [Termination Attempts: Min: 1, Avg: 1.5, Max: 3, Diff: 2, Sum: 12]
      [GC Worker Other (ms): Min: 0.0, Avg: 0.0, Max: 0.0, Diff: 0.0, Sum: 0.1]
      [GC Worker Total (ms): Min: 4.5, Avg: 4.5, Max: 4.6, Diff: 0.2, Sum: 36.2]
      [GC Worker End (ms): Min: 957.5, Avg: 957.5, Max: 957.5, Diff: 0.0]
   [Code Root Fixup: 0.0 ms]
   [Code Root Purge: 0.0 ms]
   [Clear CT: 0.6 ms]
   [Other: 1.8 ms]
      [Evacuation Failure: 0.6 ms]
      [Choose CSet: 0.0 ms]
      [Ref Proc: 0.5 ms]
      [Ref Enq: 0.0 ms]
      [Redirty Cards: 0.5 ms]
      [Humongous Register: 0.1 ms]
      [Humongous Reclaim: 0.0 ms]
      [Free CSet: 0.1 ms]
   [Eden: 21.0M(21.0M)->0.0B(21.0M) Survivors: 4096.0K->4096.0K Heap: 422.6M(512.0M)->409.1M(512.0M)]
 [Times: user=0.00 sys=0.00, real=0.01 secs] 
2021-08-15T23:20:05.036+0800: 0.960: [GC pause (G1 Humongous Allocation) (young) (initial-mark), 0.0025691 secs]
   [Parallel Time: 1.2 ms, GC Workers: 8]
      [GC Worker Start (ms): Min: 960.5, Avg: 960.6, Max: 960.6, Diff: 0.1]
      [Ext Root Scanning (ms): Min: 0.1, Avg: 0.1, Max: 0.2, Diff: 0.1, Sum: 1.0]
      [Update RS (ms): Min: 0.1, Avg: 0.1, Max: 0.1, Diff: 0.1, Sum: 0.8]
         [Processed Buffers: Min: 1, Avg: 2.1, Max: 8, Diff: 7, Sum: 17]
      [Scan RS (ms): Min: 0.0, Avg: 0.0, Max: 0.0, Diff: 0.0, Sum: 0.0]
      [Code Root Scanning (ms): Min: 0.0, Avg: 0.0, Max: 0.0, Diff: 0.0, Sum: 0.0]
      [Object Copy (ms): Min: 0.3, Avg: 0.4, Max: 0.5, Diff: 0.2, Sum: 3.2]
      [Termination (ms): Min: 0.0, Avg: 0.1, Max: 0.2, Diff: 0.2, Sum: 0.9]
         [Termination Attempts: Min: 1, Avg: 1.0, Max: 1, Diff: 0, Sum: 8]
      [GC Worker Other (ms): Min: 0.0, Avg: 0.0, Max: 0.0, Diff: 0.0, Sum: 0.1]
      [GC Worker Total (ms): Min: 0.7, Avg: 0.7, Max: 0.8, Diff: 0.1, Sum: 6.0]
      [GC Worker End (ms): Min: 961.3, Avg: 961.3, Max: 961.3, Diff: 0.0]
   [Code Root Fixup: 0.0 ms]
   [Code Root Purge: 0.0 ms]
   [Clear CT: 0.5 ms]
   [Other: 0.9 ms]
      [Choose CSet: 0.0 ms]
      [Ref Proc: 0.4 ms]
      [Ref Enq: 0.0 ms]
      [Redirty Cards: 0.4 ms]
      [Humongous Register: 0.1 ms]
      [Humongous Reclaim: 0.0 ms]
      [Free CSet: 0.0 ms]
   [Eden: 2048.0K(21.0M)->0.0B(24.0M) Survivors: 4096.0K->1024.0K Heap: 411.0M(512.0M)->408.7M(512.0M)]
 [Times: user=0.00 sys=0.00, real=0.00 secs] 
2021-08-15T23:20:05.039+0800: 0.963: [GC concurrent-root-region-scan-start]
2021-08-15T23:20:05.039+0800: 0.963: [GC concurrent-root-region-scan-end, 0.0000678 secs]
2021-08-15T23:20:05.039+0800: 0.963: [GC concurrent-mark-start]
2021-08-15T23:20:05.040+0800: 0.964: [GC concurrent-mark-end, 0.0012764 secs]
2021-08-15T23:20:05.040+0800: 0.965: [GC remark 2021-08-15T23:20:05.040+0800: 0.965: [Finalize Marking, 0.0002204 secs] 2021-08-15T23:20:05.040+0800: 0.965: [GC ref-proc, 0.0000673 secs] 2021-08-15T23:20:05.041+0800: 0.965: [Unloading, 0.0006493 secs], 0.0016324 secs]
 [Times: user=0.00 sys=0.00, real=0.00 secs] 
2021-08-15T23:20:05.042+0800: 0.966: [GC cleanup 417M->417M(512M), 0.0011805 secs]
 [Times: user=0.00 sys=0.00, real=0.00 secs] 
2021-08-15T23:20:05.047+0800: 0.971: [GC pause (G1 Evacuation Pause) (young), 0.0034054 secs]
   [Parallel Time: 1.7 ms, GC Workers: 8]
      [GC Worker Start (ms): Min: 971.2, Avg: 971.3, Max: 971.3, Diff: 0.1]
      [Ext Root Scanning (ms): Min: 0.0, Avg: 0.1, Max: 0.2, Diff: 0.1, Sum: 0.6]
      [Update RS (ms): Min: 0.6, Avg: 0.6, Max: 0.6, Diff: 0.0, Sum: 4.7]
         [Processed Buffers: Min: 8, Avg: 8.8, Max: 9, Diff: 1, Sum: 70]
      [Scan RS (ms): Min: 0.0, Avg: 0.0, Max: 0.0, Diff: 0.0, Sum: 0.0]
      [Code Root Scanning (ms): Min: 0.0, Avg: 0.0, Max: 0.0, Diff: 0.0, Sum: 0.0]
      [Object Copy (ms): Min: 0.7, Avg: 0.8, Max: 0.9, Diff: 0.2, Sum: 6.7]
      [Termination (ms): Min: 0.0, Avg: 0.1, Max: 0.2, Diff: 0.2, Sum: 0.6]
         [Termination Attempts: Min: 1, Avg: 1.0, Max: 1, Diff: 0, Sum: 8]
      [GC Worker Other (ms): Min: 0.0, Avg: 0.0, Max: 0.0, Diff: 0.0, Sum: 0.1]
      [GC Worker Total (ms): Min: 1.5, Avg: 1.6, Max: 1.7, Diff: 0.1, Sum: 12.7]
      [GC Worker End (ms): Min: 972.9, Avg: 972.9, Max: 972.9, Diff: 0.0]
   [Code Root Fixup: 0.0 ms]
   [Code Root Purge: 0.0 ms]
   [Clear CT: 0.7 ms]
   [Other: 1.0 ms]
      [Choose CSet: 0.0 ms]
      [Ref Proc: 0.2 ms]
      [Ref Enq: 0.0 ms]
      [Redirty Cards: 0.5 ms]
      [Humongous Register: 0.1 ms]
      [Humongous Reclaim: 0.0 ms]
      [Free CSet: 0.0 ms]
   [Eden: 24.0M(24.0M)->0.0B(21.0M) Survivors: 1024.0K->4096.0K Heap: 440.3M(512.0M)->417.3M(512.0M)]
 [Times: user=0.00 sys=0.00, real=0.00 secs] 
2021-08-15T23:20:05.054+0800: 0.978: [GC pause (G1 Evacuation Pause) (mixed) (to-space exhausted), 0.0042320 secs]
   [Parallel Time: 2.0 ms, GC Workers: 8]
      [GC Worker Start (ms): Min: 978.5, Avg: 978.6, Max: 978.7, Diff: 0.2]
      [Ext Root Scanning (ms): Min: 0.0, Avg: 0.1, Max: 0.2, Diff: 0.2, Sum: 0.6]
      [Update RS (ms): Min: 0.5, Avg: 0.5, Max: 0.5, Diff: 0.1, Sum: 4.1]
         [Processed Buffers: Min: 7, Avg: 7.9, Max: 8, Diff: 1, Sum: 63]
      [Scan RS (ms): Min: 0.0, Avg: 0.1, Max: 0.2, Diff: 0.2, Sum: 0.4]
      [Code Root Scanning (ms): Min: 0.0, Avg: 0.0, Max: 0.0, Diff: 0.0, Sum: 0.0]
      [Object Copy (ms): Min: 0.8, Avg: 0.9, Max: 1.0, Diff: 0.2, Sum: 7.3]
      [Termination (ms): Min: 0.0, Avg: 0.0, Max: 0.1, Diff: 0.1, Sum: 0.3]
         [Termination Attempts: Min: 1, Avg: 1.5, Max: 4, Diff: 3, Sum: 12]
      [GC Worker Other (ms): Min: 0.0, Avg: 0.0, Max: 0.0, Diff: 0.0, Sum: 0.1]
      [GC Worker Total (ms): Min: 1.5, Avg: 1.6, Max: 1.7, Diff: 0.2, Sum: 12.8]
      [GC Worker End (ms): Min: 980.2, Avg: 980.2, Max: 980.2, Diff: 0.0]
   [Code Root Fixup: 0.0 ms]
   [Code Root Purge: 0.0 ms]
   [Clear CT: 0.7 ms]
   [Other: 1.5 ms]
      [Evacuation Failure: 0.3 ms]
      [Choose CSet: 0.0 ms]
      [Ref Proc: 0.4 ms]
      [Ref Enq: 0.0 ms]
      [Redirty Cards: 0.6 ms]
      [Humongous Register: 0.1 ms]
      [Humongous Reclaim: 0.0 ms]
      [Free CSet: 0.0 ms]
   [Eden: 21.0M(21.0M)->0.0B(24.0M) Survivors: 4096.0K->1024.0K Heap: 445.0M(512.0M)->440.0M(512.0M)]
 [Times: user=0.00 sys=0.00, real=0.01 secs] 
2021-08-15T23:20:05.060+0800: 0.984: [GC pause (G1 Evacuation Pause) (mixed) (to-space exhausted), 0.0033740 secs]
   [Parallel Time: 0.9 ms, GC Workers: 8]
      [GC Worker Start (ms): Min: 984.4, Avg: 984.5, Max: 984.5, Diff: 0.1]
      [Ext Root Scanning (ms): Min: 0.1, Avg: 0.1, Max: 0.2, Diff: 0.1, Sum: 0.9]
      [Update RS (ms): Min: 0.3, Avg: 0.3, Max: 0.3, Diff: 0.1, Sum: 2.4]
         [Processed Buffers: Min: 2, Avg: 5.5, Max: 8, Diff: 6, Sum: 44]
      [Scan RS (ms): Min: 0.0, Avg: 0.0, Max: 0.0, Diff: 0.0, Sum: 0.1]
      [Code Root Scanning (ms): Min: 0.0, Avg: 0.0, Max: 0.0, Diff: 0.0, Sum: 0.0]
      [Object Copy (ms): Min: 0.1, Avg: 0.1, Max: 0.2, Diff: 0.1, Sum: 1.0]
      [Termination (ms): Min: 0.0, Avg: 0.0, Max: 0.1, Diff: 0.1, Sum: 0.3]
         [Termination Attempts: Min: 1, Avg: 1.0, Max: 1, Diff: 0, Sum: 8]
      [GC Worker Other (ms): Min: 0.0, Avg: 0.0, Max: 0.0, Diff: 0.0, Sum: 0.1]
      [GC Worker Total (ms): Min: 0.6, Avg: 0.6, Max: 0.7, Diff: 0.1, Sum: 4.8]
      [GC Worker End (ms): Min: 985.1, Avg: 985.1, Max: 985.1, Diff: 0.0]
   [Code Root Fixup: 0.0 ms]
   [Code Root Purge: 0.0 ms]
   [Clear CT: 0.6 ms]
   [Other: 1.8 ms]
      [Evacuation Failure: 0.7 ms]
      [Choose CSet: 0.0 ms]
      [Ref Proc: 0.4 ms]
      [Ref Enq: 0.0 ms]
      [Redirty Cards: 0.6 ms]
      [Humongous Register: 0.1 ms]
      [Humongous Reclaim: 0.0 ms]
      [Free CSet: 0.0 ms]
   [Eden: 9216.0K(24.0M)->0.0B(25.0M) Survivors: 1024.0K->0.0B Heap: 451.6M(512.0M)->448.8M(512.0M)]
 [Times: user=0.00 sys=0.00, real=0.00 secs] 
2021-08-15T23:20:05.064+0800: 0.988: [GC pause (G1 Humongous Allocation) (young) (initial-mark) (to-space exhausted), 0.0023772 secs]
   [Parallel Time: 0.6 ms, GC Workers: 8]
      [GC Worker Start (ms): Min: 988.2, Avg: 988.3, Max: 988.3, Diff: 0.1]
      [Ext Root Scanning (ms): Min: 0.0, Avg: 0.1, Max: 0.1, Diff: 0.1, Sum: 0.7]
      [Update RS (ms): Min: 0.0, Avg: 0.0, Max: 0.1, Diff: 0.1, Sum: 0.4]
         [Processed Buffers: Min: 1, Avg: 2.1, Max: 3, Diff: 2, Sum: 17]
      [Scan RS (ms): Min: 0.0, Avg: 0.0, Max: 0.0, Diff: 0.0, Sum: 0.0]
      [Code Root Scanning (ms): Min: 0.0, Avg: 0.0, Max: 0.0, Diff: 0.0, Sum: 0.0]
      [Object Copy (ms): Min: 0.0, Avg: 0.0, Max: 0.1, Diff: 0.1, Sum: 0.3]
      [Termination (ms): Min: 0.0, Avg: 0.1, Max: 0.1, Diff: 0.1, Sum: 0.5]
         [Termination Attempts: Min: 1, Avg: 1.0, Max: 1, Diff: 0, Sum: 8]
      [GC Worker Other (ms): Min: 0.0, Avg: 0.0, Max: 0.0, Diff: 0.0, Sum: 0.0]
      [GC Worker Total (ms): Min: 0.2, Avg: 0.2, Max: 0.3, Diff: 0.1, Sum: 1.9]
      [GC Worker End (ms): Min: 988.5, Avg: 988.5, Max: 988.5, Diff: 0.0]
   [Code Root Fixup: 0.0 ms]
   [Code Root Purge: 0.0 ms]
   [Clear CT: 0.5 ms]
   [Other: 1.3 ms]
      [Evacuation Failure: 0.5 ms]
      [Choose CSet: 0.0 ms]
      [Ref Proc: 0.4 ms]
      [Ref Enq: 0.0 ms]
      [Redirty Cards: 0.3 ms]
      [Humongous Register: 0.1 ms]
      [Humongous Reclaim: 0.0 ms]
      [Free CSet: 0.0 ms]
   [Eden: 3072.0K(25.0M)->0.0B(24.0M) Survivors: 0.0B->1024.0K Heap: 450.9M(512.0M)->449.9M(512.0M)]
 [Times: user=0.00 sys=0.00, real=0.00 secs] 
2021-08-15T23:20:05.066+0800: 0.991: [GC concurrent-root-region-scan-start]
2021-08-15T23:20:05.066+0800: 0.991: [GC pause (G1 Humongous Allocation) (young)2021-08-15T23:20:05.066+0800: 0.991: [GC concurrent-root-region-scan-end, 0.0000970 secs]
2021-08-15T23:20:05.066+0800: 0.991: [GC concurrent-mark-start]
 (to-space exhausted), 0.0008147 secs]
   [Root Region Scan Waiting: 0.0 ms]
   [Parallel Time: 0.3 ms, GC Workers: 8]
      [GC Worker Start (ms): Min: 990.8, Avg: 990.8, Max: 990.8, Diff: 0.1]
      [Ext Root Scanning (ms): Min: 0.1, Avg: 0.1, Max: 0.1, Diff: 0.1, Sum: 0.8]
      [Update RS (ms): Min: 0.0, Avg: 0.1, Max: 0.1, Diff: 0.1, Sum: 0.5]
         [Processed Buffers: Min: 2, Avg: 2.5, Max: 3, Diff: 1, Sum: 20]
      [Scan RS (ms): Min: 0.0, Avg: 0.0, Max: 0.0, Diff: 0.0, Sum: 0.0]
      [Code Root Scanning (ms): Min: 0.0, Avg: 0.0, Max: 0.0, Diff: 0.0, Sum: 0.0]
      [Object Copy (ms): Min: 0.0, Avg: 0.0, Max: 0.0, Diff: 0.0, Sum: 0.1]
      [Termination (ms): Min: 0.0, Avg: 0.0, Max: 0.1, Diff: 0.1, Sum: 0.2]
         [Termination Attempts: Min: 1, Avg: 1.0, Max: 1, Diff: 0, Sum: 8]
      [GC Worker Other (ms): Min: 0.0, Avg: 0.0, Max: 0.0, Diff: 0.0, Sum: 0.1]
      [GC Worker Total (ms): Min: 0.2, Avg: 0.2, Max: 0.2, Diff: 0.1, Sum: 1.7]
      [GC Worker End (ms): Min: 991.0, Avg: 991.0, Max: 991.0, Diff: 0.0]
   [Code Root Fixup: 0.0 ms]
   [Code Root Purge: 0.0 ms]
   [Clear CT: 0.1 ms]
   [Other: 0.5 ms]
      [Evacuation Failure: 0.2 ms]
      [Choose CSet: 0.0 ms]
      [Ref Proc: 0.1 ms]
      [Ref Enq: 0.0 ms]
      [Redirty Cards: 0.1 ms]
      [Humongous Register: 0.1 ms]
      [Humongous Reclaim: 0.0 ms]
      [Free CSet: 0.0 ms]
   [Eden: 1024.0K(24.0M)->0.0B(25.0M) Survivors: 1024.0K->0.0B Heap: 450.9M(512.0M)->450.9M(512.0M)]
 [Times: user=0.13 sys=0.00, real=0.00 secs] 
2021-08-15T23:20:05.067+0800: 0.992: [Full GC (Allocation Failure)  450M->344M(512M), 0.0406867 secs]
   [Eden: 0.0B(25.0M)->0.0B(25.0M) Survivors: 0.0B->0.0B Heap: 450.9M(512.0M)->344.6M(512.0M)], [Metaspace: 2653K->2653K(1056768K)]
 [Times: user=0.03 sys=0.00, real=0.04 secs] 
2021-08-15T23:20:05.109+0800: 1.033: [GC concurrent-mark-abort]
2021-08-15T23:20:05.109+0800: 1.033: [GC pause (G1 Humongous Allocation) (young) (initial-mark), 0.0025518 secs]
   [Parallel Time: 0.7 ms, GC Workers: 8]
      [GC Worker Start (ms): Min: 1032.8, Avg: 1032.9, Max: 1032.9, Diff: 0.1]
      [Ext Root Scanning (ms): Min: 0.1, Avg: 0.1, Max: 0.2, Diff: 0.1, Sum: 0.8]
      [Update RS (ms): Min: 0.0, Avg: 0.1, Max: 0.2, Diff: 0.2, Sum: 0.7]
         [Processed Buffers: Min: 0, Avg: 0.9, Max: 1, Diff: 1, Sum: 7]
      [Scan RS (ms): Min: 0.0, Avg: 0.0, Max: 0.0, Diff: 0.0, Sum: 0.0]
      [Code Root Scanning (ms): Min: 0.0, Avg: 0.0, Max: 0.0, Diff: 0.0, Sum: 0.0]
      [Object Copy (ms): Min: 0.0, Avg: 0.0, Max: 0.0, Diff: 0.0, Sum: 0.1]
      [Termination (ms): Min: 0.0, Avg: 0.1, Max: 0.1, Diff: 0.1, Sum: 0.7]
         [Termination Attempts: Min: 1, Avg: 1.5, Max: 5, Diff: 4, Sum: 12]
      [GC Worker Other (ms): Min: 0.0, Avg: 0.0, Max: 0.0, Diff: 0.0, Sum: 0.0]
      [GC Worker Total (ms): Min: 0.2, Avg: 0.3, Max: 0.4, Diff: 0.1, Sum: 2.2]
      [GC Worker End (ms): Min: 1033.1, Avg: 1033.1, Max: 1033.1, Diff: 0.0]
   [Code Root Fixup: 0.0 ms]
   [Code Root Purge: 0.0 ms]
   [Clear CT: 0.7 ms]
   [Other: 1.2 ms]
      [Choose CSet: 0.0 ms]
      [Ref Proc: 0.5 ms]
      [Ref Enq: 0.0 ms]
      [Redirty Cards: 0.6 ms]
      [Humongous Register: 0.1 ms]
      [Humongous Reclaim: 0.0 ms]
      [Free CSet: 0.0 ms]
   [Eden: 1024.0K(25.0M)->0.0B(24.0M) Survivors: 0.0B->1024.0K Heap: 345.8M(512.0M)->345.6M(512.0M)]
 [Times: user=0.00 sys=0.00, real=0.00 secs] 
2021-08-15T23:20:05.111+0800: 1.035: [GC concurrent-root-region-scan-start]
2021-08-15T23:20:05.111+0800: 1.035: [GC concurrent-root-region-scan-end, 0.0001482 secs]
2021-08-15T23:20:05.111+0800: 1.035: [GC concurrent-mark-start]
2021-08-15T23:20:05.112+0800: 1.037: [GC concurrent-mark-end, 0.0013227 secs]
2021-08-15T23:20:05.112+0800: 1.037: [GC remark 2021-08-15T23:20:05.112+0800: 1.037: [Finalize Marking, 0.0004173 secs] 2021-08-15T23:20:05.113+0800: 1.038: [GC ref-proc, 0.0000677 secs] 2021-08-15T23:20:05.113+0800: 1.038: [Unloading, 0.0007562 secs], 0.0022304 secs]
 [Times: user=0.00 sys=0.00, real=0.00 secs] 
2021-08-15T23:20:05.115+0800: 1.040: [GC cleanup 359M->359M(512M), 0.0021511 secs]
 [Times: user=0.00 sys=0.00, real=0.00 secs] 
2021-08-15T23:20:05.119+0800: 1.044: [GC pause (G1 Evacuation Pause) (young), 0.0036248 secs]
   [Parallel Time: 1.7 ms, GC Workers: 8]
      [GC Worker Start (ms): Min: 1043.7, Avg: 1043.8, Max: 1043.9, Diff: 0.1]
      [Ext Root Scanning (ms): Min: 0.0, Avg: 0.1, Max: 0.2, Diff: 0.1, Sum: 0.7]
      [Update RS (ms): Min: 0.3, Avg: 0.4, Max: 0.4, Diff: 0.0, Sum: 2.9]
         [Processed Buffers: Min: 3, Avg: 5.1, Max: 6, Diff: 3, Sum: 41]
      [Scan RS (ms): Min: 0.0, Avg: 0.0, Max: 0.0, Diff: 0.0, Sum: 0.0]
      [Code Root Scanning (ms): Min: 0.0, Avg: 0.0, Max: 0.0, Diff: 0.0, Sum: 0.0]
      [Object Copy (ms): Min: 1.0, Avg: 1.1, Max: 1.1, Diff: 0.1, Sum: 8.6]
      [Termination (ms): Min: 0.0, Avg: 0.1, Max: 0.1, Diff: 0.1, Sum: 0.4]
         [Termination Attempts: Min: 1, Avg: 1.0, Max: 1, Diff: 0, Sum: 8]
      [GC Worker Other (ms): Min: 0.0, Avg: 0.0, Max: 0.0, Diff: 0.0, Sum: 0.1]
      [GC Worker Total (ms): Min: 1.6, Avg: 1.6, Max: 1.7, Diff: 0.1, Sum: 12.9]
      [GC Worker End (ms): Min: 1045.4, Avg: 1045.4, Max: 1045.5, Diff: 0.0]
   [Code Root Fixup: 0.0 ms]
   [Code Root Purge: 0.0 ms]
   [Clear CT: 0.7 ms]
   [Other: 1.2 ms]
      [Choose CSet: 0.0 ms]
      [Ref Proc: 0.3 ms]
      [Ref Enq: 0.0 ms]
      [Redirty Cards: 0.7 ms]
      [Humongous Register: 0.1 ms]
      [Humongous Reclaim: 0.0 ms]
      [Free CSet: 0.0 ms]
   [Eden: 24.0M(24.0M)->0.0B(21.0M) Survivors: 1024.0K->4096.0K Heap: 374.4M(512.0M)->355.9M(512.0M)]
 [Times: user=0.00 sys=0.00, real=0.00 secs] 
2021-08-15T23:20:05.124+0800: 1.048: [GC pause (G1 Humongous Allocation) (young) (initial-mark), 0.0030651 secs]
   [Parallel Time: 1.1 ms, GC Workers: 8]
      [GC Worker Start (ms): Min: 1048.0, Avg: 1048.1, Max: 1048.2, Diff: 0.1]
      [Ext Root Scanning (ms): Min: 0.1, Avg: 0.1, Max: 0.2, Diff: 0.1, Sum: 0.8]
      [Update RS (ms): Min: 0.0, Avg: 0.1, Max: 0.2, Diff: 0.2, Sum: 0.7]
         [Processed Buffers: Min: 1, Avg: 1.0, Max: 1, Diff: 0, Sum: 8]
      [Scan RS (ms): Min: 0.0, Avg: 0.0, Max: 0.0, Diff: 0.0, Sum: 0.0]
      [Code Root Scanning (ms): Min: 0.0, Avg: 0.0, Max: 0.0, Diff: 0.0, Sum: 0.0]
      [Object Copy (ms): Min: 0.4, Avg: 0.5, Max: 0.6, Diff: 0.2, Sum: 4.1]
      [Termination (ms): Min: 0.0, Avg: 0.1, Max: 0.1, Diff: 0.1, Sum: 0.5]
         [Termination Attempts: Min: 1, Avg: 1.3, Max: 3, Diff: 2, Sum: 10]
      [GC Worker Other (ms): Min: 0.0, Avg: 0.0, Max: 0.0, Diff: 0.0, Sum: 0.1]
      [GC Worker Total (ms): Min: 0.7, Avg: 0.8, Max: 0.9, Diff: 0.1, Sum: 6.1]
      [GC Worker End (ms): Min: 1048.9, Avg: 1048.9, Max: 1048.9, Diff: 0.0]
   [Code Root Fixup: 0.0 ms]
   [Code Root Purge: 0.0 ms]
   [Clear CT: 0.6 ms]
   [Other: 1.4 ms]
      [Choose CSet: 0.0 ms]
      [Ref Proc: 0.6 ms]
      [Ref Enq: 0.0 ms]
      [Redirty Cards: 0.6 ms]
      [Humongous Register: 0.1 ms]
      [Humongous Reclaim: 0.0 ms]
      [Free CSet: 0.0 ms]
   [Eden: 3072.0K(21.0M)->0.0B(24.0M) Survivors: 4096.0K->1024.0K Heap: 358.8M(512.0M)->355.4M(512.0M)]
 [Times: user=0.00 sys=0.00, real=0.00 secs] 
2021-08-15T23:20:05.127+0800: 1.051: [GC concurrent-root-region-scan-start]
2021-08-15T23:20:05.127+0800: 1.051: [GC concurrent-root-region-scan-end, 0.0001213 secs]
2021-08-15T23:20:05.127+0800: 1.051: [GC concurrent-mark-start]
2021-08-15T23:20:05.129+0800: 1.053: [GC concurrent-mark-end, 0.0014156 secs]
2021-08-15T23:20:05.129+0800: 1.053: [GC remark 2021-08-15T23:20:05.129+0800: 1.053: [Finalize Marking, 0.0002549 secs] 2021-08-15T23:20:05.129+0800: 1.053: [GC ref-proc, 0.0000655 secs] 2021-08-15T23:20:05.129+0800: 1.053: [Unloading, 0.0005232 secs], 0.0015254 secs]
 [Times: user=0.13 sys=0.00, real=0.00 secs] 
2021-08-15T23:20:05.131+0800: 1.055: [GC cleanup 371M->371M(512M), 0.0014545 secs]
 [Times: user=0.00 sys=0.00, real=0.00 secs] 
2021-08-15T23:20:05.135+0800: 1.059: [GC pause (G1 Evacuation Pause) (young), 0.0024402 secs]
   [Parallel Time: 1.8 ms, GC Workers: 8]
      [GC Worker Start (ms): Min: 1059.0, Avg: 1059.1, Max: 1059.2, Diff: 0.2]
      [Ext Root Scanning (ms): Min: 0.0, Avg: 0.1, Max: 0.2, Diff: 0.1, Sum: 0.9]
      [Update RS (ms): Min: 0.4, Avg: 0.6, Max: 1.5, Diff: 1.1, Sum: 4.5]
         [Processed Buffers: Min: 0, Avg: 5.4, Max: 7, Diff: 7, Sum: 43]
      [Scan RS (ms): Min: 0.0, Avg: 0.0, Max: 0.0, Diff: 0.0, Sum: 0.0]
      [Code Root Scanning (ms): Min: 0.0, Avg: 0.0, Max: 0.0, Diff: 0.0, Sum: 0.0]
      [Object Copy (ms): Min: 0.0, Avg: 1.0, Max: 1.2, Diff: 1.2, Sum: 7.6]
      [Termination (ms): Min: 0.0, Avg: 0.1, Max: 0.2, Diff: 0.2, Sum: 0.7]
         [Termination Attempts: Min: 1, Avg: 1.0, Max: 1, Diff: 0, Sum: 8]
      [GC Worker Other (ms): Min: 0.0, Avg: 0.0, Max: 0.0, Diff: 0.0, Sum: 0.1]
      [GC Worker Total (ms): Min: 1.6, Avg: 1.7, Max: 1.8, Diff: 0.2, Sum: 13.8]
      [GC Worker End (ms): Min: 1060.8, Avg: 1060.8, Max: 1060.8, Diff: 0.0]
   [Code Root Fixup: 0.0 ms]
   [Code Root Purge: 0.0 ms]
   [Clear CT: 0.1 ms]
   [Other: 0.5 ms]
      [Choose CSet: 0.0 ms]
      [Ref Proc: 0.1 ms]
      [Ref Enq: 0.0 ms]
      [Redirty Cards: 0.1 ms]
      [Humongous Register: 0.1 ms]
      [Humongous Reclaim: 0.1 ms]
      [Free CSet: 0.0 ms]
   [Eden: 24.0M(24.0M)->0.0B(21.0M) Survivors: 1024.0K->4096.0K Heap: 383.7M(512.0M)->364.2M(512.0M)]
 [Times: user=0.00 sys=0.00, real=0.00 secs] 
2021-08-15T23:20:05.142+0800: 1.066: [GC pause (G1 Evacuation Pause) (mixed), 0.0037076 secs]
   [Parallel Time: 3.0 ms, GC Workers: 8]
      [GC Worker Start (ms): Min: 1066.2, Avg: 1066.3, Max: 1066.3, Diff: 0.1]
      [Ext Root Scanning (ms): Min: 0.1, Avg: 0.1, Max: 0.2, Diff: 0.1, Sum: 0.9]
      [Update RS (ms): Min: 0.7, Avg: 0.7, Max: 0.7, Diff: 0.1, Sum: 5.5]
         [Processed Buffers: Min: 10, Avg: 10.3, Max: 12, Diff: 2, Sum: 82]
      [Scan RS (ms): Min: 0.0, Avg: 0.0, Max: 0.0, Diff: 0.0, Sum: 0.0]
      [Code Root Scanning (ms): Min: 0.0, Avg: 0.0, Max: 0.0, Diff: 0.0, Sum: 0.0]
      [Object Copy (ms): Min: 1.7, Avg: 1.8, Max: 1.8, Diff: 0.1, Sum: 14.4]
      [Termination (ms): Min: 0.0, Avg: 0.1, Max: 0.1, Diff: 0.1, Sum: 0.6]
         [Termination Attempts: Min: 1, Avg: 1.0, Max: 1, Diff: 0, Sum: 8]
      [GC Worker Other (ms): Min: 0.0, Avg: 0.0, Max: 0.0, Diff: 0.0, Sum: 0.1]
      [GC Worker Total (ms): Min: 2.7, Avg: 2.7, Max: 2.8, Diff: 0.1, Sum: 21.6]
      [GC Worker End (ms): Min: 1069.0, Avg: 1069.0, Max: 1069.0, Diff: 0.0]
   [Code Root Fixup: 0.0 ms]
   [Code Root Purge: 0.0 ms]
   [Clear CT: 0.1 ms]
   [Other: 0.6 ms]
      [Choose CSet: 0.0 ms]
      [Ref Proc: 0.2 ms]
      [Ref Enq: 0.0 ms]
      [Redirty Cards: 0.2 ms]
      [Humongous Register: 0.1 ms]
      [Humongous Reclaim: 0.1 ms]
      [Free CSet: 0.0 ms]
   [Eden: 21.0M(21.0M)->0.0B(21.0M) Survivors: 4096.0K->4096.0K Heap: 394.3M(512.0M)->373.5M(512.0M)]
 [Times: user=0.00 sys=0.00, real=0.00 secs] 
2021-08-15T23:20:05.146+0800: 1.070: [GC pause (G1 Humongous Allocation) (young) (initial-mark), 0.0020663 secs]
   [Parallel Time: 0.9 ms, GC Workers: 8]
      [GC Worker Start (ms): Min: 1070.3, Avg: 1070.4, Max: 1070.5, Diff: 0.2]
      [Ext Root Scanning (ms): Min: 0.0, Avg: 0.2, Max: 0.4, Diff: 0.4, Sum: 1.7]
      [Update RS (ms): Min: 0.0, Avg: 0.1, Max: 0.2, Diff: 0.2, Sum: 0.5]
         [Processed Buffers: Min: 0, Avg: 1.1, Max: 2, Diff: 2, Sum: 9]
      [Scan RS (ms): Min: 0.0, Avg: 0.0, Max: 0.0, Diff: 0.0, Sum: 0.0]
      [Code Root Scanning (ms): Min: 0.0, Avg: 0.0, Max: 0.0, Diff: 0.0, Sum: 0.0]
      [Object Copy (ms): Min: 0.1, Avg: 0.3, Max: 0.4, Diff: 0.3, Sum: 2.3]
      [Termination (ms): Min: 0.0, Avg: 0.1, Max: 0.1, Diff: 0.1, Sum: 0.4]
         [Termination Attempts: Min: 1, Avg: 1.0, Max: 1, Diff: 0, Sum: 8]
      [GC Worker Other (ms): Min: 0.0, Avg: 0.0, Max: 0.0, Diff: 0.0, Sum: 0.0]
      [GC Worker Total (ms): Min: 0.5, Avg: 0.6, Max: 0.7, Diff: 0.2, Sum: 4.9]
      [GC Worker End (ms): Min: 1071.0, Avg: 1071.0, Max: 1071.0, Diff: 0.0]
   [Code Root Fixup: 0.0 ms]
   [Code Root Purge: 0.0 ms]
   [Clear CT: 0.2 ms]
   [Other: 1.0 ms]
      [Choose CSet: 0.0 ms]
      [Ref Proc: 0.1 ms]
      [Ref Enq: 0.0 ms]
      [Redirty Cards: 0.6 ms]
      [Humongous Register: 0.1 ms]
      [Humongous Reclaim: 0.0 ms]
      [Free CSet: 0.0 ms]
   [Eden: 1024.0K(21.0M)->0.0B(25.0M) Survivors: 4096.0K->0.0B Heap: 374.2M(512.0M)->372.7M(512.0M)]
 [Times: user=0.00 sys=0.00, real=0.00 secs] 
2021-08-15T23:20:05.148+0800: 1.072: [GC concurrent-root-region-scan-start]
2021-08-15T23:20:05.148+0800: 1.072: [GC concurrent-root-region-scan-end, 0.0000090 secs]
2021-08-15T23:20:05.148+0800: 1.072: [GC concurrent-mark-start]
2021-08-15T23:20:05.150+0800: 1.074: [GC concurrent-mark-end, 0.0019416 secs]
2021-08-15T23:20:05.151+0800: 1.075: [GC remark 2021-08-15T23:20:05.151+0800: 1.075: [Finalize Marking, 0.0002590 secs] 2021-08-15T23:20:05.151+0800: 1.075: [GC ref-proc, 0.0000893 secs] 2021-08-15T23:20:05.151+0800: 1.075: [Unloading, 0.0005096 secs], 0.0016980 secs]
 [Times: user=0.00 sys=0.00, real=0.00 secs] 
2021-08-15T23:20:05.153+0800: 1.076: [GC cleanup 386M->386M(512M), 0.0012306 secs]
 [Times: user=0.00 sys=0.00, real=0.00 secs] 
2021-08-15T23:20:05.159+0800: 1.083: [GC pause (G1 Evacuation Pause) (young) (to-space exhausted), 0.0027446 secs]
   [Parallel Time: 1.7 ms, GC Workers: 8]
      [GC Worker Start (ms): Min: 1083.0, Avg: 1083.1, Max: 1083.3, Diff: 0.2]
      [Ext Root Scanning (ms): Min: 0.0, Avg: 0.1, Max: 0.2, Diff: 0.2, Sum: 1.0]
      [Update RS (ms): Min: 0.8, Avg: 0.8, Max: 0.8, Diff: 0.0, Sum: 6.4]
         [Processed Buffers: Min: 11, Avg: 11.9, Max: 13, Diff: 2, Sum: 95]
      [Scan RS (ms): Min: 0.0, Avg: 0.0, Max: 0.0, Diff: 0.0, Sum: 0.0]
      [Code Root Scanning (ms): Min: 0.0, Avg: 0.0, Max: 0.0, Diff: 0.0, Sum: 0.0]
      [Object Copy (ms): Min: 0.5, Avg: 0.6, Max: 0.6, Diff: 0.1, Sum: 4.4]
      [Termination (ms): Min: 0.0, Avg: 0.0, Max: 0.0, Diff: 0.0, Sum: 0.2]
         [Termination Attempts: Min: 1, Avg: 1.0, Max: 1, Diff: 0, Sum: 8]
      [GC Worker Other (ms): Min: 0.0, Avg: 0.0, Max: 0.0, Diff: 0.0, Sum: 0.2]
      [GC Worker Total (ms): Min: 1.4, Avg: 1.5, Max: 1.6, Diff: 0.2, Sum: 12.1]
      [GC Worker End (ms): Min: 1084.6, Avg: 1084.6, Max: 1084.6, Diff: 0.0]
   [Code Root Fixup: 0.0 ms]
   [Code Root Purge: 0.0 ms]
   [Clear CT: 0.2 ms]
   [Other: 0.9 ms]
      [Evacuation Failure: 0.3 ms]
      [Choose CSet: 0.0 ms]
      [Ref Proc: 0.2 ms]
      [Ref Enq: 0.0 ms]
      [Redirty Cards: 0.1 ms]
      [Humongous Register: 0.1 ms]
      [Humongous Reclaim: 0.1 ms]
      [Free CSet: 0.0 ms]
   [Eden: 25.0M(25.0M)->0.0B(21.0M) Survivors: 0.0B->4096.0K Heap: 408.6M(512.0M)->394.0M(512.0M)]
 [Times: user=0.11 sys=0.00, real=0.00 secs] 
Heap
 garbage-first heap   total 524288K, used 417651K [0x00000000e0000000, 0x00000000e0101000, 0x0000000100000000)
  region size 1024K, 17 young (17408K), 4 survivors (4096K)
 Metaspace       used 2659K, capacity 4486K, committed 4864K, reserved 1056768K
  class space    used 291K, capacity 386K, committed 512K, reserved 1048576K
