Java HotSpot(TM) 64-Bit Server VM (25.291-b10) for windows-amd64 JRE (1.8.0_291-b10), built on Apr  9 2021 00:02:00 by "java_re" with MS VC++ 15.9 (VS2017)
Memory: 4k page, physical 16669968k(5211800k free), swap 28204304k(14831716k free)
CommandLine flags: -XX:InitialHeapSize=536870912 -XX:MaxHeapSize=536870912 -XX:+PrintGC -XX:+PrintGCDateStamps -XX:+PrintGCDetails -XX:+PrintGCTimeStamps -XX:+UseCompressedClassPointers -XX:+UseCompressedOops -XX:-UseLargePagesIndividualAllocation -XX:+UseParallelGC 
2021-08-13T21:41:35.405+0800: 0.140: [GC (Allocation Failure) [PSYoungGen: 131424K->21500K(153088K)] 131424K->43299K(502784K), 0.0086620 secs] [Times: user=0.02 sys=0.11, real=0.01 secs] 
2021-08-13T21:41:35.436+0800: 0.171: [GC (Allocation Failure) [PSYoungGen: 153084K->21496K(153088K)] 174883K->84995K(502784K), 0.0116895 secs] [Times: user=0.02 sys=0.11, real=0.01 secs] 
2021-08-13T21:41:35.468+0800: 0.203: [GC (Allocation Failure) [PSYoungGen: 152921K->21484K(153088K)] 216419K->128266K(502784K), 0.0119717 secs] [Times: user=0.06 sys=0.06, real=0.01 secs] 
2021-08-13T21:41:35.501+0800: 0.236: [GC (Allocation Failure) [PSYoungGen: 153068K->21498K(153088K)] 259850K->172273K(502784K), 0.0118731 secs] [Times: user=0.08 sys=0.05, real=0.01 secs] 
2021-08-13T21:41:35.533+0800: 0.269: [GC (Allocation Failure) [PSYoungGen: 153082K->21488K(153088K)] 303857K->213840K(502784K), 0.0118229 secs] [Times: user=0.13 sys=0.00, real=0.01 secs] 
2021-08-13T21:41:35.565+0800: 0.301: [GC (Allocation Failure) [PSYoungGen: 153072K->21489K(80384K)] 345424K->254953K(430080K), 0.0114080 secs] [Times: user=0.13 sys=0.00, real=0.01 secs] 
2021-08-13T21:41:35.585+0800: 0.321: [GC (Allocation Failure) [PSYoungGen: 80011K->33053K(116736K)] 313475K->271950K(466432K), 0.0070131 secs] [Times: user=0.00 sys=0.00, real=0.01 secs] 
2021-08-13T21:41:35.600+0800: 0.335: [GC (Allocation Failure) [PSYoungGen: 91933K->50104K(116736K)] 330830K->295798K(466432K), 0.0104777 secs] [Times: user=0.00 sys=0.00, real=0.01 secs] 
2021-08-13T21:41:35.620+0800: 0.356: [GC (Allocation Failure) [PSYoungGen: 108978K->56264K(116736K)] 354672K->308799K(466432K), 0.0115176 secs] [Times: user=0.08 sys=0.02, real=0.01 secs] 
2021-08-13T21:41:35.641+0800: 0.377: [GC (Allocation Failure) [PSYoungGen: 115144K->41248K(116736K)] 367679K->330108K(466432K), 0.0138578 secs] [Times: user=0.05 sys=0.08, real=0.01 secs] 
2021-08-13T21:41:35.655+0800: 0.391: [Full GC (Ergonomics) [PSYoungGen: 41248K->0K(116736K)] [ParOldGen: 288860K->236206K(349696K)] 330108K->236206K(466432K), [Metaspace: 2653K->2653K(1056768K)], 0.0455788 secs] [Times: user=0.36 sys=0.02, real=0.05 secs] 
2021-08-13T21:41:35.711+0800: 0.447: [GC (Allocation Failure) [PSYoungGen: 58592K->20890K(116736K)] 294798K->257097K(466432K), 0.0040106 secs] [Times: user=0.00 sys=0.00, real=0.01 secs] 
2021-08-13T21:41:35.726+0800: 0.462: [GC (Allocation Failure) [PSYoungGen: 79645K->25041K(116736K)] 315851K->280287K(466432K), 0.0077982 secs] [Times: user=0.00 sys=0.00, real=0.01 secs] 
2021-08-13T21:41:35.744+0800: 0.479: [GC (Allocation Failure) [PSYoungGen: 83921K->19503K(116736K)] 339167K->298340K(466432K), 0.0077179 secs] [Times: user=0.00 sys=0.00, real=0.01 secs] 
2021-08-13T21:41:35.761+0800: 0.496: [GC (Allocation Failure) [PSYoungGen: 78361K->23856K(116736K)] 357198K->320775K(466432K), 0.0075529 secs] [Times: user=0.00 sys=0.00, real=0.01 secs] 
2021-08-13T21:41:35.778+0800: 0.513: [GC (Allocation Failure) [PSYoungGen: 82697K->19179K(116736K)] 379617K->338688K(466432K), 0.0080087 secs] [Times: user=0.06 sys=0.05, real=0.01 secs] 
2021-08-13T21:41:35.786+0800: 0.521: [Full GC (Ergonomics) [PSYoungGen: 19179K->0K(116736K)] [ParOldGen: 319508K->276485K(349696K)] 338688K->276485K(466432K), [Metaspace: 2653K->2653K(1056768K)], 0.0493356 secs] [Times: user=0.36 sys=0.00, real=0.05 secs] 
2021-08-13T21:41:35.848+0800: 0.583: [GC (Allocation Failure) [PSYoungGen: 58880K->19868K(116736K)] 335365K->296354K(466432K), 0.0037693 secs] [Times: user=0.13 sys=0.00, real=0.00 secs] 
2021-08-13T21:41:35.862+0800: 0.597: [GC (Allocation Failure) [PSYoungGen: 78748K->19376K(116736K)] 355234K->315077K(466432K), 0.0069467 secs] [Times: user=0.13 sys=0.00, real=0.01 secs] 
2021-08-13T21:41:35.879+0800: 0.614: [GC (Allocation Failure) [PSYoungGen: 78004K->23600K(116736K)] 373705K->337825K(466432K), 0.0075213 secs] [Times: user=0.11 sys=0.00, real=0.01 secs] 
2021-08-13T21:41:35.886+0800: 0.621: [Full GC (Ergonomics) [PSYoungGen: 23600K->0K(116736K)] [ParOldGen: 314224K->290315K(349696K)] 337825K->290315K(466432K), [Metaspace: 2653K->2653K(1056768K)], 0.0510409 secs] [Times: user=0.34 sys=0.00, real=0.05 secs] 
2021-08-13T21:41:35.948+0800: 0.684: [GC (Allocation Failure) [PSYoungGen: 58858K->25353K(116736K)] 349173K->315669K(466432K), 0.0046176 secs] [Times: user=0.00 sys=0.00, real=0.00 secs] 
2021-08-13T21:41:35.964+0800: 0.700: [GC (Allocation Failure) [PSYoungGen: 84165K->17414K(116736K)] 374480K->331778K(466432K), 0.0072960 secs] [Times: user=0.00 sys=0.00, real=0.01 secs] 
2021-08-13T21:41:35.971+0800: 0.707: [Full GC (Ergonomics) [PSYoungGen: 17414K->0K(116736K)] [ParOldGen: 314364K->307789K(349696K)] 331778K->307789K(466432K), [Metaspace: 2653K->2653K(1056768K)], 0.0536487 secs] [Times: user=0.39 sys=0.00, real=0.05 secs] 
2021-08-13T21:41:36.037+0800: 0.773: [GC (Allocation Failure) [PSYoungGen: 58880K->22222K(116736K)] 366669K->330011K(466432K), 0.0041373 secs] [Times: user=0.00 sys=0.00, real=0.00 secs] 
2021-08-13T21:41:36.052+0800: 0.788: [GC (Allocation Failure) [PSYoungGen: 80804K->19828K(116736K)] 388594K->348533K(466432K), 0.0074340 secs] [Times: user=0.00 sys=0.00, real=0.01 secs] 
2021-08-13T21:41:36.060+0800: 0.795: [Full GC (Ergonomics) [PSYoungGen: 19828K->0K(116736K)] [ParOldGen: 328705K->311977K(349696K)] 348533K->311977K(466432K), [Metaspace: 2653K->2653K(1056768K)], 0.0540706 secs] [Times: user=0.38 sys=0.00, real=0.05 secs] 
2021-08-13T21:41:36.128+0800: 0.863: [Full GC (Ergonomics) [PSYoungGen: 58880K->0K(116736K)] [ParOldGen: 311977K->319711K(349696K)] 370857K->319711K(466432K), [Metaspace: 2653K->2653K(1056768K)], 0.0561031 secs] [Times: user=0.38 sys=0.00, real=0.06 secs] 
2021-08-13T21:41:36.195+0800: 0.930: [Full GC (Ergonomics) [PSYoungGen: 58880K->0K(116736K)] [ParOldGen: 319711K->324674K(349696K)] 378591K->324674K(466432K), [Metaspace: 2653K->2653K(1056768K)], 0.0558482 secs] [Times: user=0.36 sys=0.00, real=0.06 secs] 
2021-08-13T21:41:36.264+0800: 0.999: [Full GC (Ergonomics) [PSYoungGen: 58729K->0K(116736K)] [ParOldGen: 324674K->323722K(349696K)] 383404K->323722K(466432K), [Metaspace: 2653K->2653K(1056768K)], 0.0568356 secs] [Times: user=0.47 sys=0.00, real=0.06 secs] 
2021-08-13T21:41:36.334+0800: 1.070: [Full GC (Ergonomics) [PSYoungGen: 58646K->0K(116736K)] [ParOldGen: 323722K->325599K(349696K)] 382369K->325599K(466432K), [Metaspace: 2653K->2653K(1056768K)], 0.0604251 secs] [Times: user=0.28 sys=0.00, real=0.06 secs] 
Heap
 PSYoungGen      total 116736K, used 2713K [0x00000000f5580000, 0x0000000100000000, 0x0000000100000000)
  eden space 58880K, 4% used [0x00000000f5580000,0x00000000f5826438,0x00000000f8f00000)
  from space 57856K, 0% used [0x00000000fc780000,0x00000000fc780000,0x0000000100000000)
  to   space 57856K, 0% used [0x00000000f8f00000,0x00000000f8f00000,0x00000000fc780000)
 ParOldGen       total 349696K, used 325599K [0x00000000e0000000, 0x00000000f5580000, 0x00000000f5580000)
  object space 349696K, 93% used [0x00000000e0000000,0x00000000f3df7ef0,0x00000000f5580000)
 Metaspace       used 2659K, capacity 4486K, committed 4864K, reserved 1056768K
  class space    used 291K, capacity 386K, committed 512K, reserved 1048576K
