Java HotSpot(TM) 64-Bit Server VM (25.291-b10) for windows-amd64 JRE (1.8.0_291-b10), built on Apr  9 2021 00:02:00 by "java_re" with MS VC++ 15.9 (VS2017)
Memory: 4k page, physical 16669968k(6582636k free), swap 28204304k(17180320k free)
CommandLine flags: -XX:InitialHeapSize=536870912 -XX:MaxHeapSize=536870912 -XX:+PrintGC -XX:+PrintGCDateStamps -XX:+PrintGCDetails -XX:+PrintGCTimeStamps -XX:+UseCompressedClassPointers -XX:+UseCompressedOops -XX:-UseLargePagesIndividualAllocation -XX:+UseSerialGC 
2021-08-15T23:12:09.910+0800: 0.141: [GC (Allocation Failure) 2021-08-15T23:12:09.910+0800: 0.141: [DefNew: 139776K->17472K(157248K), 0.0230577 secs] 139776K->46524K(506816K), 0.0232101 secs] [Times: user=0.02 sys=0.01, real=0.02 secs] 
2021-08-15T23:12:09.954+0800: 0.184: [GC (Allocation Failure) 2021-08-15T23:12:09.954+0800: 0.184: [DefNew: 157248K->17469K(157248K), 0.0273492 secs] 186300K->98387K(506816K), 0.0274311 secs] [Times: user=0.00 sys=0.03, real=0.03 secs] 
2021-08-15T23:12:10.001+0800: 0.232: [GC (Allocation Failure) 2021-08-15T23:12:10.001+0800: 0.232: [DefNew: 157245K->17471K(157248K), 0.0210907 secs] 238163K->142444K(506816K), 0.0211730 secs] [Times: user=0.03 sys=0.00, real=0.02 secs] 
2021-08-15T23:12:10.043+0800: 0.274: [GC (Allocation Failure) 2021-08-15T23:12:10.043+0800: 0.274: [DefNew: 157247K->17471K(157248K), 0.0195625 secs] 282220K->185535K(506816K), 0.0196449 secs] [Times: user=0.02 sys=0.00, real=0.02 secs] 
2021-08-15T23:12:10.083+0800: 0.314: [GC (Allocation Failure) 2021-08-15T23:12:10.083+0800: 0.314: [DefNew: 157247K->17471K(157248K), 0.0215843 secs] 325311K->232508K(506816K), 0.0216686 secs] [Times: user=0.00 sys=0.02, real=0.02 secs] 
2021-08-15T23:12:10.126+0800: 0.357: [GC (Allocation Failure) 2021-08-15T23:12:10.126+0800: 0.357: [DefNew: 157097K->17470K(157248K), 0.0207358 secs] 372134K->278634K(506816K), 0.0208163 secs] [Times: user=0.00 sys=0.03, real=0.02 secs] 
2021-08-15T23:12:10.166+0800: 0.397: [GC (Allocation Failure) 2021-08-15T23:12:10.166+0800: 0.397: [DefNew: 157246K->17471K(157248K), 0.0196860 secs] 418410K->321405K(506816K), 0.0197672 secs] [Times: user=0.00 sys=0.02, real=0.02 secs] 
2021-08-15T23:12:10.204+0800: 0.435: [GC (Allocation Failure) 2021-08-15T23:12:10.204+0800: 0.435: [DefNew: 157247K->157247K(157248K), 0.0000154 secs]2021-08-15T23:12:10.204+0800: 0.435: [Tenured: 303934K->268582K(349568K), 0.0397220 secs] 461181K->268582K(506816K), [Metaspace: 2653K->2653K(1056768K)], 0.0398474 secs] [Times: user=0.05 sys=0.00, real=0.04 secs] 
2021-08-15T23:12:10.262+0800: 0.493: [GC (Allocation Failure) 2021-08-15T23:12:10.262+0800: 0.493: [DefNew: 139776K->17471K(157248K), 0.0074094 secs] 408358K->314644K(506816K), 0.0074884 secs] [Times: user=0.02 sys=0.00, real=0.01 secs] 
2021-08-15T23:12:10.287+0800: 0.518: [GC (Allocation Failure) 2021-08-15T23:12:10.287+0800: 0.518: [DefNew: 157247K->17471K(157248K), 0.0197350 secs] 454420K->362249K(506816K), 0.0198171 secs] [Times: user=0.02 sys=0.00, real=0.02 secs] 
2021-08-15T23:12:10.327+0800: 0.558: [GC (Allocation Failure) 2021-08-15T23:12:10.327+0800: 0.558: [DefNew: 157247K->157247K(157248K), 0.0000152 secs]2021-08-15T23:12:10.327+0800: 0.558: [Tenured: 344777K->315583K(349568K), 0.0474007 secs] 502025K->315583K(506816K), [Metaspace: 2653K->2653K(1056768K)], 0.0475139 secs] [Times: user=0.05 sys=0.00, real=0.05 secs] 
2021-08-15T23:12:10.393+0800: 0.624: [GC (Allocation Failure) 2021-08-15T23:12:10.393+0800: 0.624: [DefNew: 139776K->139776K(157248K), 0.0000152 secs]2021-08-15T23:12:10.393+0800: 0.624: [Tenured: 315583K->324660K(349568K), 0.0501268 secs] 455359K->324660K(506816K), [Metaspace: 2653K->2653K(1056768K)], 0.0502370 secs] [Times: user=0.06 sys=0.00, real=0.05 secs] 
2021-08-15T23:12:10.463+0800: 0.694: [GC (Allocation Failure) 2021-08-15T23:12:10.463+0800: 0.694: [DefNew: 139776K->139776K(157248K), 0.0000151 secs]2021-08-15T23:12:10.463+0800: 0.694: [Tenured: 324660K->320885K(349568K), 0.0536871 secs] 464436K->320885K(506816K), [Metaspace: 2653K->2653K(1056768K)], 0.0538024 secs] [Times: user=0.05 sys=0.00, real=0.05 secs] 
2021-08-15T23:12:10.537+0800: 0.768: [GC (Allocation Failure) 2021-08-15T23:12:10.537+0800: 0.768: [DefNew: 139776K->139776K(157248K), 0.0000159 secs]2021-08-15T23:12:10.537+0800: 0.768: [Tenured: 320885K->345419K(349568K), 0.0358189 secs] 460661K->345419K(506816K), [Metaspace: 2653K->2653K(1056768K)], 0.0359399 secs] [Times: user=0.03 sys=0.00, real=0.04 secs] 
2021-08-15T23:12:10.594+0800: 0.824: [GC (Allocation Failure) 2021-08-15T23:12:10.594+0800: 0.824: [DefNew: 139743K->139743K(157248K), 0.0000150 secs]2021-08-15T23:12:10.594+0800: 0.824: [Tenured: 345419K->349530K(349568K), 0.0433734 secs] 485162K->352345K(506816K), [Metaspace: 2653K->2653K(1056768K)], 0.0434820 secs] [Times: user=0.05 sys=0.00, real=0.04 secs] 
2021-08-15T23:12:10.657+0800: 0.889: [Full GC (Allocation Failure) 2021-08-15T23:12:10.657+0800: 0.889: [Tenured: 349530K->349432K(349568K), 0.0491324 secs] 506285K->360490K(506816K), [Metaspace: 2653K->2653K(1056768K)], 0.0492214 secs] [Times: user=0.06 sys=0.00, real=0.05 secs] 
2021-08-15T23:12:10.727+0800: 0.958: [Full GC (Allocation Failure) 2021-08-15T23:12:10.727+0800: 0.958: [Tenured: 349432K->349333K(349568K), 0.0577336 secs] 506407K->355622K(506816K), [Metaspace: 2653K->2653K(1056768K)], 0.0578281 secs] [Times: user=0.05 sys=0.00, real=0.06 secs] 
2021-08-15T23:12:10.805+0800: 1.036: [Full GC (Allocation Failure) 2021-08-15T23:12:10.805+0800: 1.036: [Tenured: 349333K->349517K(349568K), 0.0444996 secs] 506570K->374973K(506816K), [Metaspace: 2653K->2653K(1056768K)], 0.0445864 secs] [Times: user=0.05 sys=0.00, real=0.04 secs] 
Heap
 def new generation   total 157248K, used 31338K [0x00000000e0000000, 0x00000000eaaa0000, 0x00000000eaaa0000)
  eden space 139776K,  22% used [0x00000000e0000000, 0x00000000e1e9ab38, 0x00000000e8880000)
  from space 17472K,   0% used [0x00000000e9990000, 0x00000000e9990000, 0x00000000eaaa0000)
  to   space 17472K,   0% used [0x00000000e8880000, 0x00000000e8880000, 0x00000000e9990000)
 tenured generation   total 349568K, used 349517K [0x00000000eaaa0000, 0x0000000100000000, 0x0000000100000000)
   the space 349568K,  99% used [0x00000000eaaa0000, 0x00000000ffff3780, 0x00000000ffff3800, 0x0000000100000000)
 Metaspace       used 2659K, capacity 4486K, committed 4864K, reserved 1056768K
  class space    used 291K, capacity 386K, committed 512K, reserved 1048576K
